<?xml version="1.0" encoding="utf-8"?><testsuites name="pytest tests"><testsuite name="pytest" errors="0" failures="1" skipped="57" tests="3254" time="47.574" timestamp="2026-09-08T09:06:42.980834+02:00" hostname="RAM-Monster"><testcase classname="tests.ci.test_ci_paths.TestRequiredFilesExist" name="test_requirements_dev_exists" time="0.006" /><testcase classname="tests.docker.test_entrypoint.TestEntrypointExists" name="test_entrypoint_exists" time="0.007" /><testcase classname="tests.docker.test_entrypoint.TestEntrypointExists" name="test_entrypoint_is_file" time="0.003" /><testcase classname="tests.ci.test_ci_paths.TestRequiredFilesExist" name="test_pyproject_toml_exists" time="0.002" /><testcase classname="tests.ci.test_ci_paths.TestRequiredFilesExist" name="test_src_directory_exists" time="0.002" /><testcase classname="tests.docker.test_entrypoint.TestEntrypointExists" name="test_entrypoint_is_readable" time="0.003" /><testcase classname="tests.ci.test_ci_paths.TestRequiredFilesExist" name="test_tests_directory_exists" time="0.002" /><testcase classname="tests.ci.test_ci_paths.TestSourcePaths" name="test_lint_source_path_exists" time="0.002" /><testcase classname="tests.ci.test_ci_paths.TestSourcePaths" name="test_tests_path_exists" time="0.002" /><testcase classname="tests.ci.test_ci_paths.TestPytestMarkers" name="test_slow_marker_defined" time="0.006" /><testcase classname="tests.integration.test_api_uploads.TestListFiles" name="test_list_files_empty" time="0.029" /><testcase classname="tests.docker.test_entrypoint.TestEntrypointExists" name="test_entrypoint_is_executable" time="0.003" /><testcase classname="tests.docker.test_entrypoint.TestEntrypointSyntax" name="test_entrypoint_has_valid_syntax" time="0.007" /><testcase classname="tests.docker.test_entrypoint.TestEntrypointShebang" name="test_entrypoint_has_shebang" time="0.003" /><testcase classname="tests.ci.test_ci_paths.TestPytestMarkers" name="test_gpu_marker_defined" time="0.007" /><testcase classname="tests.docker.test_entrypoint.TestEntrypointShebang" name="test_entrypoint_shebang_uses_bash" time="0.003" /><testcase classname="tests.docker.test_entrypoint.TestEntrypointSettings" name="test_entrypoint_has_strict_mode" time="0.002" /><testcase classname="tests.integration.test_api_uploads.TestListFiles" name="test_list_files_with_files" time="0.026" /><testcase classname="tests.integration.test_api_auth.TestRegisterEndpoint" name="test_register_success" time="0.319" /><testcase classname="tests.ci.test_ci_paths.TestPytestMarkers" name="test_integration_marker_defined" time="0.006" /><testcase classname="tests.docker.test_entrypoint.TestEntrypointSignalHandling" name="test_entrypoint_has_signal_handler" time="0.003" /><testcase classname="tests.docker.test_entrypoint.TestEntrypointSignalHandling" name="test_entrypoint_handles_sigterm" time="0.002" /><testcase classname="tests.ci.test_ci_paths.TestCoverageConfiguration" name="test_coverage_source_matches_lint_path" time="0.006" /><testcase classname="tests.docker.test_entrypoint.TestEntrypointSignalHandling" name="test_entrypoint_handles_sigint" time="0.002" /><testcase classname="tests.docker.test_entrypoint.TestEntrypointSignalHandling" name="test_entrypoint_has_cleanup_function" time="0.002" /><testcase classname="tests.docker.test_entrypoint.TestEntrypointLogging" name="test_entrypoint_has_log_info" time="0.002" /><testcase classname="tests.docker.test_entrypoint.TestEntrypointLogging" name="test_entrypoint_has_log_error" time="0.002" /><testcase classname="tests.docker.test_entrypoint.TestEntrypointLogging" name="test_entrypoint_has_log_warning" time="0.002" /><testcase classname="tests.integration.test_api_uploads.TestListFiles" name="test_list_files_excludes_non_video" time="0.018" /><testcase classname="tests.docker.test_entrypoint.TestEntrypointLogging" name="test_entrypoint_has_log_success" time="0.002" /><testcase classname="tests.docker.test_entrypoint.TestEntrypointFunctions" name="test_entrypoint_has_main_function" time="0.002" /><testcase classname="tests.docker.test_entrypoint.TestEntrypointFunctions" name="test_entrypoint_has_setup_directories" time="0.002" /><testcase classname="tests.docker.test_entrypoint.TestEntrypointFunctions" name="test_entrypoint_has_check_gpu" time="0.002" /><testcase classname="tests.docker.test_entrypoint.TestEntrypointFunctions" name="test_entrypoint_has_load_env" time="0.002" /><testcase classname="tests.integration.test_api_uploads.TestListFiles" name="test_list_files_sorted_by_time" time="0.051" /><testcase classname="tests.docker.test_entrypoint.TestEntrypointFunctions" name="test_entrypoint_calls_main" time="0.002" /><testcase classname="tests.docker.test_entrypoint.TestEntrypointCommands" name="test_entrypoint_has_serve_command" time="0.002" /><testcase classname="tests.docker.test_entrypoint.TestEntrypointCommands" name="test_entrypoint_has_convert_command" time="0.002" /><testcase classname="tests.docker.test_entrypoint.TestEntrypointCommands" name="test_entrypoint_has_batch_command" time="0.002" /><testcase classname="tests.docker.test_entrypoint.TestEntrypointCommands" name="test_entrypoint_has_shell_command" time="0.002" /><testcase classname="tests.docker.test_entrypoint.TestEntrypointCommands" name="test_entrypoint_has_help_command" time="0.003" /><testcase classname="tests.ci.test_ci_paths.TestPythonVersionSupport" name="test_requires_python_matches_matrix" time="0.060" /><testcase classname="tests.docker.test_entrypoint.TestEntrypointGPUDetection" name="test_entrypoint_checks_nvidia_smi" time="0.002" /><testcase classname="tests.docker.test_entrypoint.TestEntrypointGPUDetection" name="test_entrypoint_sets_no_gpu_env" time="0.002" /><testcase classname="tests.docker.test_entrypoint.TestEntrypointDirectories" name="test_entrypoint_creates_inputs_dir" time="0.002" /><testcase classname="tests.ci.test_ci_paths.TestLintingToolConfig" name="test_black_config_exists" time="0.005" /><testcase classname="tests.docker.test_entrypoint.TestEntrypointDirectories" name="test_entrypoint_creates_outputs_dir" time="0.003" /><testcase classname="tests.ci.test_ci_paths.TestLintingToolConfig" name="test_ruff_config_exists" time="0.005" /><testcase classname="tests.docker.test_entrypoint.TestEntrypointDirectories" name="test_entrypoint_creates_logs_dir" time="0.002" /><testcase classname="tests.docker.test_entrypoint.TestEntrypointDirectories" name="test_entrypoint_creates_models_dir" time="0.002" /><testcase classname="tests.ci.test_ci_paths.TestLintingToolConfig" name="test_isort_config_exists_or_via_ruff" time="0.005" /><testcase classname="tests.docker.test_entrypoint.TestEntrypointDirectories" name="test_entrypoint_has_app_dir_constant" time="0.002" /><testcase classname="tests.ci.test_ci_paths.TestSystemDependencies" name="test_ffmpeg_is_documented_requirement" time="0.002" /><testcase classname="tests.docker.test_entrypoint.TestEntrypointDirectories" name="test_entrypoint_uses_mkdir" time="0.003" /><testcase classname="tests.integration.test_api_uploads.TestUploadSecurity" name="test_path_traversal_in_filename_sanitized" time="0.016" /><testcase classname="tests.docker.test_entrypoint.TestEntrypointDirectories" name="test_entrypoint_reads_env_file" time="0.002" /><testcase classname="tests.docker.test_entrypoint.TestEntrypointDirectories" name="test_entrypoint_exports_env_vars" time="0.002" /><testcase classname="tests.docker.test_entrypoint.TestEntrypointDirectories" name="test_entrypoint_handles_env_values_with_spaces" time="0.002" /><testcase classname="tests.docker.test_entrypoint.TestEntrypointExec" name="test_entrypoint_uses_exec" time="0.002" /><testcase classname="tests.docker.test_entrypoint.TestEntrypointExec" name="test_entrypoint_does_not_exit_explicitly" time="0.002" /><testcase classname="tests.integration.test_api_uploads.TestUploadSecurity" name="test_special_characters_in_filename" time="0.018" /><testcase classname="tests.docker.test_entrypoint.TestEntrypointBanner" name="test_entrypoint_has_banner" time="0.002" /><testcase classname="tests.docker.test_entrypoint.TestEntrypointBanner" name="test_entrypoint_has_app_name_in_banner" time="0.002" /><testcase classname="tests.docker.test_entrypoint.TestEntrypointColors" name="test_entrypoint_has_color_constants" time="0.002" /><testcase classname="tests.docker.test_entrypoint.TestEntrypointColors" name="test_entrypoint_has_no_color_constant" time="0.003" /><testcase classname="tests.docker.test_healthcheck.TestHealthcheckExists" name="test_healthcheck_exists" time="0.002" /><testcase classname="tests.docker.test_healthcheck.TestHealthcheckExists" name="test_healthcheck_is_file" time="0.002" /><testcase classname="tests.docker.test_healthcheck.TestHealthcheckExists" name="test_healthcheck_is_readable" time="0.002" /><testcase classname="tests.docker.test_healthcheck.TestHealthcheckExists" name="test_healthcheck_is_executable" time="0.002" /><testcase classname="tests.docker.test_healthcheck.TestHealthcheckSyntax" name="test_healthcheck_has_valid_syntax" time="0.006" /><testcase classname="tests.ci.test_ci_paths.TestWorkflowUsesCorrectCoveragePath" name="test_coverage_path_matches_source" time="0.056" /><testcase classname="tests.ci.test_ci_workflow.TestCIWorkflowSyntax" name="test_workflow_file_exists" time="0.002" /><testcase classname="tests.integration.test_depth_estimation.TestModelLoadingFlow" name="test_load_model_small_uses_small_transform" time="0.030" /><testcase classname="tests.docker.test_healthcheck.TestHealthcheckShebang" name="test_healthcheck_has_shebang" time="0.002" /><testcase classname="tests.docker.test_healthcheck.TestHealthcheckShebang" name="test_healthcheck_shebang_uses_bash" time="0.002" /><testcase classname="tests.docker.test_healthcheck.TestHealthcheckSettings" name="test_healthcheck_avoids_set_e" time="0.002" /><testcase classname="tests.docker.test_healthcheck.TestHealthcheckSettings" name="test_healthcheck_uses_pipefail_safely" time="0.002" /><testcase classname="tests.docker.test_healthcheck.TestHealthcheckFunctions" name="test_healthcheck_has_main_function" time="0.003" /><testcase classname="tests.docker.test_healthcheck.TestHealthcheckFunctions" name="test_healthcheck_has_check_cli" time="0.002" /><testcase classname="tests.docker.test_healthcheck.TestHealthcheckFunctions" name="test_healthcheck_has_check_directories" time="0.002" /><testcase classname="tests.integration.test_depth_estimation.TestModelLoadingFlow" name="test_load_model_dpt_uses_dpt_transform" time="0.023" /><testcase classname="tests.docker.test_healthcheck.TestHealthcheckFunctions" name="test_healthcheck_has_check_disk_space" time="0.002" /><testcase classname="tests.docker.test_healthcheck.TestHealthcheckFunctions" name="test_healthcheck_has_check_api_server" time="0.002" /><testcase classname="tests.docker.test_healthcheck.TestHealthcheckFunctions" name="test_healthcheck_has_check_curl" time="0.002" /><testcase classname="tests.docker.test_healthcheck.TestHealthcheckFunctions" name="test_healthcheck_calls_main" time="0.002" /><testcase classname="tests.docker.test_healthcheck.TestHealthcheckCLI" name="test_healthcheck_checks_video2d3d_command" time="0.002" /><testcase classname="tests.docker.test_healthcheck.TestHealthcheckDirectories" name="test_healthcheck_checks_app_inputs" time="0.002" /><testcase classname="tests.docker.test_healthcheck.TestHealthcheckDirectories" name="test_healthcheck_checks_app_outputs" time="0.002" /><testcase classname="tests.integration.test_depth_estimation.TestModelLoadingFlow" name="test_load_model_failure_raises_model_load_error" time="0.023" /><testcase classname="tests.docker.test_healthcheck.TestHealthcheckDirectories" name="test_healthcheck_checks_app_logs" time="0.002" /><testcase classname="tests.docker.test_healthcheck.TestHealthcheckDirectories" name="test_healthcheck_uses_d_flag" time="0.002" /><testcase classname="tests.ci.test_ci_workflow.TestCIWorkflowSyntax" name="test_workflow_is_valid_yaml" time="0.056" /><testcase classname="tests.docker.test_healthcheck.TestHealthcheckDiskSpace" name="test_healthcheck_uses_df_command" time="0.002" /><testcase classname="tests.docker.test_healthcheck.TestHealthcheckDiskSpace" name="test_healthcheck_checks_app_directory" time="0.002" /><testcase classname="tests.docker.test_healthcheck.TestHealthcheckDiskSpace" name="test_healthcheck_has_minimum_space_threshold" time="0.002" /><testcase classname="tests.docker.test_healthcheck.TestHealthcheckAPI" name="test_healthcheck_uses_curl" time="0.002" /><testcase classname="tests.docker.test_healthcheck.TestHealthcheckAPI" name="test_healthcheck_checks_health_endpoint" time="0.002" /><testcase classname="tests.docker.test_healthcheck.TestHealthcheckAPI" name="test_healthcheck_has_timeout" time="0.002" /><testcase classname="tests.docker.test_healthcheck.TestHealthcheckAPI" name="test_healthcheck_uses_localhost" time="0.002" /><testcase classname="tests.docker.test_healthcheck.TestHealthcheckAPI" name="test_healthcheck_checks_port_8000" time="0.002" /><testcase classname="tests.docker.test_healthcheck.TestHealthcheckExitCodes" name="test_healthcheck_exits_0_on_success" time="0.002" /><testcase classname="tests.docker.test_healthcheck.TestHealthcheckExitCodes" name="test_healthcheck_exits_1_on_failure" time="0.002" /><testcase classname="tests.docker.test_healthcheck.TestHealthcheckCounting" name="test_healthcheck_tracks_passed_checks" time="0.002" /><testcase classname="tests.docker.test_healthcheck.TestHealthcheckCounting" name="test_healthcheck_tracks_total_checks" time="0.002" /><testcase classname="tests.docker.test_healthcheck.TestHealthcheckCounting" name="test_healthcheck_calculates_threshold" time="0.002" /><testcase classname="tests.docker.test_healthcheck.TestHealthcheckCounting" name="test_healthcheck_handles_arithmetic_safely" time="0.002" /><testcase classname="tests.docker.test_healthcheck.TestHealthcheckModeSupport" name="test_healthcheck_supports_serve_mode" time="0.002" /><testcase classname="tests.docker.test_healthcheck.TestHealthcheckModeSupport" name="test_healthcheck_accepts_mode_argument" time="0.002" /><testcase classname="tests.docker.test_healthcheck.TestHealthcheckConstants" name="test_healthcheck_has_default_host" time="0.002" /><testcase classname="tests.ci.test_ci_workflow.TestCIWorkflowSyntax" name="test_workflow_has_name" time="0.061" /><testcase classname="tests.docker.test_healthcheck.TestHealthcheckConstants" name="test_healthcheck_has_default_port" time="0.002" /><testcase classname="tests.docker.test_healthcheck.TestHealthcheckConstants" name="test_healthcheck_has_default_timeout" time="0.002" /><testcase classname="tests.docker.test_healthcheck.TestHealthcheckRobustness" name="test_healthcheck_silences_errors" time="0.002" /><testcase classname="tests.docker.test_healthcheck.TestHealthcheckRobustness" name="test_healthcheck_handles_missing_commands" time="0.002" /><testcase classname="tests.docker.test_healthcheck.TestHealthcheckRobustness" name="test_healthcheck_uses_readonly_for_constants" time="0.002" /><testcase classname="tests.docker.test_healthcheck.TestHealthcheckPython" name="test_healthcheck_checks_python" time="0.002" /><testcase classname="tests.integration.test_api_auth.TestRegisterEndpoint" name="test_register_duplicate_username" time="0.270" /><testcase classname="tests.docs.test_developer_guide.TestDeveloperGuideExists" name="test_developer_guide_file_exists" time="0.002" /><testcase classname="tests.docs.test_developer_guide.TestDeveloperGuideExists" name="test_developer_guide_not_empty" time="0.002" /><testcase classname="tests.docs.test_developer_guide.TestDeveloperGuideExists" name="test_developer_guide_has_version" time="0.002" /><testcase classname="tests.docs.test_developer_guide.TestDeveloperGuideStructure" name="test_has_table_of_contents" time="0.002" /><testcase classname="tests.docs.test_developer_guide.TestDeveloperGuideStructure" name="test_has_all_required_sections" time="0.004" /><testcase classname="tests.docs.test_developer_guide.TestDeveloperGuideStructure" name="test_section_hierarchy" time="0.004" /><testcase classname="tests.docs.test_developer_guide.TestDeveloperGuideStructure" name="test_has_architecture_diagram" time="0.002" /><testcase classname="tests.docs.test_developer_guide.TestDeveloperGuideStructure" name="test_has_processing_pipeline" time="0.002" /><testcase classname="tests.docs.test_developer_guide.TestDeveloperGuideCodeBlocks" name="test_code_blocks_balanced" time="0.002" /><testcase classname="tests.docs.test_developer_guide.TestDeveloperGuideCodeBlocks" name="test_yaml_code_blocks_valid" time="0.003" /><testcase classname="tests.ci.test_ci_workflow.TestCIWorkflowSyntax" name="test_workflow_has_on_triggers" time="0.058" /><testcase classname="tests.docs.test_developer_guide.TestDeveloperGuideCodeBlocks" name="test_python_code_blocks_syntax" time="0.004" /><testcase classname="tests.docs.test_developer_guide.TestDeveloperGuideCodeBlocks" name="test_bash_code_blocks_present" time="0.002" /><testcase classname="tests.docs.test_developer_guide.TestDeveloperGuideCodeBlocks" name="test_has_import_examples" time="0.002" /><testcase classname="tests.docs.test_developer_guide.TestDeveloperGuideModuleDocumentation" name="test_video_module_documented" time="0.002" /><testcase classname="tests.docs.test_developer_guide.TestDeveloperGuideModuleDocumentation" name="test_depth_module_documented" time="0.002" /><testcase classname="tests.docs.test_developer_guide.TestDeveloperGuideModuleDocumentation" name="test_stereo_module_documented" time="0.002" /><testcase classname="tests.docs.test_developer_guide.TestDeveloperGuideModuleDocumentation" name="test_core_module_documented" time="0.002" /><testcase classname="tests.docs.test_developer_guide.TestDeveloperGuideModuleDocumentation" name="test_web_api_module_documented" time="0.002" /><testcase classname="tests.docs.test_developer_guide.TestDeveloperGuideModuleDocumentation" name="test_batch_module_documented" time="0.002" /><testcase classname="tests.docs.test_developer_guide.TestDeveloperGuideAPIReferences" name="test_depth_processor_config_exists" time="0.002" /><testcase classname="tests.docs.test_developer_guide.TestDeveloperGuideAPIReferences" name="test_depth_map_processor_exists" time="0.002" /><testcase classname="tests.docs.test_developer_guide.TestDeveloperGuideAPIReferences" name="test_dibr_engine_exists" time="0.002" /><testcase classname="tests.docs.test_developer_guide.TestDeveloperGuideAPIReferences" name="test_dibr_config_exists" time="0.002" /><testcase classname="tests.docs.test_developer_guide.TestDeveloperGuideAPIReferences" name="test_frame_batch_processor_exists" time="0.002" /><testcase classname="tests.docs.test_developer_guide.TestDeveloperGuideAPIReferences" name="test_batch_processor_config_exists" time="0.002" /><testcase classname="tests.docs.test_developer_guide.TestDeveloperGuideAPIReferences" name="test_processing_mode_exists" time="0.002" /><testcase classname="tests.integration.test_depth_estimation.TestSingleFrameDepthEstimation" name="test_estimate_depth_full_flow" time="0.189" /><testcase classname="tests.docs.test_developer_guide.TestDeveloperGuideAPIReferences" name="test_stereo_generator_exists" time="0.002" /><testcase classname="tests.ci.test_ci_workflow.TestCIWorkflowSyntax" name="test_workflow_has_push_trigger" time="0.057" /><testcase classname="tests.docs.test_developer_guide.TestDeveloperGuideAPIReferences" name="test_anaglyph_encoder_exists" time="0.002" /><testcase classname="tests.docs.test_developer_guide.TestDeveloperGuideAPIReferences" name="test_side_by_side_encoder_exists" time="0.002" /><testcase classname="tests.docs.test_developer_guide.TestDeveloperGuideConfigDocumentation" name="test_batch_processor_config_documented" time="0.002" /><testcase classname="tests.docs.test_developer_guide.TestDeveloperGuideConfigDocumentation" name="test_depth_processor_config_documented" time="0.002" /><testcase classname="tests.docs.test_developer_guide.TestDeveloperGuideConfigDocumentation" name="test_dibr_config_documented" time="0.002" /><testcase classname="tests.docs.test_developer_guide.TestDeveloperGuideExceptionDocumentation" name="test_exception_table_exists" time="0.002" /><testcase classname="tests.docs.test_developer_guide.TestDeveloperGuideExceptionDocumentation" name="test_key_exceptions_documented" time="0.002" /><testcase classname="tests.docs.test_developer_guide.TestDeveloperGuideExtensionGuides" name="test_adding_depth_model_guide" time="0.002" /><testcase classname="tests.integration.test_depth_estimation.TestSingleFrameDepthEstimation" name="test_estimate_depth_inference_error_on_model_failure" time="0.027" /><testcase classname="tests.docs.test_developer_guide.TestDeveloperGuideExtensionGuides" name="test_adding_stereo_format_guide" time="0.002" /><testcase classname="tests.docs.test_developer_guide.TestDeveloperGuideExtensionGuides" name="test_adding_cli_command_guide" time="0.002" /><testcase classname="tests.docs.test_developer_guide.TestDeveloperGuideTestingDocumentation" name="test_testing_section_exists" time="0.002" /><testcase classname="tests.docs.test_developer_guide.TestDeveloperGuideTestingDocumentation" name="test_pytest_examples_present" time="0.002" /><testcase classname="tests.docs.test_developer_guide.TestDeveloperGuideTestingDocumentation" name="test_test_fixture_documentation" time="0.002" /><testcase classname="tests.docs.test_developer_guide.TestDeveloperGuideDebuggingDocumentation" name="test_debugging_section_exists" time="0.002" /><testcase classname="tests.docs.test_developer_guide.TestDeveloperGuideDebuggingDocumentation" name="test_logging_documentation" time="0.002" /><testcase classname="tests.docs.test_developer_guide.TestDeveloperGuideDebuggingDocumentation" name="test_common_issues_table" time="0.002" /><testcase classname="tests.integration.test_depth_estimation.TestBatchDepthEstimation" name="test_estimate_depth_batch_full_flow" time="0.043" /><testcase classname="tests.docs.test_developer_guide.TestDeveloperGuidePerformanceDocumentation" name="test_performance_section_exists" time="0.002" /><testcase classname="tests.ci.test_ci_workflow.TestCIWorkflowSyntax" name="test_workflow_has_pull_request_trigger" time="0.056" /><testcase classname="tests.docs.test_developer_guide.TestDeveloperGuidePerformanceDocumentation" name="test_gpu_memory_documentation" time="0.002" /><testcase classname="tests.docs.test_developer_guide.TestDeveloperGuideLinks" name="test_internal_anchor_links" time="0.002" /><testcase classname="tests.docs.test_developer_guide.TestDeveloperGuideLinks" name="test_no_broken_markdown_links" time="0.002" /><testcase classname="tests.docs.test_developer_guide.TestDeveloperGuideLinks" name="test_user_guide_reference" time="0.002" /><testcase classname="tests.docs.test_developer_guide.TestDeveloperGuideCompleteness" name="test_minimum_line_count" time="0.002" /><testcase classname="tests.docs.test_developer_guide.TestDeveloperGuideCompleteness" name="test_minimum_word_count" time="0.002" /><testcase classname="tests.docs.test_developer_guide.TestDeveloperGuideCompleteness" name="test_no_placeholder_text" time="0.003" /><testcase classname="tests.docs.test_developer_guide.TestDeveloperGuideCompleteness" name="test_documentation_freshness" time="0.003" /><testcase classname="tests.docs.test_developer_guide.TestDeveloperGuideProjectStructure" name="test_project_structure_section" time="0.002" /><testcase classname="tests.docs.test_developer_guide.TestDeveloperGuideProjectStructure" name="test_main_directories_documented" time="0.002" /><testcase classname="tests.docs.test_developer_guide.TestDeveloperGuideProjectStructure" name="test_source_structure_documented" time="0.002" /><testcase classname="tests.docs.test_user_guide.TestUserGuideExists" name="test_user_guide_file_exists" time="0.002" /><testcase classname="tests.integration.test_depth_estimation.TestBatchDepthEstimation" name="test_estimate_depth_batch_failure_raises_inference_error" time="0.028" /><testcase classname="tests.docs.test_user_guide.TestUserGuideExists" name="test_user_guide_not_empty" time="0.002" /><testcase classname="tests.docs.test_user_guide.TestUserGuideStructure" name="test_has_table_of_contents" time="0.002" /><testcase classname="tests.docs.test_user_guide.TestUserGuideStructure" name="test_has_all_required_sections" time="0.004" /><testcase classname="tests.docs.test_user_guide.TestUserGuideStructure" name="test_has_version_info" time="0.002" /><testcase classname="tests.docs.test_user_guide.TestUserGuideStructure" name="test_has_development_status_warning" time="0.002" /><testcase classname="tests.ci.test_ci_workflow.TestCIWorkflowSyntax" name="test_workflow_has_workflow_dispatch" time="0.058" /><testcase classname="tests.docs.test_user_guide.TestUserGuideStructure" name="test_section_hierarchy" time="0.004" /><testcase classname="tests.docs.test_user_guide.TestUserGuideCodeBlocks" name="test_code_blocks_balanced" time="0.002" /><testcase classname="tests.docs.test_user_guide.TestUserGuideCodeBlocks" name="test_yaml_code_blocks_valid" time="0.031" /><testcase classname="tests.integration.test_depth_estimation.TestContextManagerFlow" name="test_context_manager_full_flow" time="0.031" /><testcase classname="tests.docs.test_user_guide.TestUserGuideCodeBlocks" name="test_bash_code_blocks_format" time="0.002" /><testcase classname="tests.integration.test_depth_estimation.TestEdgeCases" name="test_estimate_depth_flat_depth_map" time="0.030" /><testcase classname="tests.docs.test_user_guide.TestUserGuideCodeBlocks" name="test_http_code_blocks_format" time="0.002" /><testcase classname="tests.docs.test_user_guide.TestUserGuideLinks" name="test_internal_anchor_links" time="0.002" /><testcase classname="tests.docs.test_user_guide.TestUserGuideLinks" name="test_no_broken_markdown_links" time="0.002" /><testcase classname="tests.docs.test_user_guide.TestUserGuideContent" name="test_lists_all_depth_models" time="0.002" /><testcase classname="tests.ci.test_ci_workflow.TestCIWorkflowPermissions" name="test_workflow_has_permissions" time="0.057" /><testcase classname="tests.docs.test_user_guide.TestUserGuideContent" name="test_lists_all_stereo_formats" time="0.002" /><testcase classname="tests.integration.test_api_auth.TestRegisterEndpoint" name="test_register_duplicate_email" time="0.264" /><testcase classname="tests.docs.test_user_guide.TestUserGuideContent" name="test_documents_cli_commands" time="0.002" /><testcase classname="tests.docs.test_user_guide.TestUserGuideContent" name="test_documents_api_endpoints" time="0.002" /><testcase classname="tests.docs.test_user_guide.TestUserGuideContent" name="test_documents_environment_variables" time="0.002" /><testcase classname="tests.docs.test_user_guide.TestUserGuideContent" name="test_documents_docker_options" time="0.002" /><testcase classname="tests.integration.test_depth_estimation.TestEdgeCases" name="test_multiple_sequential_estimations" time="0.031" /><testcase classname="tests.docs.test_user_guide.TestUserGuideContent" name="test_has_troubleshooting_section" time="0.002" /><testcase classname="tests.docs.test_user_guide.TestUserGuideContent" name="test_has_examples_for_all_cli_commands" time="0.002" /><testcase classname="tests.docs.test_user_guide.TestUserGuideTables" name="test_tables_formatted_correctly" time="0.003" /><testcase classname="tests.docs.test_user_guide.TestUserGuideTables" name="test_model_table_exists" time="0.002" /><testcase classname="tests.docs.test_user_guide.TestUserGuideTables" name="test_format_table_exists" time="0.002" /><testcase classname="tests.docs.test_user_guide.TestUserGuideBestPractices" name="test_has_model_recommendations" time="0.002" /><testcase classname="tests.docs.test_user_guide.TestUserGuideBestPractices" name="test_has_performance_tips" time="0.002" /><testcase classname="tests.docs.test_user_guide.TestUserGuideCompleteness" name="test_minimum_line_count" time="0.002" /><testcase classname="tests.docs.test_user_guide.TestUserGuideCompleteness" name="test_minimum_word_count" time="0.002" /><testcase classname="tests.docs.test_user_guide.TestUserGuideCompleteness" name="test_no_placeholder_text" time="0.002" /><testcase classname="tests.integration.test_depth_estimation.TestEdgeCases" name="test_temporal_smoothing_warning" time="0.031" /><testcase classname="tests.docs.test_user_guide.TestUserGuideCompleteness" name="test_documentation_freshness" time="0.002" /><testcase classname="tests.ci.test_ci_workflow.TestCIWorkflowPermissions" name="test_permissions_are_minimal" time="0.059" /><testcase classname="tests.integration.test_adadepth_integration.TestModelFallbackChain" name="test_fallback_chain_order" time="0.026" /><testcase classname="tests.integration.test_adadepth_integration.TestModelFallbackChain" name="test_fallback_on_primary_failure" time="0.027" /><testcase classname="tests.integration.test_frame_extraction_integration.TestFrameExtractorIntegration" name="test_extract_all_frames_real_video" time="0.184" /><testcase classname="tests.ci.test_ci_workflow.TestCIWorkflowConcurrency" name="test_workflow_has_concurrency" time="0.057" /><testcase classname="tests.integration.test_adadepth_integration.TestModelFallbackChain" name="test_all_models_failure_raises_error" time="0.028" /><testcase classname="tests.integration.test_adadepth_integration.TestSceneAdaptiveSelection" name="test_scene_adaptation_enabled_selects_correct_model" time="0.185" /><testcase classname="tests.ci.test_ci_workflow.TestCIWorkflowConcurrency" name="test_concurrency_cancels_in_progress" time="0.056" /><testcase classname="tests.ci.test_ci_workflow.TestCIWorkflowEnvVars" name="test_workflow_has_env_block" time="0.056" /><testcase classname="tests.integration.test_api_auth.TestRegisterEndpoint" name="test_register_invalid_email" time="0.031" /><testcase classname="tests.ci.test_ci_workflow.TestCIWorkflowEnvVars" name="test_pythondontwritebytecode_set" time="0.055" /><testcase classname="tests.integration.test_api_auth.TestRegisterEndpoint" name="test_register_weak_password" time="0.031" /><testcase classname="tests.integration.test_frame_extraction_integration.TestFrameExtractorIntegration" name="test_extract_with_interval_real_video" time="0.071" /><testcase classname="tests.integration.test_api_auth.TestRegisterEndpoint" name="test_register_username_too_short" time="0.035" /><testcase classname="tests.integration.test_adadepth_integration.TestSceneAdaptiveSelection" name="test_scene_adaptation_disabled_uses_primary" time="0.031" /><testcase classname="tests.ci.test_ci_workflow.TestCIWorkflowJobs" name="test_workflow_has_jobs" time="0.056" /><testcase classname="tests.integration.test_api_auth.TestRegisterEndpoint" name="test_register_username_too_long" time="0.032" /><testcase classname="tests.integration.test_adadepth_integration.TestConfigurationLoading" name="test_config_from_string_model_types" time="0.027" /><testcase classname="tests.integration.test_frame_extraction_integration.TestFrameExtractorIntegration" name="test_extract_single_frame_real_video" time="0.213" /><testcase classname="tests.integration.test_adadepth_integration.TestConfigurationLoading" name="test_config_fallback_chain_from_strings" time="0.027" /><testcase classname="tests.integration.test_api_auth.TestRegisterEndpoint" name="test_register_username_invalid_characters" time="0.035" /><testcase classname="tests.ci.test_ci_workflow.TestCIWorkflowJobs" name="test_has_lint_job" time="0.057" /><testcase classname="tests.integration.test_adadepth_integration.TestModelSelectorWithMockedEstimators" name="test_successful_estimation_with_adabins" time="0.031" /><testcase classname="tests.integration.test_adadepth_integration.TestModelSelectorWithMockedEstimators" name="test_batch_processing_consistency" time="0.029" /><testcase classname="tests.ci.test_ci_workflow.TestCIWorkflowJobs" name="test_has_test_job" time="0.057" /><testcase classname="tests.integration.test_adadepth_integration.TestPreloading" name="test_preload_all_models_in_chain" time="0.028" /><testcase classname="tests.integration.test_adadepth_integration.TestPreloading" name="test_preload_specific_models" time="0.027" /><testcase classname="tests.ci.test_ci_workflow.TestCIWorkflowJobs" name="test_has_test_integration_job" time="0.059" /><testcase classname="tests.integration.test_adadepth_integration.TestErrorHandlingIntegration" name="test_estimator_close_on_selector_close" time="0.028" /><testcase classname="tests.ci.test_ci_workflow.TestCIWorkflowJobs" name="test_has_ci_status_job" time="0.056" /><testcase classname="tests.integration.test_adadepth_integration.TestErrorHandlingIntegration" name="test_context_manager_cleans_up" time="0.026" /><testcase classname="tests.integration.test_frame_extraction_integration.TestFrameExtractorIntegration" name="test_extract_convenience_function" time="0.216" /><testcase classname="tests.integration.test_adaptive_sizer_integration.TestMemoryMonitorIntegration" name="test_real_memory_info_retrieval" time="0.002" /><testcase classname="tests.integration.test_adaptive_sizer_integration.TestMemoryMonitorIntegration" name="test_sizer_uses_real_memory" time="0.002" /><testcase classname="tests.integration.test_adaptive_sizer_integration.TestMemoryMonitorIntegration" name="test_sizer_adjustment_with_real_memory" time="0.002" /><testcase classname="tests.integration.test_adaptive_sizer_integration.TestAdaptiveBatchSizerIntegration" name="test_sizer_initialization_and_basic_ops" time="0.002" /><testcase classname="tests.integration.test_adaptive_sizer_integration.TestAdaptiveBatchSizerIntegration" name="test_callback_invocation_with_real_components" time="0.002" /><testcase classname="tests.integration.test_adaptive_sizer_integration.TestAdaptiveBatchSizerIntegration" name="test_monitoring_start_stop_integration" time="0.303" /><testcase classname="tests.ci.test_ci_workflow.TestLintJob" name="test_lint_runs_on_ubuntu" time="0.058" /><testcase classname="tests.integration.test_api_auth.TestLoginEndpoint" name="test_login_with_username" time="0.492" /><testcase classname="tests.ci.test_ci_workflow.TestLintJob" name="test_lint_has_timeout" time="0.057" /><testcase classname="tests.ci.test_ci_workflow.TestLintJob" name="test_lint_uses_python_311" time="0.057" /><testcase classname="tests.integration.test_frame_extraction_integration.TestFrameExtractorIntegration" name="test_uniform_sampling_real_video" time="0.079" /><testcase classname="tests.ci.test_ci_workflow.TestLintJob" name="test_lint_runs_black" time="0.056" /><testcase classname="tests.ci.test_ci_workflow.TestLintJob" name="test_lint_runs_ruff" time="0.057" /><testcase classname="tests.integration.test_frame_extraction_integration.TestFrameExtractorIntegration" name="test_keyframe_sampling_real_video" time="0.058" /><testcase classname="tests.integration.test_adaptive_sizer_integration.TestAdaptiveBatchSizerIntegration" name="test_oom_handling_integration" time="0.003" /><testcase classname="tests.integration.test_adaptive_sizer_integration.TestHistoryIntegration" name="test_history_records_real_adjustments" time="0.003" /><testcase classname="tests.integration.test_adaptive_sizer_integration.TestHistoryIntegration" name="test_history_with_stability_detection" time="0.002" /><testcase classname="tests.integration.test_adaptive_sizer_integration.TestConfigIntegration" name="test_config_serialization_roundtrip" time="0.003" /><testcase classname="tests.ci.test_ci_workflow.TestLintJob" name="test_lint_runs_isort" time="0.057" /><testcase classname="tests.integration.test_adaptive_sizer_integration.TestContextManagerIntegration" name="test_context_manager_integration" time="0.002" /><testcase classname="tests.integration.test_adaptive_sizer_integration.TestContextManagerIntegration" name="test_context_manager_with_callback" time="0.002" /><testcase classname="tests.integration.test_frame_extraction_integration.TestFrameExtractorIntegration" name="test_frame_preprocessing_resize_real_video" time="0.055" /><testcase classname="tests.integration.test_adaptive_sizer_integration.TestFactoryFunctionIntegration" name="test_create_adaptive_sizer_integration" time="0.003" /><testcase classname="tests.integration.test_adaptive_sizer_integration.TestModuleExportsIntegration" name="test_all_exports_importable" time="0.002" /><testcase classname="tests.integration.test_adaptive_sizer_integration.TestModuleExportsIntegration" name="test_from_main_module_import" time="0.002" /><testcase classname="tests.integration.test_adaptive_sizer_integration.TestGPUIntegration" name="test_gpu_detection" time="0.001"><skipped type="pytest.skip" message="GPU tests require CUDA-enabled GPU">/home/dkp/.ao/data/worktrees/2dto3d/2dto3d-3/tests/integration/test_adaptive_sizer_integration.py:345: GPU tests require CUDA-enabled GPU</skipped></testcase><testcase classname="tests.integration.test_adaptive_sizer_integration.TestGPUIntegration" name="test_sizer_with_gpu" time="0.001"><skipped type="pytest.skip" message="GPU tests require CUDA-enabled GPU">/home/dkp/.ao/data/worktrees/2dto3d/2dto3d-3/tests/integration/test_adaptive_sizer_integration.py:356: GPU tests require CUDA-enabled GPU</skipped></testcase><testcase classname="tests.integration.test_adaptive_sizer_integration.TestGPUIntegration" name="test_gpu_based_adjustment" time="0.001"><skipped type="pytest.skip" message="GPU tests require CUDA-enabled GPU">/home/dkp/.ao/data/worktrees/2dto3d/2dto3d-3/tests/integration/test_adaptive_sizer_integration.py:370: GPU tests require CUDA-enabled GPU</skipped></testcase><testcase classname="tests.k8s.test_kustomize.TestBaseKustomization" name="test_kustomization_has_api_version" time="0.009" /><testcase classname="tests.k8s.test_kustomize.TestBaseKustomization" name="test_kustomization_has_kind" time="0.009" /><testcase classname="tests.k8s.test_kustomize.TestBaseKustomization" name="test_kustomization_has_namespace" time="0.009" /><testcase classname="tests.ci.test_ci_workflow.TestTestJob" name="test_test_runs_on_ubuntu" time="0.056" /><testcase classname="tests.k8s.test_kustomize.TestBaseKustomization" name="test_kustomization_has_resources" time="0.009" /><testcase classname="tests.integration.test_frame_extraction_integration.TestFrameExtractorIntegration" name="test_frame_preprocessing_normalize_real_video" time="0.057" /><testcase classname="tests.k8s.test_kustomize.TestBaseKustomization" name="test_kustomization_references_namespace" time="0.009" /><testcase classname="tests.k8s.test_kustomize.TestBaseKustomization" name="test_kustomization_references_deployment" time="0.009" /><testcase classname="tests.k8s.test_kustomize.TestBaseKustomization" name="test_kustomization_references_service" time="0.009" /><testcase classname="tests.k8s.test_kustomize.TestBaseKustomization" name="test_kustomization_references_configmap" time="0.009" /><testcase classname="tests.ci.test_ci_workflow.TestTestJob" name="test_test_depends_on_lint" time="0.056" /><testcase classname="tests.k8s.test_kustomize.TestBaseKustomization" name="test_kustomization_references_hpa" time="0.009" /><testcase classname="tests.k8s.test_kustomize.TestBaseKustomization" name="test_kustomization_references_pvc" time="0.009" /><testcase classname="tests.integration.test_frame_extraction_integration.TestFrameExtractorIntegration" name="test_buffer_caching_real_video" time="0.061" /><testcase classname="tests.k8s.test_kustomize.TestBaseKustomization" name="test_kustomization_references_rbac" time="0.009" /><testcase classname="tests.k8s.test_kustomize.TestBaseKustomization" name="test_kustomization_references_ingress" time="0.009" /><testcase classname="tests.k8s.test_kustomize.TestBaseKustomization" name="test_kustomization_references_pdb" time="0.009" /><testcase classname="tests.k8s.test_kustomize.TestBaseKustomization" name="test_kustomization_references_resource_quota" time="0.009" /><testcase classname="tests.ci.test_ci_workflow.TestTestJob" name="test_test_has_timeout" time="0.057" /><testcase classname="tests.k8s.test_kustomize.TestBaseKustomization" name="test_kustomization_has_common_labels" time="0.009" /><testcase classname="tests.k8s.test_kustomize.TestBaseKustomization" name="test_kustomization_has_images" time="0.009" /><testcase classname="tests.integration.test_frame_extraction_integration.TestFrameExtractorIntegration" name="test_context_manager_real_video" time="0.200" /><testcase classname="tests.k8s.test_kustomize.TestDevOverlay" name="test_dev_kustomization_exists" time="0.002" /><testcase classname="tests.k8s.test_kustomize.TestDevOverlay" name="test_dev_kustomization_is_valid_yaml" time="0.011" /><testcase classname="tests.k8s.test_kustomize.TestDevOverlay" name="test_dev_references_base" time="0.012" /><testcase classname="tests.k8s.test_kustomize.TestDevOverlay" name="test_dev_has_namespace" time="0.012" /><testcase classname="tests.ci.test_ci_workflow.TestTestJob" name="test_test_has_matrix_strategy" time="0.059" /><testcase classname="tests.integration.test_api_auth.TestLoginEndpoint" name="test_login_with_email" time="0.493" /><testcase classname="tests.k8s.test_kustomize.TestDevOverlay" name="test_dev_has_environment_label" time="0.012" /><testcase classname="tests.k8s.test_kustomize.TestProdOverlay" name="test_prod_kustomization_exists" time="0.002" /><testcase classname="tests.k8s.test_kustomize.TestProdOverlay" name="test_prod_kustomization_is_valid_yaml" time="0.013" /><testcase classname="tests.k8s.test_kustomize.TestProdOverlay" name="test_prod_references_base" time="0.013" /><testcase classname="tests.ci.test_ci_workflow.TestTestJob" name="test_matrix_includes_python_versions" time="0.058"><failure message="AssertionError: Matrix should include Python 3.9&#10;assert '3.9' in ['3.10', '3.11']">E   AssertionError: Matrix should include Python 3.9
    assert '3.9' in ['3.10', '3.11']</failure></testcase><testcase classname="tests.k8s.test_kustomize.TestProdOverlay" name="test_prod_has_namespace" time="0.013" /><testcase classname="tests.k8s.test_kustomize.TestProdOverlay" name="test_prod_has_environment_label" time="0.013" /><testcase classname="tests.k8s.test_kustomize.TestResourceReferences" name="test_all_base_resources_exist" time="0.009" /><testcase classname="tests.ci.test_ci_workflow.TestTestJob" name="test_matrix_does_not_fail_fast" time="0.057" /><testcase classname="tests.integration.test_frame_extraction_integration.TestFrameExtractorIntegration" name="test_extract_range_real_video" time="0.081" /><testcase classname="tests.ci.test_ci_workflow.TestTestJob" name="test_test_uses_pytest" time="0.057" /><testcase classname="tests.ci.test_ci_workflow.TestTestJob" name="test_test_uses_coverage" time="0.056" /><testcase classname="tests.integration.test_frame_extraction_integration.TestFrameExtractorIntegration" name="test_video_metadata_real_video" time="0.058" /><testcase classname="tests.ci.test_ci_workflow.TestTestJob" name="test_test_excludes_slow_and_gpu_tests" time="0.056" /><testcase classname="tests.k8s.test_kustomize.TestNamespaceConsistency" name="test_all_namespaced_resources_use_same_namespace" time="0.228" /><testcase classname="tests.ci.test_ci_workflow.TestTestJob" name="test_test_uploads_artifacts" time="0.056" /><testcase classname="tests.ci.test_ci_workflow.TestCIStatusJob" name="test_ci_status_needs_all_jobs" time="0.057" /><testcase classname="tests.ci.test_ci_workflow.TestCIStatusJob" name="test_ci_status_runs_always" time="0.058" /><testcase classname="tests.integration.test_api_auth.TestLoginEndpoint" name="test_login_wrong_password" time="0.477" /><testcase classname="tests.ci.test_ci_workflow.TestCIStatusJob" name="test_ci_status_has_timeout" time="0.056" /><testcase classname="tests.k8s.test_kustomize.TestLabelConsistency" name="test_all_resources_have_app_label" time="0.227" /><testcase classname="tests.ci.test_ci_workflow.TestCacheConfiguration" name="test_lint_job_has_cache" time="0.057" /><testcase classname="tests.k8s.test_security.TestSecurityContext" name="test_pod_runs_as_non_root" time="0.061" /><testcase classname="tests.ci.test_ci_workflow.TestCacheConfiguration" name="test_test_job_has_cache" time="0.056" /><testcase classname="tests.k8s.test_security.TestSecurityContext" name="test_pod_has_non_root_user_id" time="0.061" /><testcase classname="tests.ci.test_ci_workflow.TestCacheConfiguration" name="test_cache_key_includes_requirements" time="0.056" /><testcase classname="tests.k8s.test_security.TestSecurityContext" name="test_container_no_privilege_escalation" time="0.061" /><testcase classname="tests.integration.test_api_auth.TestLoginEndpoint" name="test_login_nonexistent_user" time="0.044" /><testcase classname="tests.ci.test_ci_workflow.TestCacheConfiguration" name="test_cache_key_includes_pyproject" time="0.056" /><testcase classname="tests.k8s.test_security.TestSecurityContext" name="test_container_drops_all_capabilities" time="0.061" /><testcase classname="tests.ci.test_ci_workflow.TestActionVersions" name="test_checkout_is_v4" time="0.056" /><testcase classname="tests.k8s.test_security.TestSecurityContext" name="test_pod_has_seccomp_profile" time="0.061" /><testcase classname="tests.ci.test_ci_workflow.TestActionVersions" name="test_setup_python_is_v5" time="0.058" /><testcase classname="tests.k8s.test_security.TestNetworkPolicies" name="test_network_policies_exist" time="0.040" /><testcase classname="tests.ci.test_ci_workflow.TestActionVersions" name="test_cache_is_v4" time="0.057" /><testcase classname="tests.k8s.test_security.TestNetworkPolicies" name="test_network_policy_has_ingress_rules" time="0.040" /><testcase classname="tests.k8s.test_security.TestNetworkPolicies" name="test_network_policy_has_egress_rules" time="0.040" /><testcase classname="tests.ci.test_ci_workflow.TestActionVersions" name="test_upload_artifact_is_v4" time="0.057" /><testcase classname="tests.docker.test_docker_compose.TestDockerComposeExists" name="test_docker_compose_exists" time="0.002" /><testcase classname="tests.docker.test_docker_compose.TestDockerComposeExists" name="test_docker_compose_cpu_exists" time="0.002" /><testcase classname="tests.docker.test_docker_compose.TestDockerComposeYamlValidity" name="test_docker_compose_is_valid_yaml" time="0.035" /><testcase classname="tests.k8s.test_security.TestNetworkPolicies" name="test_network_policy_has_pod_selector" time="0.040" /><testcase classname="tests.integration.test_api_auth.TestLoginEndpoint" name="test_login_returns_user_info" time="0.496" /><testcase classname="tests.k8s.test_security.TestRbacConfiguration" name="test_rbac_file_exists" time="0.002" /><testcase classname="tests.docker.test_docker_compose.TestDockerComposeYamlValidity" name="test_docker_compose_cpu_is_valid_yaml" time="0.031" /><testcase classname="tests.k8s.test_security.TestRbacConfiguration" name="test_service_account_exists" time="0.022" /><testcase classname="tests.k8s.test_security.TestRbacConfiguration" name="test_service_account_name_matches_deployment" time="0.022" /><testcase classname="tests.k8s.test_security.TestRbacConfiguration" name="test_role_exists" time="0.022" /><testcase classname="tests.docker.test_docker_compose.TestDockerComposeYamlValidity" name="test_docker_compose_has_version" time="0.035" /><testcase classname="tests.k8s.test_security.TestRbacConfiguration" name="test_role_binding_exists" time="0.022" /><testcase classname="tests.docker.test_docker_compose.TestDockerComposeYamlValidity" name="test_docker_compose_cpu_has_version" time="0.031" /><testcase classname="tests.k8s.test_security.TestRbacConfiguration" name="test_role_binding_references_service_account" time="0.022" /><testcase classname="tests.k8s.test_security.TestPodDisruptionBudget" name="test_pdb_exists" time="0.006" /><testcase classname="tests.k8s.test_security.TestPodDisruptionBudget" name="test_pdb_targets_deployment" time="0.006" /><testcase classname="tests.k8s.test_security.TestPodDisruptionBudget" name="test_pdb_has_availability_requirement" time="0.006" /><testcase classname="tests.k8s.test_security.TestPodDisruptionBudget" name="test_pdb_min_available_is_reasonable" time="0.006" /><testcase classname="tests.docker.test_docker_compose.TestDockerComposeYamlValidity" name="test_docker_compose_has_services" time="0.036" /><testcase classname="tests.k8s.test_security.TestResourceQuotas" name="test_resource_quota_exists" time="0.023" /><testcase classname="tests.docker.test_docker_compose.TestDockerComposeServices" name="test_docker_compose_has_main_service" time="0.036" /><testcase classname="tests.k8s.test_security.TestResourceQuotas" name="test_resource_quota_has_cpu_limits" time="0.023" /><testcase classname="tests.k8s.test_security.TestResourceQuotas" name="test_resource_quota_has_memory_limits" time="0.023" /><testcase classname="tests.docker.test_docker_compose.TestDockerComposeServices" name="test_docker_compose_has_api_service" time="0.036" /><testcase classname="tests.k8s.test_security.TestResourceQuotas" name="test_resource_quota_limits_pods" time="0.022" /><testcase classname="tests.docker.test_docker_compose.TestDockerComposeServices" name="test_docker_compose_has_batch_service" time="0.036" /><testcase classname="tests.k8s.test_security.TestLimitRange" name="test_limit_range_exists" time="0.022" /><testcase classname="tests.k8s.test_security.TestLimitRange" name="test_limit_range_has_container_limits" time="0.022" /><testcase classname="tests.docker.test_docker_compose.TestDockerComposeServices" name="test_docker_compose_cpu_has_main_service" time="0.031" /><testcase classname="tests.k8s.test_security.TestLimitRange" name="test_limit_range_has_default_requests" time="0.022" /><testcase classname="tests.integration.test_frame_extraction_integration.TestFrameExtractorIntegration" name="test_large_video_memory_efficiency" time="1.137" /><testcase classname="tests.k8s.test_security.TestSecretsConfiguration" name="test_secrets_file_exists" time="0.002" /><testcase classname="tests.k8s.test_security.TestSecretsConfiguration" name="test_secrets_has_template_comment" time="0.002" /><testcase classname="tests.docker.test_docker_compose.TestDockerComposeServices" name="test_docker_compose_cpu_has_api_service" time="0.031" /><testcase classname="tests.docker.test_docker_compose.TestDockerComposeServices" name="test_docker_compose_cpu_has_batch_service" time="0.033" /><testcase classname="tests.k8s.test_security.TestIngressSecurity" name="test_ingress_has_rate_limiting" time="0.043" /><testcase classname="tests.docker.test_docker_compose.TestDockerComposeServices" name="test_api_service_has_profile" time="0.035" /><testcase classname="tests.k8s.test_security.TestIngressSecurity" name="test_ingress_has_body_size_limit" time="0.040" /><testcase classname="tests.integration.test_frame_extraction_integration.TestFrameExtractorIntegration" name="test_frame_content_consistency" time="0.206" /><testcase classname="tests.docker.test_docker_compose.TestDockerComposeServices" name="test_batch_service_has_profile" time="0.036" /><testcase classname="tests.k8s.test_security.TestSecurityBestPracticesSummary" name="test_deployment_has_all_security_hardening" time="0.061" /><testcase classname="tests.docker.test_docker_compose.TestDockerComposeServices" name="test_batch_service_no_auto_restart" time="0.036" /><testcase classname="tests.k8s.test_service.TestServiceExists" name="test_service_file_exists" time="0.002" /><testcase classname="tests.k8s.test_service.TestServiceExists" name="test_service_is_valid_yaml" time="0.017" /><testcase classname="tests.integration.test_api_auth.TestRefreshEndpoint" name="test_refresh_success" time="0.270" /><testcase classname="tests.k8s.test_service.TestMainService" name="test_main_service_exists" time="0.016" /><testcase classname="tests.docker.test_docker_compose.TestDockerComposeVolumes" name="test_main_service_has_inputs_volume" time="0.036" /><testcase classname="tests.k8s.test_service.TestMainService" name="test_main_service_api_version" time="0.017" /><testcase classname="tests.integration.test_api_auth.TestRefreshEndpoint" name="test_refresh_invalid_token" time="0.033" /><testcase classname="tests.k8s.test_service.TestMainService" name="test_main_service_kind" time="0.018" /><testcase classname="tests.docker.test_docker_compose.TestDockerComposeVolumes" name="test_main_service_has_outputs_volume" time="0.036" /><testcase classname="tests.k8s.test_service.TestMainService" name="test_main_service_has_namespace" time="0.016" /><testcase classname="tests.k8s.test_service.TestMainService" name="test_main_service_type" time="0.016" /><testcase classname="tests.docker.test_docker_compose.TestDockerComposeVolumes" name="test_main_service_has_logs_volume" time="0.036" /><testcase classname="tests.k8s.test_service.TestMainService" name="test_main_service_has_selector" time="0.016" /><testcase classname="tests.k8s.test_service.TestMainService" name="test_main_service_selector_matches_deployment" time="0.016" /><testcase classname="tests.integration.test_frame_extraction_integration.TestFrameBufferIntegration" name="test_buffer_with_real_frames" time="0.066" /><testcase classname="tests.docker.test_docker_compose.TestDockerComposeVolumes" name="test_main_service_has_config_volume" time="0.036" /><testcase classname="tests.k8s.test_service.TestMainService" name="test_main_service_has_ports" time="0.015" /><testcase classname="tests.k8s.test_service.TestMainService" name="test_main_service_http_port" time="0.018" /><testcase classname="tests.docker.test_docker_compose.TestDockerComposeVolumes" name="test_main_service_has_models_volume" time="0.035" /><testcase classname="tests.k8s.test_service.TestHeadlessService" name="test_headless_service_exists" time="0.016" /><testcase classname="tests.integration.test_frame_extraction_integration.TestFrameBufferIntegration" name="test_buffer_eviction_with_real_frames" time="0.065" /><testcase classname="tests.k8s.test_service.TestHeadlessService" name="test_headless_service_has_none_cluster_ip" time="0.016" /><testcase classname="tests.docker.test_docker_compose.TestDockerComposeVolumes" name="test_inputs_volume_is_read_only" time="0.035" /><testcase classname="tests.k8s.test_service.TestHeadlessService" name="test_headless_service_has_selector" time="0.016" /><testcase classname="tests.k8s.test_service.TestServiceAnnotations" name="test_main_service_has_prometheus_annotations" time="0.016" /><testcase classname="tests.docker.test_docker_compose.TestDockerComposeVolumes" name="test_docker_compose_has_named_volumes" time="0.035" /><testcase classname="tests.k8s.test_service.TestServiceLabels" name="test_main_service_has_app_label" time="0.016" /><testcase classname="tests.integration.test_frame_extraction_integration.TestEndToEndScenarios" name="test_complete_extraction_workflow" time="0.244" /><testcase classname="tests.k8s.test_service.TestServiceLabels" name="test_main_service_has_component_label" time="0.016" /><testcase classname="tests.k8s.test_yaml_validity.TestK8sDirectoryStructure" name="test_k8s_directory_exists" time="0.002" /><testcase classname="tests.k8s.test_yaml_validity.TestK8sDirectoryStructure" name="test_k8s_base_directory_exists" time="0.002" /><testcase classname="tests.docker.test_docker_compose.TestDockerComposeVolumes" name="test_docker_compose_has_models_named_volume" time="0.036" /><testcase classname="tests.k8s.test_yaml_validity.TestK8sDirectoryStructure" name="test_k8s_overlays_directory_exists" time="0.002" /><testcase classname="tests.k8s.test_yaml_validity.TestK8sDirectoryStructure" name="test_dev_overlay_directory_exists" time="0.002" /><testcase classname="tests.k8s.test_yaml_validity.TestK8sDirectoryStructure" name="test_prod_overlay_directory_exists" time="0.002" /><testcase classname="tests.k8s.test_yaml_validity.TestManifestFilesExist" name="test_namespace_yaml_exists" time="0.002" /><testcase classname="tests.k8s.test_yaml_validity.TestManifestFilesExist" name="test_configmap_yaml_exists" time="0.002" /><testcase classname="tests.k8s.test_yaml_validity.TestManifestFilesExist" name="test_secrets_yaml_exists" time="0.002" /><testcase classname="tests.k8s.test_yaml_validity.TestManifestFilesExist" name="test_pvc_yaml_exists" time="0.002" /><testcase classname="tests.k8s.test_yaml_validity.TestManifestFilesExist" name="test_deployment_yaml_exists" time="0.002" /><testcase classname="tests.k8s.test_yaml_validity.TestManifestFilesExist" name="test_service_yaml_exists" time="0.002" /><testcase classname="tests.integration.test_api_auth.TestRefreshEndpoint" name="test_refresh_with_access_token_fails" time="0.261" /><testcase classname="tests.k8s.test_yaml_validity.TestManifestFilesExist" name="test_hpa_yaml_exists" time="0.002" /><testcase classname="tests.k8s.test_yaml_validity.TestManifestFilesExist" name="test_ingress_yaml_exists" time="0.002" /><testcase classname="tests.docker.test_docker_compose.TestDockerComposeEnvironment" name="test_main_service_has_env_vars" time="0.037" /><testcase classname="tests.k8s.test_yaml_validity.TestManifestFilesExist" name="test_rbac_yaml_exists" time="0.002" /><testcase classname="tests.k8s.test_yaml_validity.TestManifestFilesExist" name="test_pdb_yaml_exists" time="0.002" /><testcase classname="tests.k8s.test_yaml_validity.TestManifestFilesExist" name="test_resource_quota_yaml_exists" time="0.002" /><testcase classname="tests.k8s.test_yaml_validity.TestManifestFilesExist" name="test_kustomization_yaml_exists" time="0.002" /><testcase classname="tests.k8s.test_yaml_validity.TestManifestFilesExist" name="test_readme_exists" time="0.002" /><testcase classname="tests.k8s.test_yaml_validity.TestYamlValidity" name="test_namespace_is_valid_yaml" time="0.006" /><testcase classname="tests.k8s.test_yaml_validity.TestYamlValidity" name="test_configmap_is_valid_yaml" time="0.017" /><testcase classname="tests.docker.test_docker_compose.TestDockerComposeEnvironment" name="test_main_service_has_video2d3d_env" time="0.036" /><testcase classname="tests.k8s.test_yaml_validity.TestYamlValidity" name="test_secrets_is_valid_yaml" time="0.011" /><testcase classname="tests.k8s.test_yaml_validity.TestYamlValidity" name="test_pvc_is_valid_yaml" time="0.022" /><testcase classname="tests.docker.test_docker_compose.TestDockerComposeEnvironment" name="test_main_service_has_log_level" time="0.036" /><testcase classname="tests.k8s.test_yaml_validity.TestYamlValidity" name="test_deployment_is_valid_yaml" time="0.062" /><testcase classname="tests.docker.test_docker_compose.TestDockerComposeEnvironment" name="test_gpu_compose_has_cuda_device" time="0.037" /><testcase classname="tests.k8s.test_yaml_validity.TestYamlValidity" name="test_service_is_valid_yaml" time="0.016" /><testcase classname="tests.docker.test_docker_compose.TestDockerComposeEnvironment" name="test_cpu_compose_has_no_gpu_flag" time="0.032" /><testcase classname="tests.k8s.test_yaml_validity.TestYamlValidity" name="test_hpa_is_valid_yaml" time="0.025" /><testcase classname="tests.docker.test_docker_compose.TestDockerComposeHealthCheck" name="test_main_service_has_healthcheck" time="0.035" /><testcase classname="tests.k8s.test_yaml_validity.TestYamlValidity" name="test_ingress_is_valid_yaml" time="0.041" /><testcase classname="tests.integration.test_frame_extraction_integration.TestEndToEndScenarios" name="test_video_thumbnail_extraction" time="0.213" /><testcase classname="tests.docker.test_docker_compose.TestDockerComposeHealthCheck" name="test_healthcheck_has_test" time="0.036" /><testcase classname="tests.k8s.test_yaml_validity.TestYamlValidity" name="test_rbac_is_valid_yaml" time="0.026" /><testcase classname="tests.integration.test_api_auth.TestMeEndpoint" name="test_me_success" time="0.269" /><testcase classname="tests.k8s.test_yaml_validity.TestYamlValidity" name="test_pdb_is_valid_yaml" time="0.006" /><testcase classname="tests.docker.test_docker_compose.TestDockerComposeHealthCheck" name="test_healthcheck_uses_script" time="0.036" /><testcase classname="tests.k8s.test_yaml_validity.TestYamlValidity" name="test_resource_quota_is_valid_yaml" time="0.023" /><testcase classname="tests.integration.test_api_auth.TestMeEndpoint" name="test_me_no_token" time="0.031" /><testcase classname="tests.k8s.test_yaml_validity.TestYamlValidity" name="test_kustomization_is_valid_yaml" time="0.009" /><testcase classname="tests.docker.test_docker_compose.TestDockerComposeHealthCheck" name="test_healthcheck_has_interval" time="0.036" /><testcase classname="tests.k8s.test_yaml_validity.TestYamlValidity" name="test_dev_kustomization_is_valid_yaml" time="0.011" /><testcase classname="tests.k8s.test_yaml_validity.TestYamlValidity" name="test_prod_kustomization_is_valid_yaml" time="0.013" /><testcase classname="tests.integration.test_api_auth.TestMeEndpoint" name="test_me_invalid_token" time="0.030" /><testcase classname="tests.docker.test_docker_compose.TestDockerComposeHealthCheck" name="test_healthcheck_has_timeout" time="0.036" /><testcase classname="tests.integration.test_api_auth.TestMeEndpoint" name="test_me_with_refresh_token_fails" time="0.265" /><testcase classname="tests.docker.test_docker_compose.TestDockerComposeHealthCheck" name="test_healthcheck_has_retries" time="0.036" /><testcase classname="tests.docker.test_docker_compose.TestDockerComposeGPUConfig" name="test_gpu_compose_has_gpu_reservation" time="0.035" /><testcase classname="tests.integration.test_frame_extraction_integration.TestEndToEndScenarios" name="test_video_analysis_workflow" time="0.204" /><testcase classname="tests.docker.test_docker_compose.TestDockerComposeGPUConfig" name="test_gpu_compose_uses_nvidia_driver" time="0.036" /><testcase classname="tests.docker.test_docker_compose.TestDockerComposeGPUConfig" name="test_cpu_compose_no_gpu_reservation" time="0.032" /><testcase classname="tests.docker.test_docker_compose.TestDockerComposeResourceLimits" name="test_cpu_compose_has_resource_limits" time="0.032" /><testcase classname="tests.docker.test_docker_compose.TestDockerComposeResourceLimits" name="test_cpu_compose_has_cpu_limit" time="0.032" /><testcase classname="tests.k8s.test_yaml_validity.TestKubernetesApiVersion" name="test_all_manifests_have_api_version" time="0.228" /><testcase classname="tests.integration.test_gui_tabs.TestConvertTab" name="test_initialization" time="0.001"><skipped type="pytest.skip" message="PyQt6 not available">/home/dkp/.ao/data/worktrees/2dto3d/2dto3d-3/tests/integration/test_gui_tabs.py:53: PyQt6 not available</skipped></testcase><testcase classname="tests.integration.test_opticalflow_integration.TestFarnebackOpticalFlowIntegration" name="test_compute_flow_farneback_basic" time="0.005" /><testcase classname="tests.integration.test_opticalflow_integration.TestFarnebackOpticalFlowIntegration" name="test_compute_flow_farneback_identical_frames" time="0.004" /><testcase classname="tests.integration.test_opticalflow_integration.TestFarnebackOpticalFlowIntegration" name="test_compute_flow_farneback_motion_frames" time="0.006" /><testcase classname="tests.docker.test_docker_compose.TestDockerComposeResourceLimits" name="test_cpu_compose_has_memory_limit" time="0.032" /><testcase classname="tests.integration.test_opticalflow_integration.TestFarnebackOpticalFlowIntegration" name="test_compute_flow_farneback_custom_params" time="0.005" /><testcase classname="tests.integration.test_opticalflow_integration.TestFarnebackOpticalFlowIntegration" name="test_compute_flow_farneback_different_sizes" time="0.089" /><testcase classname="tests.docker.test_docker_compose.TestDockerComposeNetworks" name="test_docker_compose_has_networks" time="0.036" /><testcase classname="tests.docker.test_docker_compose.TestDockerComposeNetworks" name="test_docker_compose_has_named_network" time="0.035" /><testcase classname="tests.integration.test_opticalflow_integration.TestBatchProcessingIntegration" name="test_batch_processing_farneback" time="0.011" /><testcase classname="tests.docker.test_docker_compose.TestDockerComposeNetworks" name="test_docker_compose_cpu_has_networks" time="0.032" /><testcase classname="tests.integration.test_opticalflow_integration.TestBatchProcessingIntegration" name="test_batch_processing_consistency" time="0.019" /><testcase classname="tests.integration.test_opticalflow_integration.TestFlowVisualizationIntegration" name="test_visualize_flow_basic" time="0.005" /><testcase classname="tests.integration.test_opticalflow_integration.TestFlowVisualizationIntegration" name="test_visualize_flow_with_overlay" time="0.005" /><testcase classname="tests.docker.test_docker_compose.TestDockerComposePorts" name="test_main_service_exposes_port" time="0.036" /><testcase classname="tests.integration.test_opticalflow_integration.TestFlowVisualizationIntegration" name="test_visualize_flow_zero_flow" time="0.005" /><testcase classname="tests.integration.test_opticalflow_integration.TestConvenienceFunctionsIntegration" name="test_compute_optical_flow_function" time="0.005" /><testcase classname="tests.integration.test_opticalflow_integration.TestConvenienceFunctionsIntegration" name="test_create_opticalflow_engine_function" time="0.004" /><testcase classname="tests.integration.test_opticalflow_integration.TestContextManagerIntegration" name="test_context_manager_cleanup" time="0.005" /><testcase classname="tests.integration.test_opticalflow_integration.TestCallableInterfaceIntegration" name="test_callable_interface" time="0.004" /><testcase classname="tests.integration.test_opticalflow_integration.TestInputValidationIntegration" name="test_visualize_flow_validation_invalid_shape" time="0.003" /><testcase classname="tests.integration.test_opticalflow_integration.TestInputValidationIntegration" name="test_visualize_flow_validation_frame_mismatch" time="0.005" /><testcase classname="tests.docker.test_docker_compose.TestDockerComposePorts" name="test_api_service_exposes_port" time="0.037" /><testcase classname="tests.integration.test_opticalflow_integration.TestModuleImportsIntegration" name="test_module_level_imports" time="0.002" /><testcase classname="tests.integration.test_opticalflow_integration.TestModuleImportsIntegration" name="test_engine_module_imports" time="0.002" /><testcase classname="tests.integration.test_opticalflow_integration.TestReprMethodsIntegration" name="test_config_repr" time="0.002" /><testcase classname="tests.integration.test_opticalflow_integration.TestReprMethodsIntegration" name="test_engine_repr" time="0.002" /><testcase classname="tests.integration.test_preview_integration.TestPreviewConfigIntegration" name="test_load_config_includes_preview_section" time="0.005" /><testcase classname="tests.k8s.test_yaml_validity.TestKubernetesApiVersion" name="test_all_manifests_have_kind" time="0.227" /><testcase classname="tests.integration.test_preview_integration.TestPreviewConfigIntegration" name="test_load_config_defaults_for_preview" time="0.003" /><testcase classname="tests.integration.test_preview_integration.TestPreviewConfigIntegration" name="test_create_preview_window_from_app_config" time="0.004" /><testcase classname="tests.integration.test_preview_integration.TestPreviewConfigIntegration" name="test_layout_string_to_enum_conversion" time="0.005" /><testcase classname="tests.docker.test_docker_compose.TestDockerComposeBuildConfig" name="test_main_service_specifies_dockerfile" time="0.036" /><testcase classname="tests.integration.test_preview_integration.TestPreviewWindowWithComponents" name="test_preview_with_depth_processor_output" time="0.064" /><testcase classname="tests.docker.test_docker_compose.TestDockerComposeBuildConfig" name="test_gpu_compose_uses_gpu_dockerfile" time="0.036" /><testcase classname="tests.integration.test_api_auth.TestLogoutEndpoint" name="test_logout_success" time="0.271" /><testcase classname="tests.integration.test_preview_integration.TestPreviewWindowWithComponents" name="test_preview_with_different_resolutions" time="0.362" /><testcase classname="tests.docker.test_docker_compose.TestDockerComposeBuildConfig" name="test_cpu_compose_uses_cpu_dockerfile" time="0.034" /><testcase classname="tests.integration.test_api_auth.TestLogoutEndpoint" name="test_logout_no_token" time="0.030" /><testcase classname="tests.docker.test_docker_compose.TestDockerComposeBuildConfig" name="test_main_service_has_image_name" time="0.035" /><testcase classname="tests.integration.test_api_auth.TestRoleBasedAccess" name="test_user_role_in_response" time="0.264" /><testcase classname="tests.docker.test_docker_compose.TestDockerComposeLogging" name="test_main_service_has_logging" time="0.036" /><testcase classname="tests.docker.test_docker_compose.TestDockerComposeLogging" name="test_logging_uses_json_driver" time="0.035" /><testcase classname="tests.k8s.test_yaml_validity.TestKubernetesApiVersion" name="test_all_manifests_have_metadata" time="0.228" /><testcase classname="tests.docker.test_docker_compose.TestDockerComposeLogging" name="test_logging_has_max_size" time="0.035" /><testcase classname="tests.docker.test_docker_compose.TestDockerComposeLogging" name="test_logging_has_max_file" time="0.035" /><testcase classname="tests.docker.test_docker_compose.TestDockerComposeSecurity" name="test_main_service_has_security_opt" time="0.036" /><testcase classname="tests.docker.test_docker_compose.TestDockerComposeSecurity" name="test_main_service_no_new_privileges" time="0.036" /><testcase classname="tests.docker.test_dockerfile.TestDockerfileExists" name="test_dockerfile_exists" time="0.002" /><testcase classname="tests.docker.test_dockerfile.TestDockerfileExists" name="test_dockerfile_cpu_exists" time="0.002" /><testcase classname="tests.docker.test_dockerfile.TestDockerfileExists" name="test_dockerfile_is_readable" time="0.002" /><testcase classname="tests.docker.test_dockerfile.TestDockerfileExists" name="test_dockerfile_cpu_is_readable" time="0.002" /><testcase classname="tests.docker.test_dockerfile.TestDockerfileStructure" name="test_dockerfile_has_from_instruction" time="0.002" /><testcase classname="tests.docker.test_dockerfile.TestDockerfileStructure" name="test_dockerfile_has_arg_for_versions" time="0.002" /><testcase classname="tests.docker.test_dockerfile.TestDockerfileStructure" name="test_dockerfile_cpu_has_arg_for_versions" time="0.002" /><testcase classname="tests.docker.test_dockerfile.TestDockerfileStructure" name="test_dockerfile_uses_multistage_build" time="0.002" /><testcase classname="tests.docker.test_dockerfile.TestDockerfileStructure" name="test_dockerfile_cpu_uses_multistage_build" time="0.002" /><testcase classname="tests.docker.test_dockerfile.TestDockerfileStructure" name="test_dockerfile_has_builder_stage" time="0.002" /><testcase classname="tests.docker.test_dockerfile.TestDockerfileStructure" name="test_dockerfile_has_runtime_stage" time="0.002" /><testcase classname="tests.docker.test_dockerfile.TestDockerfileLabels" name="test_dockerfile_has_maintainer_label" time="0.002" /><testcase classname="tests.docker.test_dockerfile.TestDockerfileLabels" name="test_dockerfile_has_title_label" time="0.002" /><testcase classname="tests.docker.test_dockerfile.TestDockerfileLabels" name="test_dockerfile_has_description_label" time="0.002" /><testcase classname="tests.docker.test_dockerfile.TestDockerfileLabels" name="test_dockerfile_has_version_label" time="0.002" /><testcase classname="tests.docker.test_dockerfile.TestDockerfileLabels" name="test_dockerfile_has_source_label" time="0.002" /><testcase classname="tests.integration.test_api_auth.TestRoleBasedAccess" name="test_user_role_is_lowercase" time="0.269" /><testcase classname="tests.docker.test_dockerfile.TestDockerfileLabels" name="test_dockerfile_has_licenses_label" time="0.002" /><testcase classname="tests.docker.test_dockerfile.TestDockerfileSecurity" name="test_dockerfile_creates_non_root_user" time="0.002" /><testcase classname="tests.docker.test_dockerfile.TestDockerfileSecurity" name="test_dockerfile_switches_to_non_root" time="0.002" /><testcase classname="tests.docker.test_dockerfile.TestDockerfileSecurity" name="test_dockerfile_no_secrets_hardcoded" time="0.003" /><testcase classname="tests.docker.test_dockerfile.TestDockerfileSecurity" name="test_dockerfile_no_sudo" time="0.002" /><testcase classname="tests.docker.test_dockerfile.TestDockerfileSecurity" name="test_dockerfile_no_ssh_private_keys" time="0.002" /><testcase classname="tests.docker.test_dockerfile.TestDockerfileHealthCheck" name="test_dockerfile_has_healthcheck" time="0.002" /><testcase classname="tests.docker.test_dockerfile.TestDockerfileHealthCheck" name="test_dockerfile_healthcheck_interval" time="0.002" /><testcase classname="tests.docker.test_dockerfile.TestDockerfileHealthCheck" name="test_dockerfile_healthcheck_timeout" time="0.002" /><testcase classname="tests.docker.test_dockerfile.TestDockerfileHealthCheck" name="test_dockerfile_healthcheck_retries" time="0.002" /><testcase classname="tests.docker.test_dockerfile.TestDockerfileHealthCheck" name="test_dockerfile_healthcheck_start_period" time="0.002" /><testcase classname="tests.integration.test_preview_integration.TestPreviewWindowWithComponents" name="test_preview_auto_resize_with_large_frames" time="0.152" /><testcase classname="tests.docker.test_dockerfile.TestDockerfileHealthCheck" name="test_dockerfile_healthcheck_uses_script" time="0.002" /><testcase classname="tests.docker.test_dockerfile.TestDockerfileEntrypoint" name="test_dockerfile_has_entrypoint" time="0.002" /><testcase classname="tests.docker.test_dockerfile.TestDockerfileEntrypoint" name="test_dockerfile_entrypoint_uses_script" time="0.002" /><testcase classname="tests.docker.test_dockerfile.TestDockerfileEntrypoint" name="test_dockerfile_copies_entrypoint" time="0.002" /><testcase classname="tests.k8s.test_yaml_validity.TestKubernetesApiVersion" name="test_api_versions_are_valid" time="0.233" /><testcase classname="tests.docker.test_dockerfile.TestDockerfileEntrypoint" name="test_dockerfile_makes_entrypoint_executable" time="0.002" /><testcase classname="tests.docker.test_dockerfile.TestDockerfileDependencies" name="test_dockerfile_installs_ffmpeg" time="0.002" /><testcase classname="tests.docker.test_dockerfile.TestDockerfileDependencies" name="test_dockerfile_installs_pytorch" time="0.002" /><testcase classname="tests.docker.test_dockerfile.TestDockerfileDependencies" name="test_dockerfile_uses_cuda_base_image" time="0.002" /><testcase classname="tests.docker.test_dockerfile.TestDockerfileDependencies" name="test_dockerfile_cpu_uses_python_base" time="0.002" /><testcase classname="tests.docker.test_dockerfile.TestDockerfileDependencies" name="test_dockerfile_installs_requirements" time="0.002" /><testcase classname="tests.docker.test_dockerfile.TestDockerfileDependencies" name="test_dockerfile_installs_package" time="0.002" /><testcase classname="tests.docker.test_dockerfile.TestDockerfileDependencies" name="test_dockerfile_copies_source_code" time="0.002" /><testcase classname="tests.docker.test_dockerfile.TestDockerfileEnvVars" name="test_dockerfile_sets_pythonunbuffered" time="0.002" /><testcase classname="tests.docker.test_dockerfile.TestDockerfileEnvVars" name="test_dockerfile_sets_pythondontwritebytecode" time="0.002" /><testcase classname="tests.docker.test_dockerfile.TestDockerfileEnvVars" name="test_dockerfile_sets_cuda_visible_devices" time="0.002" /><testcase classname="tests.docker.test_dockerfile.TestDockerfileEnvVars" name="test_dockerfile_cpu_sets_no_gpu_flag" time="0.002" /><testcase classname="tests.docker.test_dockerfile.TestDockerfileDirectories" name="test_dockerfile_creates_app_directory" time="0.002" /><testcase classname="tests.docker.test_dockerfile.TestDockerfileDirectories" name="test_dockerfile_creates_inputs_dir" time="0.002" /><testcase classname="tests.docker.test_dockerfile.TestDockerfileDirectories" name="test_dockerfile_creates_outputs_dir" time="0.002" /><testcase classname="tests.docker.test_dockerfile.TestDockerfileDirectories" name="test_dockerfile_creates_logs_dir" time="0.002" /><testcase classname="tests.docker.test_dockerfile.TestDockerfileDirectories" name="test_dockerfile_creates_models_dir" time="0.002" /><testcase classname="tests.docker.test_dockerfile.TestDockerfileDirectories" name="test_dockerfile_sets_directory_permissions" time="0.002" /><testcase classname="tests.docker.test_dockerfile.TestDockerfilePorts" name="test_dockerfile_exposes_api_port" time="0.002" /><testcase classname="tests.docker.test_dockerfile.TestDockerfilePorts" name="test_dockerfile_cpu_exposes_api_port" time="0.003" /><testcase classname="tests.docker.test_dockerfile.TestDockerfileLayerOrdering" name="test_dockerfile_copies_requirements_before_source" time="0.003" /><testcase classname="tests.docker.test_dockerfile.TestDockerfileLayerOrdering" name="test_dockerfile_installs_deps_before_copying_source" time="0.003" /><testcase classname="tests.docker.test_dockerfile.TestDockerfileOpenCVDependencies" name="test_dockerfile_installs_opencv_deps" time="0.003" /><testcase classname="tests.docker.test_dockerfile.TestDockerfileOpenCVDependencies" name="test_dockerfile_cpu_installs_opencv_deps" time="0.004" /><testcase classname="tests.docker.test_dockerignore.TestDockerignoreExists" name="test_dockerignore_exists" time="0.003" /><testcase classname="tests.docker.test_dockerignore.TestDockerignoreExists" name="test_dockerignore_is_file" time="0.002" /><testcase classname="tests.docker.test_dockerignore.TestDockerignoreExists" name="test_dockerignore_is_readable" time="0.002" /><testcase classname="tests.docker.test_dockerignore.TestDockerignorePythonExclusions" name="test_dockerignore_excludes_pycache" time="0.005" /><testcase classname="tests.docker.test_dockerignore.TestDockerignorePythonExclusions" name="test_dockerignore_excludes_pyc_files" time="0.003" /><testcase classname="tests.docker.test_dockerignore.TestDockerignorePythonExclusions" name="test_dockerignore_excludes_egg_info" time="0.002" /><testcase classname="tests.docker.test_dockerignore.TestDockerignorePythonExclusions" name="test_dockerignore_excludes_dist" time="0.002" /><testcase classname="tests.docker.test_dockerignore.TestDockerignorePythonExclusions" name="test_dockerignore_excludes_build" time="0.002" /><testcase classname="tests.docker.test_dockerignore.TestDockerignorePythonExclusions" name="test_dockerignore_excludes_venv" time="0.002" /><testcase classname="tests.docker.test_dockerignore.TestDockerignoreIDEExclusions" name="test_dockerignore_excludes_idea" time="0.002" /><testcase classname="tests.docker.test_dockerignore.TestDockerignoreIDEExclusions" name="test_dockerignore_excludes_vscode" time="0.002" /><testcase classname="tests.integration.test_preview_integration.TestPreviewErrorHandling" name="test_handles_window_creation_error" time="0.055" /><testcase classname="tests.docker.test_dockerignore.TestDockerignoreTestingExclusions" name="test_dockerignore_excludes_pytest_cache" time="0.002" /><testcase classname="tests.docker.test_dockerignore.TestDockerignoreTestingExclusions" name="test_dockerignore_excludes_coverage" time="0.002" /><testcase classname="tests.docker.test_dockerignore.TestDockerignoreTestingExclusions" name="test_dockerignore_excludes_htmlcov" time="0.002" /><testcase classname="tests.docker.test_dockerignore.TestDockerignoreGitExclusions" name="test_dockerignore_excludes_git" time="0.002" /><testcase classname="tests.docker.test_dockerignore.TestDockerignoreDockerExclusions" name="test_dockerignore_excludes_dockerfiles" time="0.002" /><testcase classname="tests.docker.test_dockerignore.TestDockerignoreDockerExclusions" name="test_dockerignore_excludes_docker_compose" time="0.002" /><testcase classname="tests.docker.test_dockerignore.TestDockerignoreDockerExclusions" name="test_dockerignore_excludes_dockerignore" time="0.002" /><testcase classname="tests.docker.test_dockerignore.TestDockerignoreEnvExclusions" name="test_dockerignore_excludes_env" time="0.002" /><testcase classname="tests.docker.test_dockerignore.TestDockerignoreEnvExclusions" name="test_dockerignore_keeps_env_example" time="0.002" /><testcase classname="tests.docker.test_dockerignore.TestDockerignoreInputOutputExclusions" name="test_dockerignore_excludes_inputs" time="0.002" /><testcase classname="tests.docker.test_dockerignore.TestDockerignoreInputOutputExclusions" name="test_dockerignore_excludes_outputs" time="0.002" /><testcase classname="tests.docker.test_dockerignore.TestDockerignoreInputOutputExclusions" name="test_dockerignore_excludes_models" time="0.002" /><testcase classname="tests.docker.test_dockerignore.TestDockerignoreLogExclusions" name="test_dockerignore_excludes_logs" time="0.002" /><testcase classname="tests.docker.test_dockerignore.TestDockerignoreDocumentationExclusions" name="test_dockerignore_excludes_docs" time="0.002" /><testcase classname="tests.docker.test_dockerignore.TestDockerignoreDocumentationExclusions" name="test_dockerignore_keeps_readme" time="0.002" /><testcase classname="tests.docker.test_dockerignore.TestDockerignoreDevelopmentExclusions" name="test_dockerignore_excludes_pre_commit" time="0.002" /><testcase classname="tests.integration.test_preview_integration.TestPreviewErrorHandling" name="test_handles_show_error_gracefully" time="0.050" /><testcase classname="tests.docker.test_dockerignore.TestDockerignoreDevelopmentExclusions" name="test_dockerignore_excludes_github" time="0.002" /><testcase classname="tests.docker.test_dockerignore.TestDockerignoreDevelopmentExclusions" name="test_dockerignore_excludes_ci_configs" time="0.002" /><testcase classname="tests.docker.test_dockerignore.TestDockerignoreOSEclusions" name="test_dockerignore_excludes_ds_store" time="0.002" /><testcase classname="tests.docker.test_dockerignore.TestDockerignoreOSEclusions" name="test_dockerignore_excludes_thumbs_db" time="0.002" /><testcase classname="tests.unit.test_auth_database.TestUserModel" name="test_user_model_has_user_id" time="0.002" /><testcase classname="tests.unit.test_auth_database.TestUserModel" name="test_user_model_has_email" time="0.002" /><testcase classname="tests.integration.test_api_auth.TestTokenExpiration" name="test_token_response_has_expires_in" time="0.260" /><testcase classname="tests.unit.test_auth_database.TestUserModel" name="test_user_model_has_username" time="0.002" /><testcase classname="tests.unit.test_auth_database.TestUserModel" name="test_user_model_has_hashed_password" time="0.002" /><testcase classname="tests.unit.test_auth_database.TestUserModel" name="test_user_model_has_role" time="0.002" /><testcase classname="tests.unit.test_auth_database.TestUserModel" name="test_user_model_has_is_active" time="0.002" /><testcase classname="tests.unit.test_auth_database.TestUserModel" name="test_user_model_has_created_at" time="0.002" /><testcase classname="tests.k8s.test_yaml_validity.TestKubernetesMetadata" name="test_all_resources_have_name" time="0.230" /><testcase classname="tests.unit.test_auth_database.TestUserModel" name="test_user_model_has_last_login" time="0.002" /><testcase classname="tests.unit.test_auth_database.TestUserModel" name="test_user_model_tablename" time="0.002" /><testcase classname="tests.unit.test_auth_database.TestUserModel" name="test_user_model_repr" time="0.003" /><testcase classname="tests.unit.test_auth_database.TestDatabaseInitialization" name="test_init_database_creates_file" time="0.223" /><testcase classname="tests.integration.test_preview_integration.TestPreviewPerformance" name="test_update_rate_limiting_prevents_excessive_updates" time="0.005" /><testcase classname="tests.integration.test_preview_integration.TestPreviewPerformance" name="test_context_manager_cleanup" time="0.002" /><testcase classname="tests.integration.test_profiler_integration.TestProfilerPipelineIntegration" name="test_video_conversion_pipeline_profiling" time="0.055" /><testcase classname="tests.integration.test_profiler_integration.TestProfilerPipelineIntegration" name="test_nested_profiling_with_child_profilers" time="0.023" /><testcase classname="tests.integration.test_profiler_integration.TestProfilerBatchProcessingIntegration" name="test_batch_processing_profiling" time="0.023" /><testcase classname="tests.integration.test_profiler_integration.TestProfilerBatchProcessingIntegration" name="test_parallel_component_profiling" time="0.028" /><testcase classname="tests.integration.test_profiler_integration.TestProfilerWithDecoratorsIntegration" name="test_profile_component_decorator_integration" time="0.010" /><testcase classname="tests.integration.test_profiler_integration.TestProfilerMemoryBoundedIntegration" name="test_memory_bounded_with_many_measurements" time="0.081" /><testcase classname="tests.k8s.test_yaml_validity.TestKubernetesMetadata" name="test_all_resources_have_namespace_or_cluster_scoped" time="0.228" /><testcase classname="tests.unit.test_adaptive_sizer_part2.TestCooldownPeriod" name="test_is_in_cooldown_initially_false" time="0.002" /><testcase classname="tests.unit.test_auth_database.TestDatabaseInitialization" name="test_init_database_creates_tables" time="0.020" /><testcase classname="tests.unit.test_adaptive_sizer_part2.TestCooldownPeriod" name="test_is_in_cooldown_after_adjustment" time="0.002" /><testcase classname="tests.unit.test_adaptive_sizer_part2.TestCooldownPeriod" name="test_is_in_cooldown_expires" time="0.052" /><testcase classname="tests.integration.test_api_auth.TestOpenAPIDocumentation" name="test_auth_endpoints_in_openapi" time="0.071" /><testcase classname="tests.integration.test_profiler_integration.TestProfilerGlobalRegistryIntegration" name="test_shared_profiler_across_functions" time="0.013" /><testcase classname="tests.unit.test_auth_database.TestDatabaseInitialization" name="test_get_session_returns_session" time="0.018" /><testcase classname="tests.integration.test_profiler_integration.TestProfilerReportIntegration" name="test_comprehensive_report_generation" time="0.068" /><testcase classname="tests.unit.test_auth_database.TestSessionScope" name="test_session_scope_commits_on_success" time="0.032" /><testcase classname="tests.unit.test_adaptive_sizer_part2.TestCooldownPeriod" name="test_adjustment_skipped_during_cooldown" time="0.003" /><testcase classname="tests.unit.test_adaptive_sizer_part2.TestStabilityDetection" name="test_is_stable_insufficient_samples" time="0.002" /><testcase classname="tests.unit.test_adaptive_sizer_part2.TestStabilityDetection" name="test_is_stable_with_consistent_samples" time="0.002" /><testcase classname="tests.unit.test_adaptive_sizer_part2.TestStabilityDetection" name="test_is_stable_with_varying_samples" time="0.002" /><testcase classname="tests.unit.test_adaptive_sizer_part2.TestStabilityDetection" name="test_is_stable_with_zero_mean" time="0.002" /><testcase classname="tests.unit.test_auth_database.TestSessionScope" name="test_session_scope_rollback_on_error" time="0.029" /><testcase classname="tests.unit.test_adaptive_sizer_part2.TestRecommendedBatchSize" name="test_recommended_batch_size_basic" time="0.002" /><testcase classname="tests.unit.test_adaptive_sizer_part2.TestRecommendedBatchSize" name="test_recommended_batch_size_respects_max" time="0.002" /><testcase classname="tests.integration.test_api_auth.TestOpenAPIDocumentation" name="test_auth_endpoints_have_auth_tag" time="0.071" /><testcase classname="tests.unit.test_adaptive_sizer_part2.TestRecommendedBatchSize" name="test_recommended_batch_size_respects_min" time="0.002" /><testcase classname="tests.unit.test_adaptive_sizer_part2.TestRecommendedBatchSize" name="test_recommended_batch_size_with_memory_pressure" time="0.002" /><testcase classname="tests.unit.test_adaptive_sizer_part2.TestRecommendedBatchSize" name="test_recommended_batch_size_with_available_memory" time="0.002" /><testcase classname="tests.unit.test_adaptive_sizer_part2.TestGPUScaling" name="test_scale_up_on_gpu_underutilized" time="0.004" /><testcase classname="tests.unit.test_adaptive_sizer_part2.TestGPUScaling" name="test_scale_down_on_gpu_overloaded" time="0.004" /><testcase classname="tests.unit.test_adaptive_sizer_part2.TestHistoryTracking" name="test_history_tracks_all_adjustments" time="0.003" /><testcase classname="tests.integration.test_upscaling_integration.TestUpscalingPipelineIntegration" name="test_end_to_end_single_frame_upscaling" time="0.010" /><testcase classname="tests.unit.test_auth_database.TestUserModelConstraints" name="test_email_unique_constraint" time="0.026" /><testcase classname="tests.unit.test_adaptive_sizer_part2.TestHistoryTracking" name="test_history_window_behavior" time="0.002" /><testcase classname="tests.unit.test_adaptive_sizer_part2.TestEdgeCases" name="test_batch_size_at_max_no_scale_up" time="0.003" /><testcase classname="tests.unit.test_adaptive_sizer_part2.TestEdgeCases" name="test_batch_size_at_min_no_scale_down" time="0.002" /><testcase classname="tests.integration.test_upscaling_integration.TestUpscalingPipelineIntegration" name="test_end_to_end_batch_upscaling" time="0.171" /><testcase classname="tests.unit.test_adaptive_sizer_part2.TestEdgeCases" name="test_callback_exception_handling" time="0.024" /><testcase classname="tests.unit.test_auth_database.TestUserModelConstraints" name="test_username_unique_constraint" time="0.034" /><testcase classname="tests.unit.test_adaptive_sizer_part2.TestEdgeCases" name="test_zero_memory_total_handling" time="0.003" /><testcase classname="tests.unit.test_anaglyph.TestAnaglyphType" name="test_all_types_exist" time="0.002" /><testcase classname="tests.unit.test_anaglyph.TestAnaglyphType" name="test_type_values" time="0.002" /><testcase classname="tests.unit.test_anaglyph.TestAnaglyphEncoder" name="test_initialization_default" time="0.005" /><testcase classname="tests.integration.test_api_auth.TestEdgeCases" name="test_login_case_insensitive_username" time="0.501" /><testcase classname="tests.unit.test_anaglyph.TestAnaglyphEncoder" name="test_initialization_custom_type" time="0.003" /><testcase classname="tests.unit.test_anaglyph.TestAnaglyphEncoder" name="test_encode_red_cyan_dubois" time="0.007" /><testcase classname="tests.unit.test_auth_database.TestUserModelConstraints" name="test_user_id_primary_key" time="0.002" /><testcase classname="tests.unit.test_auth_database.TestUserModelConstraints" name="test_email_not_nullable" time="0.002" /><testcase classname="tests.unit.test_auth_database.TestUserModelConstraints" name="test_username_not_nullable" time="0.002" /><testcase classname="tests.unit.test_anaglyph.TestAnaglyphEncoder" name="test_encode_red_cyan_color" time="0.004" /><testcase classname="tests.unit.test_auth_database.TestUserModelConstraints" name="test_hashed_password_not_nullable" time="0.002" /><testcase classname="tests.unit.test_auth_database.TestUserModelDefaults" name="test_role_default_is_user" time="0.002" /><testcase classname="tests.unit.test_anaglyph.TestAnaglyphEncoder" name="test_encode_red_cyan_gray" time="0.005" /><testcase classname="tests.unit.test_auth_database.TestUserModelDefaults" name="test_is_active_default_is_true" time="0.002" /><testcase classname="tests.unit.test_auth_database.TestUserModelDefaults" name="test_created_at_default_is_set" time="0.002" /><testcase classname="tests.unit.test_anaglyph.TestAnaglyphEncoder" name="test_encode_red_cyan_half_color" time="0.004" /><testcase classname="tests.unit.test_auth_database.TestUserModelDefaults" name="test_last_login_default_is_none" time="0.002" /><testcase classname="tests.unit.test_anaglyph.TestAnaglyphEncoder" name="test_encode_magenta_green" time="0.006" /><testcase classname="tests.unit.test_auth_database.TestDatabasePath" name="test_get_database_path" time="0.004" /><testcase classname="tests.unit.test_auth_database.TestDatabasePath" name="test_database_directory_created" time="0.003" /><testcase classname="tests.unit.test_anaglyph.TestAnaglyphEncoder" name="test_encode_amber_blue" time="0.006" /><testcase classname="tests.unit.test_auth_database.TestModelIndexes" name="test_email_has_index" time="0.002" /><testcase classname="tests.unit.test_auth_database.TestModelIndexes" name="test_username_has_index" time="0.002" /><testcase classname="tests.unit.test_anaglyph.TestAnaglyphEncoder" name="test_encode_uses_default_type" time="0.006" /><testcase classname="tests.unit.test_auth_database.TestDatabaseCleanup" name="test_multiple_sessions_work" time="0.018" /><testcase classname="tests.unit.test_anaglyph.TestAnaglyphEncoder" name="test_encode_grayscale_input" time="0.006" /><testcase classname="tests.unit.test_anaglyph.TestAnaglyphEncoder" name="test_encode_float_input" time="0.006" /><testcase classname="tests.unit.test_auth_database.TestDatabaseCleanup" name="test_session_query_works" time="0.020" /><testcase classname="tests.unit.test_anaglyph.TestAnaglyphEncoder" name="test_encode_rgba_input" time="0.006" /><testcase classname="tests.unit.test_anaglyph.TestAnaglyphEncoder" name="test_encode_dimension_mismatch_raises_error" time="0.004" /><testcase classname="tests.unit.test_anaglyph.TestAnaglyphEncoder" name="test_convenience_methods" time="0.010" /><testcase classname="tests.unit.test_auth_jwt_service.TestPasswordHashing" name="test_hash_password_returns_string" time="0.231" /><testcase classname="tests.unit.test_anaglyph.TestAnaglyphGeneratorIntegration" name="test_initialization_with_string" time="0.004" /><testcase classname="tests.unit.test_anaglyph.TestAnaglyphGeneratorIntegration" name="test_initialization_with_enum" time="0.004" /><testcase classname="tests.unit.test_anaglyph.TestAnaglyphGeneratorIntegration" name="test_combine_with_magenta_green" time="0.006" /><testcase classname="tests.unit.test_anaglyph.TestAnaglyphGeneratorIntegration" name="test_combine_with_amber_blue" time="0.006" /><testcase classname="tests.unit.test_anaglyph.TestAnaglyphGeneratorIntegration" name="test_combine_with_half_color" time="0.004" /><testcase classname="tests.integration.test_upscaling_integration.TestUpscalingPipelineIntegration" name="test_end_to_end_generator_upscaling" time="0.161" /><testcase classname="tests.unit.test_anaglyph.TestAnaglyphGeneratorIntegration" name="test_combine_with_method_override" time="0.006" /><testcase classname="tests.unit.test_anaglyph.TestAnaglyphGeneratorIntegration" name="test_combine_with_enum_override" time="0.006" /><testcase classname="tests.unit.test_anaglyph.TestAnaglyphGeneratorIntegration" name="test_invalid_anaglyph_type_string" time="0.003" /><testcase classname="tests.unit.test_anaglyph.TestAnaglyphGeneratorIntegration" name="test_set_anaglyph_type" time="0.004" /><testcase classname="tests.unit.test_anaglyph.TestAnaglyphGeneratorIntegration" name="test_set_anaglyph_type_with_enum" time="0.004" /><testcase classname="tests.unit.test_anaglyph.TestAnaglyphGeneratorIntegration" name="test_all_string_aliases" time="0.008" /><testcase classname="tests.unit.test_anaglyph.TestAnaglyphGeneratorIntegration" name="test_convenience_methods" time="0.010" /><testcase classname="tests.unit.test_anaglyph.TestConvenienceFunctions" name="test_create_anaglyph_encoder" time="0.003" /><testcase classname="tests.unit.test_anaglyph.TestConvenienceFunctions" name="test_encode_anaglyph" time="0.005" /><testcase classname="tests.unit.test_anaglyph.TestEdgeCases" name="test_single_channel_image" time="0.004" /><testcase classname="tests.unit.test_anaglyph.TestEdgeCases" name="test_very_small_image" time="0.003" /><testcase classname="tests.unit.test_anaglyph.TestEdgeCases" name="test_identical_views" time="0.006" /><testcase classname="tests.unit.test_anaglyph.TestEdgeCases" name="test_extreme_color_values" time="0.004" /><testcase classname="tests.unit.test_anaglyph.TestEdgeCases" name="test_different_encodings_produce_different_results" time="0.010" /><testcase classname="tests.unit.test_anaglyph.TestEdgeCases" name="test_case_insensitive_parsing" time="0.004" /><testcase classname="tests.unit.test_anaglyph.TestEdgeCases" name="test_invalid_image_shape_1d_raises_error" time="0.003" /><testcase classname="tests.unit.test_anaglyph.TestEdgeCases" name="test_image_too_small_raises_error" time="0.003" /><testcase classname="tests.unit.test_anaglyph.TestEdgeCases" name="test_float_image_outside_range_clips" time="0.005" /><testcase classname="tests.unit.test_anaglyph.TestEdgeCases" name="test_invalid_channel_count_raises_error" time="0.004" /><testcase classname="tests.unit.test_anaglyph.TestPerformanceOptimizations" name="test_einsum_produces_same_results_as_loops" time="0.010" /><testcase classname="tests.unit.test_anaglyph.TestConstants" name="test_luminance_constants_exist" time="0.002" /><testcase classname="tests.unit.test_audio_config.TestAudioChannelLayout" name="test_channel_layout_values" time="0.002" /><testcase classname="tests.unit.test_audio_config.TestAudioChannelLayout" name="test_from_channel_count" time="0.002" /><testcase classname="tests.unit.test_audio_config.TestAudioChannelLayout" name="test_channel_count_property" time="0.002" /><testcase classname="tests.unit.test_audio_config.TestAudioChannelLayout" name="test_to_ffmpeg_layout" time="0.002" /><testcase classname="tests.unit.test_audio_config.TestSpatialAudioFormat" name="test_spatial_format_values" time="0.002" /><testcase classname="tests.unit.test_audio_config.TestSpatialAudioFormat" name="test_is_ambisonics" time="0.002" /><testcase classname="tests.unit.test_audio_config.TestSpatialAudioFormat" name="test_requires_encoding" time="0.002" /><testcase classname="tests.unit.test_audio_config.TestAudioFormatConfig" name="test_default_values" time="0.002" /><testcase classname="tests.unit.test_audio_config.TestAudioFormatConfig" name="test_custom_values" time="0.002" /><testcase classname="tests.integration.test_upscaling_integration.TestUpscalingWithTiling" name="test_tiled_upscaling_large_image" time="0.026" /><testcase classname="tests.unit.test_audio_config.TestAudioFormatConfig" name="test_invalid_codec_raises_error" time="0.002" /><testcase classname="tests.unit.test_audio_config.TestAudioFormatConfig" name="test_invalid_bitrate_raises_error" time="0.002" /><testcase classname="tests.unit.test_audio_config.TestAudioFormatConfig" name="test_invalid_quality_raises_error" time="0.002" /><testcase classname="tests.unit.test_audio_config.TestAudioFormatConfig" name="test_to_ffmpeg_args" time="0.002" /><testcase classname="tests.unit.test_audio_config.TestAudioFormatConfig" name="test_to_dict" time="0.002" /><testcase classname="tests.unit.test_audio_config.TestSpatialAudioConfig" name="test_default_values" time="0.002" /><testcase classname="tests.unit.test_audio_config.TestSpatialAudioConfig" name="test_custom_values" time="0.002" /><testcase classname="tests.unit.test_audio_config.TestSpatialAudioConfig" name="test_invalid_room_size_raises_error" time="0.002" /><testcase classname="tests.integration.test_upscaling_integration.TestUpscalingWithTiling" name="test_tiled_upscaling_exact_tile_size" time="0.004" /><testcase classname="tests.unit.test_audio_config.TestSpatialAudioConfig" name="test_invalid_reverb_raises_error" time="0.002" /><testcase classname="tests.unit.test_audio_config.TestSpatialAudioConfig" name="test_to_ffmpeg_filter_disabled" time="0.002" /><testcase classname="tests.unit.test_auth_jwt_service.TestPasswordHashing" name="test_hash_password_is_bcrypt" time="0.211" /><testcase classname="tests.integration.test_upscaling_integration.TestUpscalingModelVariants" name="test_different_model_types[realesrgan-x4plus-4]" time="0.004" /><testcase classname="tests.unit.test_audio_config.TestSpatialAudioConfig" name="test_to_dict" time="0.002" /><testcase classname="tests.integration.test_upscaling_integration.TestUpscalingModelVariants" name="test_different_model_types[realesrgan-x2plus-2]" time="0.003" /><testcase classname="tests.unit.test_audio_config.TestAudioConfig" name="test_default_values" time="0.002" /><testcase classname="tests.unit.test_audio_config.TestAudioConfig" name="test_custom_values" time="0.002" /><testcase classname="tests.integration.test_upscaling_integration.TestUpscalingModelVariants" name="test_different_model_types[realesrgan-x4plus-anime-4]" time="0.004" /><testcase classname="tests.unit.test_audio_config.TestAudioConfig" name="test_invalid_normalization_target_raises_error" time="0.002" /><testcase classname="tests.integration.test_upscaling_integration.TestUpscalingModelVariants" name="test_different_model_types[realesrgan-general-x4v3-4]" time="0.004" /><testcase classname="tests.unit.test_audio_config.TestAudioConfig" name="test_to_dict" time="0.002" /><testcase classname="tests.unit.test_audio_constants.TestConstants" name="test_timeout_values_are_positive" time="0.002" /><testcase classname="tests.integration.test_upscaling_integration.TestUpscalingModelVariants" name="test_model_type_anime_optimized" time="0.004" /><testcase classname="tests.unit.test_audio_constants.TestConstants" name="test_timeout_hierarchy" time="0.002" /><testcase classname="tests.unit.test_audio_constants.TestConstants" name="test_error_message_max_length" time="0.002" /><testcase classname="tests.integration.test_upscaling_integration.TestUpscalingConfigIntegration" name="test_config_serialization_roundtrip" time="0.002" /><testcase classname="tests.unit.test_audio_constants.TestConstants" name="test_codec_extensions_mapping" time="0.002" /><testcase classname="tests.integration.test_upscaling_integration.TestUpscalingConfigIntegration" name="test_config_with_video_upscaler" time="0.149" /><testcase classname="tests.unit.test_audio_constants.TestConstants" name="test_default_values" time="0.002" /><testcase classname="tests.unit.test_audio_constants.TestCheckFfmpegAvailable" name="test_ffmpeg_available" time="0.003" /><testcase classname="tests.unit.test_audio_constants.TestCheckFfmpegAvailable" name="test_ffmpeg_not_available" time="0.002" /><testcase classname="tests.unit.test_audio_constants.TestGetExtensionForCodec" name="test_known_codec" time="0.002" /><testcase classname="tests.unit.test_audio_constants.TestGetExtensionForCodec" name="test_unknown_codec_returns_default" time="0.002" /><testcase classname="tests.unit.test_audio_constants.TestGetExtensionForCodec" name="test_returns_string" time="0.002" /><testcase classname="tests.unit.test_audio_constants.TestTruncateErrorMessage" name="test_none_message" time="0.002" /><testcase classname="tests.unit.test_audio_constants.TestTruncateErrorMessage" name="test_short_message_unchanged" time="0.002" /><testcase classname="tests.unit.test_audio_constants.TestTruncateErrorMessage" name="test_long_message_truncated" time="0.002" /><testcase classname="tests.unit.test_audio_constants.TestTruncateErrorMessage" name="test_exact_length_message" time="0.002" /><testcase classname="tests.unit.test_audio_constants.TestTruncateErrorMessage" name="test_default_max_length" time="0.002" /><testcase classname="tests.unit.test_audio_constants.TestTruncateErrorMessage" name="test_custom_max_length" time="0.002" /><testcase classname="tests.unit.test_audio_constants.TestTruncateErrorMessage" name="test_empty_string" time="0.002" /><testcase classname="tests.unit.test_audio_constants.TestTruncateErrorMessage" name="test_returns_string" time="0.002" /><testcase classname="tests.unit.test_audio_exceptions.TestAudioProcessingError" name="test_basic_error" time="0.002" /><testcase classname="tests.unit.test_audio_exceptions.TestAudioProcessingError" name="test_error_with_file_path" time="0.002" /><testcase classname="tests.unit.test_audio_exceptions.TestAudioProcessingError" name="test_error_with_reason" time="0.002" /><testcase classname="tests.unit.test_audio_exceptions.TestAudioExtractionError" name="test_basic_error" time="0.002" /><testcase classname="tests.unit.test_audio_exceptions.TestAudioExtractionError" name="test_error_with_track_index" time="0.002" /><testcase classname="tests.unit.test_audio_exceptions.TestAudioExtractionError" name="test_error_with_reason" time="0.002" /><testcase classname="tests.unit.test_audio_exceptions.TestAudioCodecNotSupportedError" name="test_basic_error" time="0.002" /><testcase classname="tests.unit.test_audio_exceptions.TestAudioCodecNotSupportedError" name="test_error_with_supported_codecs" time="0.002" /><testcase classname="tests.unit.test_audio_exceptions.TestAudioTrackNotFoundError" name="test_basic_error" time="0.002" /><testcase classname="tests.unit.test_audio_exceptions.TestAudioTrackNotFoundError" name="test_error_with_available_tracks" time="0.002" /><testcase classname="tests.unit.test_audio_exceptions.TestAudioChannelLayoutError" name="test_basic_error" time="0.002" /><testcase classname="tests.unit.test_audio_exceptions.TestAudioChannelLayoutError" name="test_error_with_reason" time="0.002" /><testcase classname="tests.unit.test_audio_exceptions.TestAudioMixError" name="test_basic_error" time="0.002" /><testcase classname="tests.unit.test_audio_exceptions.TestSpatialAudioError" name="test_basic_error" time="0.002" /><testcase classname="tests.unit.test_audio_exceptions.TestSpatialAudioError" name="test_error_with_reason" time="0.002" /><testcase classname="tests.unit.test_audio_metadata.TestAudioTrackInfo" name="test_default_values" time="0.002" /><testcase classname="tests.unit.test_audio_metadata.TestAudioTrackInfo" name="test_channel_layout_enum" time="0.002" /><testcase classname="tests.unit.test_audio_metadata.TestAudioTrackInfo" name="test_bitrate_kbps" time="0.002" /><testcase classname="tests.unit.test_audio_metadata.TestAudioTrackInfo" name="test_duration_formatted" time="0.002" /><testcase classname="tests.unit.test_audio_metadata.TestAudioTrackInfo" name="test_is_lossless" time="0.002" /><testcase classname="tests.unit.test_audio_metadata.TestAudioTrackInfo" name="test_is_spatial" time="0.002" /><testcase classname="tests.unit.test_audio_metadata.TestAudioTrackInfo" name="test_to_dict" time="0.002" /><testcase classname="tests.unit.test_audio_metadata.TestAudioMetadata" name="test_default_values" time="0.002" /><testcase classname="tests.unit.test_audio_metadata.TestAudioMetadata" name="test_extract_from_video_no_audio" time="0.004" /><testcase classname="tests.unit.test_audio_metadata.TestAudioMetadata" name="test_extract_from_video_with_audio" time="0.004" /><testcase classname="tests.unit.test_audio_metadata.TestAudioMetadata" name="test_extract_from_video_file_not_found" time="0.003" /><testcase classname="tests.unit.test_audio_metadata.TestAudioMetadata" name="test_get_track" time="0.002" /><testcase classname="tests.unit.test_audio_metadata.TestAudioMetadata" name="test_get_default_track" time="0.002" /><testcase classname="tests.integration.test_api_auth.TestEdgeCases" name="test_login_case_insensitive_email" time="0.487" /><testcase classname="tests.unit.test_audio_metadata.TestAudioMetadata" name="test_has_multi_channel" time="0.002" /><testcase classname="tests.unit.test_audio_metadata.TestAudioMetadata" name="test_has_multiple_tracks" time="0.002" /><testcase classname="tests.unit.test_audio_metadata.TestAudioMetadata" name="test_to_dict" time="0.002" /><testcase classname="tests.integration.test_upscaling_integration.TestUpscalingErrorRecovery" name="test_upscaling_continues_after_bad_frame" time="0.003" /><testcase classname="tests.unit.test_audio_multichannel.TestDownmixResult" name="test_default_values" time="0.002" /><testcase classname="tests.unit.test_audio_multichannel.TestDownmixResult" name="test_custom_values" time="0.002" /><testcase classname="tests.integration.test_upscaling_integration.TestUpscalingMemoryEfficiency" name="test_generator_memory_efficiency" time="0.396" /><testcase classname="tests.unit.test_audio_multichannel.TestMultiChannelAudioProcessor" name="test_init_default" time="0.002" /><testcase classname="tests.unit.test_audio_multichannel.TestMultiChannelAudioProcessor" name="test_init_with_config" time="0.002" /><testcase classname="tests.unit.test_audio_multichannel.TestMultiChannelAudioProcessor" name="test_ffmpeg_not_available_raises_error" time="0.003" /><testcase classname="tests.unit.test_audio_multichannel.TestMultiChannelAudioProcessor" name="test_downmix_coefficients_defined" time="0.002" /><testcase classname="tests.unit.test_audio_multichannel.TestMultiChannelAudioProcessor" name="test_build_downmix_filter_51_to_stereo" time="0.002" /><testcase classname="tests.unit.test_audio_multichannel.TestMultiChannelAudioProcessor" name="test_build_downmix_filter_71_to_stereo" time="0.002" /><testcase classname="tests.unit.test_audio_multichannel.TestMultiChannelAudioProcessor" name="test_build_downmix_filter_no_downmix_needed" time="0.002" /><testcase classname="tests.unit.test_auth_jwt_service.TestPasswordHashing" name="test_hash_password_different_each_time" time="0.421" /><testcase classname="tests.unit.test_audio_multichannel.TestMultiChannelAudioProcessor" name="test_build_upmix_filter_mono_to_stereo" time="0.002" /><testcase classname="tests.unit.test_audio_multichannel.TestMultiChannelAudioProcessor" name="test_build_upmix_filter_stereo_to_51" time="0.002" /><testcase classname="tests.unit.test_audio_multichannel.TestMultiChannelAudioProcessor" name="test_build_upmix_filter_no_upmix_needed" time="0.002" /><testcase classname="tests.unit.test_audio_multichannel.TestMultiChannelAudioProcessor" name="test_downmix_to_stereo_input_not_found" time="0.002" /><testcase classname="tests.unit.test_audio_multichannel.TestMultiChannelAudioProcessor" name="test_downmix_to_stereo_no_audio" time="0.003" /><testcase classname="tests.unit.test_audio_multichannel.TestMultiChannelAudioProcessor" name="test_downmix_to_stereo_success" time="0.004" /><testcase classname="tests.unit.test_audio_multichannel.TestMultiChannelAudioProcessor" name="test_downmix_to_stereo_ffmpeg_error" time="0.004" /><testcase classname="tests.unit.test_audio_multichannel.TestMultiChannelAudioProcessor" name="test_upmix_to_surround_success" time="0.005" /><testcase classname="tests.unit.test_audio_multichannel.TestMultiChannelAudioProcessor" name="test_convert_channel_layout_downmix" time="0.004" /><testcase classname="tests.unit.test_audio_multichannel.TestMultiChannelAudioProcessor" name="test_convert_channel_layout_upmix" time="0.003" /><testcase classname="tests.unit.test_audio_multichannel.TestMultiChannelAudioProcessor" name="test_convert_channel_layout_same_channels" time="0.004" /><testcase classname="tests.unit.test_audio_multichannel.TestMultiChannelAudioProcessor" name="test_get_optimal_layout_no_audio" time="0.002" /><testcase classname="tests.unit.test_audio_multichannel.TestMultiChannelAudioProcessor" name="test_get_optimal_layout_stereo" time="0.002" /><testcase classname="tests.unit.test_audio_multichannel.TestMultiChannelAudioProcessor" name="test_get_optimal_layout_surround_prefer_surround" time="0.003" /><testcase classname="tests.unit.test_audio_multichannel.TestMultiChannelAudioProcessor" name="test_get_optimal_layout_surround_default" time="0.002" /><testcase classname="tests.unit.test_audio_spatial.TestSpatialProcessingResult" name="test_default_values" time="0.002" /><testcase classname="tests.unit.test_audio_spatial.TestSpatialProcessingResult" name="test_error_result" time="0.002" /><testcase classname="tests.unit.test_audio_spatial.TestSpatialAudioProcessor" name="test_init_default" time="0.003" /><testcase classname="tests.unit.test_audio_spatial.TestSpatialAudioProcessor" name="test_init_with_config" time="0.002" /><testcase classname="tests.unit.test_audio_spatial.TestSpatialAudioProcessor" name="test_ffmpeg_not_available_raises_error" time="0.002" /><testcase classname="tests.unit.test_audio_spatial.TestSpatialAudioProcessor" name="test_get_output_channel_count_disabled" time="0.002" /><testcase classname="tests.unit.test_audio_spatial.TestSpatialAudioProcessor" name="test_get_output_channel_count_binaural" time="0.002" /><testcase classname="tests.unit.test_audio_spatial.TestSpatialAudioProcessor" name="test_get_output_channel_count_ambisonics_1st" time="0.002" /><testcase classname="tests.unit.test_audio_spatial.TestSpatialAudioProcessor" name="test_get_output_channel_count_ambisonics_2nd" time="0.002" /><testcase classname="tests.unit.test_audio_spatial.TestSpatialAudioProcessor" name="test_process_input_not_found" time="0.002" /><testcase classname="tests.unit.test_audio_spatial.TestSpatialAudioProcessor" name="test_process_success" time="0.004" /><testcase classname="tests.unit.test_audio_spatial.TestSpatialAudioProcessor" name="test_process_ffmpeg_error" time="0.004" /><testcase classname="tests.unit.test_audio_spatial.TestSpatialAudioProcessor" name="test_process_timeout" time="0.004" /><testcase classname="tests.unit.test_audio_spatial.TestSpatialAudioProcessor" name="test_process_video_audio" time="0.003" /><testcase classname="tests.unit.test_audio_spatial.TestSpatialAudioProcessor" name="test_build_binaural_filter_center_sound" time="0.002" /><testcase classname="tests.unit.test_audio_spatial.TestSpatialAudioProcessor" name="test_build_binaural_filter_left_sound" time="0.003" /><testcase classname="tests.unit.test_audio_spatial.TestSpatialAudioProcessor" name="test_build_binaural_filter_with_hrtf" time="0.002" /><testcase classname="tests.unit.test_audio_spatial.TestSpatialAudioProcessor" name="test_build_ambisonics_filter" time="0.002" /><testcase classname="tests.unit.test_audio_spatial.TestSpatialAudioProcessor" name="test_build_spatial_filter_chain_disabled" time="0.003" /><testcase classname="tests.unit.test_audio_spatial.TestSpatialAudioProcessor" name="test_room_presets_defined" time="0.002" /><testcase classname="tests.unit.test_audio_spatial.TestSpatialAudioProcessor" name="test_get_audio_duration_success" time="0.003" /><testcase classname="tests.unit.test_audio_spatial.TestSpatialAudioProcessor" name="test_get_audio_duration_failure" time="0.003" /><testcase classname="tests.unit.test_audio_spatial.TestSpatialAudioProcessor" name="test_get_audio_duration_timeout" time="0.003" /><testcase classname="tests.unit.test_batch_queue_scheduler.TestAddJobWithScheduler" name="test_add_job_dependency_not_found" time="0.004" /><testcase classname="tests.unit.test_batch_queue_scheduler.TestAddJobWithScheduler" name="test_add_job_with_priority" time="0.004" /><testcase classname="tests.unit.test_batch_queue_scheduler.TestDependencyReverseTracking" name="test_dependent_jobs_updated" time="0.005" /><testcase classname="tests.unit.test_batch_queue_scheduler.TestDependencyReverseTracking" name="test_multiple_dependent_jobs" time="0.005" /><testcase classname="tests.unit.test_batch_queue_scheduler.TestCircularDependencyDetection" name="test_direct_circular_dependency" time="0.005" /><testcase classname="tests.unit.test_batch_queue_scheduler.TestCircularDependencyDetection" name="test_indirect_circular_dependency" time="0.006" /><testcase classname="tests.unit.test_batch_queue_scheduler.TestDependencyFailedValidation" name="test_dependency_failed_raises_error" time="0.005" /><testcase classname="tests.unit.test_batch_queue_scheduler.TestDependencyFailedValidation" name="test_dependency_cancelled_raises_error" time="0.005" /><testcase classname="tests.unit.test_batch_queue_scheduler.TestGetNextJobScheduler" name="test_get_next_job_respects_scheduled_time" time="0.005" /><testcase classname="tests.unit.test_batch_queue_scheduler.TestGetNextJobScheduler" name="test_get_next_job_scheduled_time_reached" time="0.004" /><testcase classname="tests.unit.test_batch_queue_scheduler.TestGetNextJobScheduler" name="test_get_next_job_waits_for_dependencies" time="0.005" /><testcase classname="tests.unit.test_batch_queue_scheduler.TestGetNextJobScheduler" name="test_get_next_job_dependency_met" time="0.004" /><testcase classname="tests.unit.test_batch_queue_scheduler.TestGetNextJobScheduler" name="test_get_next_job_respects_priority_with_scheduler" time="0.005" /><testcase classname="tests.unit.test_batch_queue_scheduler.TestNotifyDependentJobs" name="test_notify_dependent_jobs_on_completion" time="0.005" /><testcase classname="tests.unit.test_batch_queue_scheduler.TestSchedulerIntegration" name="test_job_chain_scheduling" time="0.005" /><testcase classname="tests.unit.test_batch_queue_scheduler.TestSchedulerIntegration" name="test_scheduled_and_dependency_combined" time="0.005" /><testcase classname="tests.unit.test_benchmark_config.TestBenchmarkCategory" name="test_category_values" time="0.002" /><testcase classname="tests.unit.test_benchmark_config.TestBenchmarkCategory" name="test_all_categories_defined" time="0.002" /><testcase classname="tests.unit.test_benchmark_config.TestResolutionPreset" name="test_preset_dimensions" time="0.002" /><testcase classname="tests.unit.test_benchmark_config.TestResolutionPreset" name="test_preset_labels" time="0.002" /><testcase classname="tests.unit.test_benchmark_config.TestResolutionPreset" name="test_value_tuple" time="0.002" /><testcase classname="tests.unit.test_benchmark_config.TestBenchmarkConfig" name="test_default_config" time="0.002" /><testcase classname="tests.unit.test_benchmark_config.TestBenchmarkConfig" name="test_custom_config" time="0.002" /><testcase classname="tests.unit.test_benchmark_config.TestBenchmarkConfig" name="test_output_dir_path_conversion" time="0.002" /><testcase classname="tests.unit.test_benchmark_config.TestBenchmarkConfig" name="test_all_resolutions_property" time="0.002" /><testcase classname="tests.unit.test_benchmark_config.TestBenchmarkConfig" name="test_all_resolutions_sorted_by_pixels" time="0.002" /><testcase classname="tests.unit.test_benchmark_config.TestBenchmarkConfig" name="test_invalid_warmup_iterations" time="0.002" /><testcase classname="tests.unit.test_benchmark_config.TestBenchmarkConfig" name="test_invalid_test_iterations" time="0.002" /><testcase classname="tests.unit.test_benchmark_config.TestBenchmarkConfig" name="test_invalid_timeout" time="0.002" /><testcase classname="tests.unit.test_benchmark_config.TestBenchmarkConfig" name="test_invalid_report_format" time="0.002" /><testcase classname="tests.unit.test_benchmark_config.TestBenchmarkConfig" name="test_empty_models_raises_error" time="0.002" /><testcase classname="tests.unit.test_benchmark_config.TestBenchmarkConfig" name="test_model_display_names" time="0.002" /><testcase classname="tests.unit.test_benchmark_config.TestQuickBenchmarkConfig" name="test_quick_config_values" time="0.002" /><testcase classname="tests.unit.test_benchmark_config.TestFullBenchmarkConfig" name="test_full_config_values" time="0.002" /><testcase classname="tests.unit.test_benchmark_config.TestFullBenchmarkConfig" name="test_full_config_all_resolutions" time="0.002" /><testcase classname="tests.unit.test_benchmark_config.TestBenchmarkConfigIntegration" name="test_config_can_be_created_with_pathlib_path" time="0.002" /><testcase classname="tests.unit.test_benchmark_config.TestBenchmarkConfigIntegration" name="test_config_categories_can_be_filtered" time="0.002" /><testcase classname="tests.unit.test_benchmark_reporting.TestMarkdownReporter" name="test_generate_full_report" time="0.003" /><testcase classname="tests.unit.test_benchmark_reporting.TestMarkdownReporter" name="test_generate_without_system_info" time="0.002" /><testcase classname="tests.unit.test_benchmark_reporting.TestMarkdownReporter" name="test_generate_without_details" time="0.002" /><testcase classname="tests.unit.test_benchmark_reporting.TestMarkdownReporter" name="test_system_info_section" time="0.002" /><testcase classname="tests.unit.test_benchmark_reporting.TestMarkdownReporter" name="test_summary_section" time="0.002" /><testcase classname="tests.unit.test_benchmark_reporting.TestMarkdownReporter" name="test_model_comparison_section" time="0.002" /><testcase classname="tests.unit.test_benchmark_reporting.TestMarkdownReporter" name="test_failed_benchmarks_section" time="0.002" /><testcase classname="tests.unit.test_benchmark_reporting.TestMarkdownReporter" name="test_save_to_file" time="0.003" /><testcase classname="tests.unit.test_benchmark_reporting.TestJSONReporter" name="test_generate_pretty_json" time="0.004" /><testcase classname="tests.unit.test_benchmark_reporting.TestJSONReporter" name="test_generate_compact_json" time="0.003" /><testcase classname="tests.unit.test_benchmark_reporting.TestJSONReporter" name="test_json_structure" time="0.004" /><testcase classname="tests.unit.test_benchmark_reporting.TestJSONReporter" name="test_save_to_file" time="0.004" /><testcase classname="tests.unit.test_benchmark_reporting.TestCSVReporter" name="test_generate_full_csv" time="0.002" /><testcase classname="tests.unit.test_benchmark_reporting.TestCSVReporter" name="test_generate_without_timing" time="0.002" /><testcase classname="tests.unit.test_benchmark_reporting.TestCSVReporter" name="test_generate_without_memory" time="0.002" /><testcase classname="tests.unit.test_benchmark_reporting.TestCSVReporter" name="test_generate_without_gpu" time="0.002" /><testcase classname="tests.integration.test_upscaling_integration.TestUpscalingMemoryEfficiency" name="test_batch_cleanup" time="0.350" /><testcase classname="tests.unit.test_benchmark_reporting.TestCSVReporter" name="test_csv_escapes_special_characters" time="0.002" /><testcase classname="tests.unit.test_benchmark_reporting.TestCSVReporter" name="test_csv_handles_newlines" time="0.002" /><testcase classname="tests.unit.test_benchmark_reporting.TestCSVReporter" name="test_save_to_file" time="0.002" /><testcase classname="tests.unit.test_benchmark_reporting.TestGenerateReportFunction" name="test_generate_markdown" time="0.002" /><testcase classname="tests.unit.test_benchmark_reporting.TestGenerateReportFunction" name="test_generate_markdown_alias" time="0.003" /><testcase classname="tests.unit.test_benchmark_reporting.TestGenerateReportFunction" name="test_generate_json" time="0.004" /><testcase classname="tests.unit.test_benchmark_reporting.TestGenerateReportFunction" name="test_generate_csv" time="0.002" /><testcase classname="tests.unit.test_auth_jwt_service.TestPasswordHashing" name="test_verify_password_correct" time="0.420" /><testcase classname="tests.unit.test_benchmark_reporting.TestGenerateReportFunction" name="test_invalid_format" time="0.002" /><testcase classname="tests.unit.test_benchmark_reporting.TestGenerateReportFunction" name="test_format_case_insensitive" time="0.003" /><testcase classname="tests.unit.test_benchmark_reporting.TestGenerateReportFunction" name="test_save_to_path" time="0.003" /><testcase classname="tests.unit.test_benchmark_reporting.TestGenerateReportFunction" name="test_save_with_string_path" time="0.004" /><testcase classname="tests.unit.test_benchmark_results.TestTimingMetrics" name="test_default_values" time="0.002" /><testcase classname="tests.unit.test_benchmark_results.TestTimingMetrics" name="test_fps_calculation_from_mean" time="0.002" /><testcase classname="tests.integration.test_api_auth.TestEdgeCases" name="test_username_normalized_to_lowercase" time="0.261" /><testcase classname="tests.unit.test_benchmark_results.TestTimingMetrics" name="test_fps_calculation_from_total" time="0.002" /><testcase classname="tests.unit.test_benchmark_results.TestTimingMetrics" name="test_fps_zero_when_no_time" time="0.002" /><testcase classname="tests.unit.test_benchmark_results.TestMemoryMetrics" name="test_default_values" time="0.002" /><testcase classname="tests.unit.test_benchmark_results.TestMemoryMetrics" name="test_custom_values" time="0.002" /><testcase classname="tests.unit.test_benchmark_results.TestGPUMetrics" name="test_default_values" time="0.002" /><testcase classname="tests.unit.test_benchmark_results.TestGPUMetrics" name="test_custom_values" time="0.002" /><testcase classname="tests.unit.test_benchmark_results.TestBenchmarkResult" name="test_basic_properties" time="0.002" /><testcase classname="tests.unit.test_benchmark_results.TestBenchmarkResult" name="test_to_dict" time="0.002" /><testcase classname="tests.unit.test_benchmark_results.TestBenchmarkResult" name="test_from_dict" time="0.002" /><testcase classname="tests.unit.test_benchmark_results.TestBenchmarkResult" name="test_from_dict_with_resolution_string" time="0.002" /><testcase classname="tests.unit.test_benchmark_results.TestBenchmarkResult" name="test_from_dict_with_nested_dataclasses" time="0.002" /><testcase classname="tests.unit.test_benchmark_results.TestBenchmarkResults" name="test_add_and_count_results" time="0.002" /><testcase classname="tests.unit.test_benchmark_results.TestBenchmarkResults" name="test_successful_and_failed_results" time="0.002" /><testcase classname="tests.unit.test_benchmark_results.TestBenchmarkResults" name="test_get_by_model" time="0.002" /><testcase classname="tests.unit.test_benchmark_results.TestBenchmarkResults" name="test_get_by_device" time="0.002" /><testcase classname="tests.unit.test_benchmark_results.TestBenchmarkResults" name="test_get_by_resolution" time="0.002" /><testcase classname="tests.unit.test_benchmark_results.TestBenchmarkResults" name="test_get_best_by_fps" time="0.002" /><testcase classname="tests.unit.test_benchmark_results.TestBenchmarkResults" name="test_get_best_by_fps_empty_results" time="0.002" /><testcase classname="tests.unit.test_benchmark_results.TestBenchmarkResults" name="test_get_summary_stats" time="0.002" /><testcase classname="tests.unit.test_benchmark_results.TestBenchmarkResults" name="test_compare_models" time="0.002" /><testcase classname="tests.unit.test_benchmark_results.TestBenchmarkResults" name="test_save_and_load" time="0.004" /><testcase classname="tests.unit.test_benchmark_results.TestBenchmarkResults" name="test_load_missing_file" time="0.002" /><testcase classname="tests.unit.test_benchmark_results.TestBenchmarkResults" name="test_iteration" time="0.002" /><testcase classname="tests.unit.test_benchmark_results.TestBenchmarkResults" name="test_indexing" time="0.002" /><testcase classname="tests.unit.test_checkerboard.TestCheckerboardPattern" name="test_all_patterns_exist" time="0.002" /><testcase classname="tests.unit.test_checkerboard.TestCheckerboardPattern" name="test_pattern_values" time="0.002" /><testcase classname="tests.unit.test_checkerboard.TestCheckerboardEncoder" name="test_initialization_default" time="0.003" /><testcase classname="tests.unit.test_checkerboard.TestCheckerboardEncoder" name="test_initialization_custom_pattern" time="0.003" /><testcase classname="tests.unit.test_checkerboard.TestCheckerboardEncoder" name="test_initialization_swap_eyes" time="0.003" /><testcase classname="tests.unit.test_checkerboard.TestCheckerboardEncoder" name="test_encode_standard" time="0.004" /><testcase classname="tests.unit.test_checkerboard.TestCheckerboardEncoder" name="test_encode_inverted" time="0.004" /><testcase classname="tests.unit.test_checkerboard.TestCheckerboardEncoder" name="test_encode_swap_eyes" time="0.005" /><testcase classname="tests.unit.test_checkerboard.TestCheckerboardEncoder" name="test_encode_override_pattern" time="0.004" /><testcase classname="tests.unit.test_checkerboard.TestCheckerboardEncoder" name="test_encode_grayscale_input" time="0.004" /><testcase classname="tests.unit.test_checkerboard.TestCheckerboardEncoder" name="test_encode_float_input" time="0.004" /><testcase classname="tests.unit.test_checkerboard.TestCheckerboardEncoder" name="test_encode_dimension_mismatch_raises_error" time="0.004" /><testcase classname="tests.unit.test_checkerboard.TestCheckerboardEncoder" name="test_encode_standard_method" time="0.004" /><testcase classname="tests.unit.test_checkerboard.TestCheckerboardEncoder" name="test_encode_inverted_method" time="0.005" /><testcase classname="tests.unit.test_checkerboard.TestCheckerboardEncoder" name="test_encode_with_swap_method" time="0.005" /><testcase classname="tests.unit.test_checkerboard.TestCheckerboardPatternLogic" name="test_standard_pattern_pixel_assignment" time="0.004" /><testcase classname="tests.unit.test_checkerboard.TestCheckerboardPatternLogic" name="test_inverted_pattern_pixel_assignment" time="0.004" /><testcase classname="tests.unit.test_checkerboard.TestCheckerboardPatternLogic" name="test_swap_eyes_flips_pattern" time="0.004" /><testcase classname="tests.unit.test_checkerboard.TestCheckerboardPatternLogic" name="test_half_pixels_from_each_eye" time="0.004" /><testcase classname="tests.unit.test_checkerboard.TestConvenienceFunctions" name="test_create_checkerboard_encoder" time="0.004" /><testcase classname="tests.unit.test_checkerboard.TestConvenienceFunctions" name="test_encode_checkerboard" time="0.004" /><testcase classname="tests.unit.test_checkerboard.TestConvenienceFunctions" name="test_encode_checkerboard_with_options" time="0.005" /><testcase classname="tests.unit.test_checkerboard.TestEdgeCases" name="test_very_small_image" time="0.004" /><testcase classname="tests.unit.test_checkerboard.TestEdgeCases" name="test_identical_views" time="0.004" /><testcase classname="tests.unit.test_checkerboard.TestEdgeCases" name="test_extreme_color_values" time="0.004" /><testcase classname="tests.unit.test_checkerboard.TestEdgeCases" name="test_image_too_small_raises_error" time="0.004" /><testcase classname="tests.unit.test_checkerboard.TestEdgeCases" name="test_odd_dimensions" time="0.004" /><testcase classname="tests.unit.test_checkerboard.TestEdgeCases" name="test_left_right_content_preserved" time="0.004" /><testcase classname="tests.unit.test_checkerboard.TestEdgeCases" name="test_image_zero_width_raises_error" time="0.004" /><testcase classname="tests.unit.test_checkerboard.TestEdgeCases" name="test_repr_method" time="0.003" /><testcase classname="tests.unit.test_checkerboard.TestEdgeCases" name="test_repr_method_with_options" time="0.003" /><testcase classname="tests.unit.test_checkerboard.TestIntegration" name="test_import_from_stereo_module" time="0.002" /><testcase classname="tests.unit.test_checkerboard.TestIntegration" name="test_encoder_with_dibr_generated_views" time="0.004" /><testcase classname="tests.unit.test_checkerboard.TestAdditionalEdgeCases" name="test_rgba_input" time="0.004" /><testcase classname="tests.integration.test_api_auth.TestEdgeCases" name="test_email_normalized_to_lowercase" time="0.260" /><testcase classname="tests.unit.test_checkerboard.TestAdditionalEdgeCases" name="test_single_channel_input" time="0.003" /><testcase classname="tests.unit.test_checkerboard.TestAdditionalEdgeCases" name="test_large_image" time="0.468" /><testcase classname="tests.integration.test_upscaling_integration.TestUpscalingStatsTracking" name="test_video_upscale_stats" time="0.002" /><testcase classname="tests.integration.test_upscaling_integration.TestUpscalingStatsTracking" name="test_upscale_result_tracking" time="0.003" /><testcase classname="tests.integration.test_zoedepth_integration.TestZoeDepthModelLoadingIntegration" name="test_load_model_from_torch_hub" time="0.026" /><testcase classname="tests.integration.test_zoedepth_integration.TestZoeDepthModelLoadingIntegration" name="test_model_variant_selection" time="0.028" /><testcase classname="tests.integration.test_zoedepth_integration.TestZoeDepthModelLoadingIntegration" name="test_model_caching_via_hub_dir" time="0.028" /><testcase classname="tests.integration.test_zoedepth_integration.TestZoeDepthDepthEstimationIntegration" name="test_estimate_depth_returns_valid_depth_map" time="0.034" /><testcase classname="tests.unit.test_auth_jwt_service.TestPasswordHashing" name="test_verify_password_incorrect" time="0.422" /><testcase classname="tests.integration.test_zoedepth_integration.TestZoeDepthDepthEstimationIntegration" name="test_relative_mode_normalizes_output" time="0.033" /><testcase classname="tests.integration.test_zoedepth_integration.TestZoeDepthDepthEstimationIntegration" name="test_metric_mode_preserves_scale" time="0.032" /><testcase classname="tests.integration.test_zoedepth_integration.TestZoeDepthBatchProcessingIntegration" name="test_batch_processing_multiple_frames" time="0.039" /><testcase classname="tests.integration.test_api_crash.TestListCrashReports" name="test_list_empty_reports" time="0.514" /><testcase classname="tests.integration.test_zoedepth_integration.TestZoeDepthBatchProcessingIntegration" name="test_batch_processing_respects_batch_size" time="0.041" /><testcase classname="tests.integration.test_zoedepth_integration.TestZoeDepthModelSelectorIntegration" name="test_selector_creates_zoedepth_estimator" time="0.024" /><testcase classname="tests.integration.test_zoedepth_integration.TestZoeDepthModelSelectorIntegration" name="test_selector_estimates_depth_with_zoedepth" time="0.026" /><testcase classname="tests.integration.test_zoedepth_integration.TestZoeDepthModelSelectorIntegration" name="test_selector_all_three_zoedepth_variants" time="0.026" /><testcase classname="tests.integration.test_zoedepth_integration.TestZoeDepthModelSelectorIntegration" name="test_selector_zoedepth_in_fallback_chain" time="0.025" /><testcase classname="tests.integration.test_zoedepth_integration.TestZoeDepthContextManagerIntegration" name="test_context_manager_cleanup" time="0.032" /><testcase classname="tests.integration.test_zoedepth_integration.TestZoeDepthContextManagerIntegration" name="test_context_manager_with_depth_estimation" time="0.034" /><testcase classname="tests.unit.test_checkerboard.TestAdditionalEdgeCases" name="test_constants_exported" time="0.002" /><testcase classname="tests.unit.test_checkerboard.TestAdditionalEdgeCases" name="test_different_dtypes_preserved" time="0.004" /><testcase classname="tests.unit.test_checkerboard.TestAdditionalEdgeCases" name="test_pattern_and_swap_combined" time="0.004" /><testcase classname="tests.integration.test_zoedepth_integration.TestZoeDepthErrorHandlingIntegration" name="test_inference_error_on_invalid_input" time="0.025" /><testcase classname="tests.unit.test_cli_config.TestConfigExportCLI" name="test_export_to_json_auto_detect" time="0.053" /><testcase classname="tests.integration.test_zoedepth_integration.TestZoeDepthErrorHandlingIntegration" name="test_load_error_on_torch_hub_failure" time="0.026" /><testcase classname="tests.integration.test_zoedepth_integration.TestZoeDepthErrorHandlingIntegration" name="test_error_preserves_context" time="0.194" /><testcase classname="tests.unit.test_cli_config.TestConfigExportCLI" name="test_export_to_yaml_auto_detect" time="0.079" /><testcase classname="tests.unit.test_auth_jwt_service.TestPasswordHashing" name="test_verify_password_empty" time="0.421" /><testcase classname="tests.unit.test_cli_config.TestConfigExportCLI" name="test_export_to_yml_extension" time="0.057" /><testcase classname="tests.unit.test_cli_config.TestConfigExportCLI" name="test_export_with_explicit_json_format" time="0.045" /><testcase classname="tests.unit.test_cli_config.TestConfigExportCLI" name="test_export_with_explicit_yaml_format" time="0.079" /><testcase classname="tests.integration.test_zoedepth_integration.TestZoeDepthConvenienceFunctionsIntegration" name="test_create_zoedepth_estimator_creates_valid_estimator" time="0.024" /><testcase classname="tests.integration.test_zoedepth_integration.TestZoeDepthDepthModeIntegration" name="test_override_depth_mode_per_inference" time="0.032" /><testcase classname="tests.integration.test_api_crash.TestListCrashReports" name="test_list_reports_with_data" time="0.512" /><testcase classname="tests.k8s.test_deployment.TestDeploymentExists" name="test_deployment_file_exists" time="0.002" /><testcase classname="tests.unit.test_cli_config.TestConfigExportCLI" name="test_export_auto_detect_unknown_extension_fails" time="0.044" /><testcase classname="tests.k8s.test_deployment.TestDeploymentExists" name="test_deployment_is_valid_yaml" time="0.065" /><testcase classname="tests.unit.test_cli_config.TestConfigExportCLI" name="test_export_invalid_format_fails" time="0.044" /><testcase classname="tests.unit.test_cli_config.TestConfigExportCLI" name="test_export_creates_parent_directories" time="0.042" /><testcase classname="tests.k8s.test_deployment.TestDeploymentBasicStructure" name="test_deployment_has_api_version" time="0.065" /><testcase classname="tests.unit.test_cli_config.TestConfigExportCLI" name="test_export_format_short_flag" time="0.043" /><testcase classname="tests.unit.test_auth_jwt_service.TestPasswordHashing" name="test_hash_password_unicode" time="0.425" /><testcase classname="tests.k8s.test_deployment.TestDeploymentBasicStructure" name="test_deployment_has_kind" time="0.065" /><testcase classname="tests.unit.test_cli_config.TestConfigImportCLI" name="test_import_from_json" time="0.044" /><testcase classname="tests.unit.test_cli_config.TestConfigImportCLI" name="test_import_from_yaml" time="0.045" /><testcase classname="tests.k8s.test_deployment.TestDeploymentBasicStructure" name="test_deployment_has_metadata" time="0.062" /><testcase classname="tests.unit.test_cli_config.TestConfigImportCLI" name="test_import_from_yml_extension" time="0.046" /><testcase classname="tests.k8s.test_deployment.TestDeploymentBasicStructure" name="test_deployment_has_name" time="0.063" /><testcase classname="tests.unit.test_cli_config.TestConfigImportCLI" name="test_import_with_apply_flag" time="0.045" /><testcase classname="tests.k8s.test_deployment.TestDeploymentBasicStructure" name="test_deployment_has_namespace" time="0.061" /><testcase classname="tests.unit.test_cli_config.TestConfigImportCLI" name="test_import_apply_short_flag" time="0.046" /><testcase classname="tests.unit.test_cli_config.TestConfigImportCLI" name="test_import_missing_file_fails" time="0.041" /><testcase classname="tests.k8s.test_deployment.TestDeploymentBasicStructure" name="test_deployment_has_spec" time="0.062" /><testcase classname="tests.unit.test_cli_config.TestConfigImportCLI" name="test_import_invalid_json_fails" time="0.042" /><testcase classname="tests.integration.test_api_crash.TestListCrashReports" name="test_list_reports_pagination" time="0.512" /><testcase classname="tests.k8s.test_deployment.TestDeploymentBasicStructure" name="test_deployment_has_replicas" time="0.061" /><testcase classname="tests.unit.test_cli_config.TestConfigImportCLI" name="test_import_unsupported_format_fails" time="0.044" /><testcase classname="tests.unit.test_cli_config.TestConfigImportCLI" name="test_import_without_apply_shows_hint" time="0.047" /><testcase classname="tests.k8s.test_deployment.TestDeploymentBasicStructure" name="test_deployment_has_selector" time="0.061" /><testcase classname="tests.unit.test_auth_jwt_service.TestPasswordHashing" name="test_hash_password_long" time="0.426" /><testcase classname="tests.unit.test_cli_config.TestConfigExportImportRoundTripCLI" name="test_cli_roundtrip_json" time="0.090" /><testcase classname="tests.k8s.test_deployment.TestDeploymentBasicStructure" name="test_deployment_has_template" time="0.061" /><testcase classname="tests.k8s.test_deployment.TestDeploymentBasicStructure" name="test_deployment_template_has_metadata" time="0.062" /><testcase classname="tests.unit.test_cli_config.TestConfigExportImportRoundTripCLI" name="test_cli_roundtrip_yaml" time="0.120" /><testcase classname="tests.k8s.test_deployment.TestDeploymentStrategy" name="test_deployment_has_strategy" time="0.062" /><testcase classname="tests.k8s.test_deployment.TestDeploymentStrategy" name="test_deployment_uses_rolling_update" time="0.063" /><testcase classname="tests.unit.test_cli_config.TestCLIHelpAndUsage" name="test_config_export_help" time="0.130" /><testcase classname="tests.k8s.test_deployment.TestDeploymentStrategy" name="test_deployment_has_max_surge" time="0.062" /><testcase classname="tests.k8s.test_deployment.TestDeploymentStrategy" name="test_deployment_has_max_unavailable" time="0.063" /><testcase classname="tests.unit.test_cli_config.TestCLIHelpAndUsage" name="test_config_import_help" time="0.052" /><testcase classname="tests.integration.test_api_crash.TestListCrashReports" name="test_list_reports_filter_severity" time="0.513" /><testcase classname="tests.unit.test_cli_config.TestCLIHelpAndUsage" name="test_main_help_shows_config_commands" time="0.023" /><testcase classname="tests.k8s.test_deployment.TestDeploymentStrategy" name="test_deployment_zero_downtime" time="0.064" /><testcase classname="tests.unit.test_config.TestConfigLoading" name="test_get_config_path_returns_path" time="0.002" /><testcase classname="tests.unit.test_config.TestConfigLoading" name="test_deep_update_merges_dicts" time="0.002" /><testcase classname="tests.unit.test_auth_jwt_service.TestTokenCreation" name="test_create_access_token_returns_string" time="0.007" /><testcase classname="tests.unit.test_config.TestConfigLoading" name="test_load_config_returns_config_object" time="0.004" /><testcase classname="tests.unit.test_config.TestConfigLoading" name="test_config_has_default_values" time="0.002" /><testcase classname="tests.unit.test_auth_jwt_service.TestTokenCreation" name="test_create_refresh_token_returns_string" time="0.002" /><testcase classname="tests.unit.test_config.TestConfigLoading" name="test_processing_config_defaults" time="0.002" /><testcase classname="tests.unit.test_auth_jwt_service.TestTokenCreation" name="test_create_access_token_has_three_parts" time="0.002" /><testcase classname="tests.unit.test_config.TestConfigLoading" name="test_depth_estimation_config_defaults" time="0.002" /><testcase classname="tests.unit.test_auth_jwt_service.TestTokenCreation" name="test_create_refresh_token_has_three_parts" time="0.002" /><testcase classname="tests.unit.test_config.TestConfigLoading" name="test_stereo_generation_config_defaults" time="0.002" /><testcase classname="tests.unit.test_auth_jwt_service.TestTokenCreation" name="test_create_access_tokens_are_unique" time="0.002" /><testcase classname="tests.unit.test_config.TestConfigDataclasses" name="test_video_input_config_formats" time="0.002" /><testcase classname="tests.unit.test_auth_jwt_service.TestTokenCreation" name="test_create_access_token_with_custom_expiry" time="0.003" /><testcase classname="tests.unit.test_config.TestConfigDataclasses" name="test_video_output_config_defaults" time="0.002" /><testcase classname="tests.unit.test_config.TestProgressTrackingConfig" name="test_progress_tracking_config_defaults" time="0.002" /><testcase classname="tests.unit.test_auth_jwt_service.TestTokenCreation" name="test_create_refresh_token_with_custom_expiry" time="0.002" /><testcase classname="tests.unit.test_config.TestProgressTrackingConfig" name="test_progress_tracking_config_disabled" time="0.002" /><testcase classname="tests.unit.test_auth_jwt_service.TestTokenCreation" name="test_create_token_admin_role" time="0.002" /><testcase classname="tests.unit.test_config.TestProgressTrackingConfig" name="test_progress_tracking_config_custom_values" time="0.002" /><testcase classname="tests.unit.test_auth_jwt_service.TestTokenDecoding" name="test_decode_valid_access_token" time="0.002" /><testcase classname="tests.unit.test_config.TestRateLimitConfig" name="test_rate_limit_config_defaults" time="0.002" /><testcase classname="tests.unit.test_auth_jwt_service.TestTokenDecoding" name="test_decode_valid_refresh_token" time="0.002" /><testcase classname="tests.unit.test_config.TestRateLimitConfig" name="test_rate_limit_config_disabled" time="0.002" /><testcase classname="tests.unit.test_auth_jwt_service.TestTokenDecoding" name="test_decode_invalid_token_returns_none" time="0.002" /><testcase classname="tests.unit.test_config.TestRateLimitConfig" name="test_rate_limit_config_custom_values" time="0.002" /><testcase classname="tests.k8s.test_deployment.TestDeploymentContainer" name="test_deployment_has_containers" time="0.064" /><testcase classname="tests.unit.test_auth_jwt_service.TestTokenDecoding" name="test_decode_malformed_token_returns_none" time="0.002" /><testcase classname="tests.unit.test_config.TestRateLimitConfig" name="test_rate_limit_config_with_redis_storage" time="0.002" /><testcase classname="tests.unit.test_config.TestRateLimitConfig" name="test_rate_limit_config_with_whitelist" time="0.002" /><testcase classname="tests.unit.test_auth_jwt_service.TestTokenDecoding" name="test_decode_empty_token_returns_none" time="0.002" /><testcase classname="tests.unit.test_config.TestWebApiConfig" name="test_web_api_config_defaults" time="0.002" /><testcase classname="tests.unit.test_auth_jwt_service.TestTokenDecoding" name="test_decode_token_has_expiry" time="0.002" /><testcase classname="tests.unit.test_config.TestWebApiConfig" name="test_web_api_config_has_rate_limit" time="0.002" /><testcase classname="tests.unit.test_auth_jwt_service.TestTokenDecoding" name="test_decode_token_has_issued_at" time="0.002" /><testcase classname="tests.unit.test_config.TestWebApiConfig" name="test_web_api_config_custom_values" time="0.002" /><testcase classname="tests.unit.test_auth_jwt_service.TestTokenDecoding" name="test_decode_token_wrong_secret_returns_none" time="0.004" /><testcase classname="tests.unit.test_config.TestWebApiConfig" name="test_web_api_config_with_custom_rate_limit" time="0.002" /><testcase classname="tests.unit.test_config.TestWebApiConfig" name="test_web_api_config_cors_origins_default" time="0.002" /><testcase classname="tests.unit.test_auth_jwt_service.TestAuthConfig" name="test_get_auth_config_returns_config" time="0.003" /><testcase classname="tests.unit.test_config.TestWebApiConfig" name="test_config_has_web_api_field" time="0.002" /><testcase classname="tests.unit.test_auth_jwt_service.TestAuthConfig" name="test_get_auth_config_from_environment" time="0.003" /><testcase classname="tests.unit.test_config_import_export.TestToDictMethods" name="test_processing_config_to_dict" time="0.002" /><testcase classname="tests.unit.test_auth_jwt_service.TestAuthConfig" name="test_get_auth_config_cached" time="0.002" /><testcase classname="tests.unit.test_config_import_export.TestToDictMethods" name="test_video_input_config_to_dict" time="0.002" /><testcase classname="tests.unit.test_config_import_export.TestToDictMethods" name="test_video_output_config_to_dict" time="0.002" /><testcase classname="tests.unit.test_config_import_export.TestToDictMethods" name="test_depth_estimation_config_to_dict" time="0.002" /><testcase classname="tests.unit.test_config_import_export.TestToDictMethods" name="test_anaglyph_config_to_dict" time="0.002" /><testcase classname="tests.unit.test_config_import_export.TestToDictMethods" name="test_side_by_side_config_to_dict" time="0.002" /><testcase classname="tests.unit.test_config_import_export.TestToDictMethods" name="test_stereo_generation_config_to_dict" time="0.002" /><testcase classname="tests.unit.test_config_import_export.TestToDictMethods" name="test_quality_config_to_dict" time="0.002" /><testcase classname="tests.unit.test_config_import_export.TestToDictMethods" name="test_logging_config_to_dict" time="0.002" /><testcase classname="tests.unit.test_config_import_export.TestToDictMethods" name="test_rate_limit_config_to_dict" time="0.002" /><testcase classname="tests.unit.test_config_import_export.TestToDictMethods" name="test_web_api_config_to_dict" time="0.002" /><testcase classname="tests.unit.test_config_import_export.TestToDictMethods" name="test_preview_config_to_dict" time="0.002" /><testcase classname="tests.k8s.test_deployment.TestDeploymentContainer" name="test_container_has_name" time="0.063" /><testcase classname="tests.unit.test_config_import_export.TestToDictMethods" name="test_progress_tracking_config_to_dict" time="0.002" /><testcase classname="tests.unit.test_config_import_export.TestToDictMethods" name="test_full_config_to_dict" time="0.003" /><testcase classname="tests.unit.test_config_import_export.TestFromDictMethod" name="test_from_dict_with_minimal_data" time="0.002" /><testcase classname="tests.unit.test_config_import_export.TestFromDictMethod" name="test_from_dict_with_project_info" time="0.002" /><testcase classname="tests.unit.test_config_import_export.TestFromDictMethod" name="test_from_dict_with_processing_section" time="0.002" /><testcase classname="tests.unit.test_config_import_export.TestFromDictMethod" name="test_from_dict_with_depth_estimation" time="0.002" /><testcase classname="tests.unit.test_config_import_export.TestFromDictMethod" name="test_from_dict_with_stereo_generation" time="0.002" /><testcase classname="tests.unit.test_config_import_export.TestFromDictMethod" name="test_from_dict_with_web_api" time="0.002" /><testcase classname="tests.unit.test_config_import_export.TestFromDictMethod" name="test_from_dict_ignores_unknown_fields" time="0.002" /><testcase classname="tests.unit.test_config_import_export.TestFromDictMethod" name="test_from_dict_with_invalid_data_raises_error" time="0.002" /><testcase classname="tests.unit.test_config_import_export.TestExportConfig" name="test_export_to_json" time="0.004" /><testcase classname="tests.unit.test_config_import_export.TestExportConfig" name="test_export_to_yaml" time="0.038" /><testcase classname="tests.k8s.test_deployment.TestDeploymentContainer" name="test_container_has_image" time="0.062" /><testcase classname="tests.unit.test_config_import_export.TestExportConfig" name="test_export_creates_parent_directories" time="0.004" /><testcase classname="tests.unit.test_config_import_export.TestExportConfig" name="test_export_rejects_unsupported_format" time="0.004" /><testcase classname="tests.unit.test_config_import_export.TestExportConfig" name="test_export_format_case_insensitive" time="0.004" /><testcase classname="tests.unit.test_config_import_export.TestExportConfig" name="test_export_preserves_nested_structure" time="0.004" /><testcase classname="tests.unit.test_config_import_export.TestImportConfig" name="test_import_from_json" time="0.003" /><testcase classname="tests.unit.test_config_import_export.TestImportConfig" name="test_import_from_yaml" time="0.004" /><testcase classname="tests.unit.test_config_import_export.TestImportConfig" name="test_import_from_yml_extension" time="0.004" /><testcase classname="tests.unit.test_config_import_export.TestImportConfig" name="test_import_raises_for_missing_file" time="0.003" /><testcase classname="tests.unit.test_config_import_export.TestImportConfig" name="test_import_raises_for_unsupported_format" time="0.003" /><testcase classname="tests.k8s.test_deployment.TestDeploymentContainer" name="test_container_has_image_pull_policy" time="0.062" /><testcase classname="tests.unit.test_config_import_export.TestImportConfig" name="test_import_raises_for_invalid_json" time="0.003" /><testcase classname="tests.unit.test_config_import_export.TestImportConfig" name="test_import_raises_for_non_dict_json" time="0.003" /><testcase classname="tests.unit.test_config_import_export.TestExportCurrentConfig" name="test_export_current_config" time="0.004" /><testcase classname="tests.unit.test_config_import_export.TestImportAndApplyConfig" name="test_import_and_apply_updates_global_config" time="0.004" /><testcase classname="tests.unit.test_config_import_export.TestRoundTripExportImport" name="test_roundtrip_json_preserves_config" time="0.007" /><testcase classname="tests.unit.test_config_import_export.TestRoundTripExportImport" name="test_roundtrip_yaml_preserves_config" time="0.039" /><testcase classname="tests.unit.test_auth_jwt_service.TestUserFunctions" name="test_authenticate_user_success" time="0.434" /><testcase classname="tests.k8s.test_deployment.TestDeploymentContainer" name="test_container_has_ports" time="0.063" /><testcase classname="tests.unit.test_config_import_export.TestRoundTripExportImport" name="test_roundtrip_default_config" time="0.006" /><testcase classname="tests.unit.test_config_import_export.TestConstants" name="test_format_constants" time="0.002" /><testcase classname="tests.unit.test_config_import_export.TestConstants" name="test_supported_formats_tuple" time="0.002" /><testcase classname="tests.unit.test_config_import_export.TestEdgeCases" name="test_export_with_unicode_values" time="0.005" /><testcase classname="tests.unit.test_config_import_export.TestEdgeCases" name="test_export_with_special_characters_in_path" time="0.004" /><testcase classname="tests.unit.test_config_import_export.TestEdgeCases" name="test_export_overwrites_existing_file" time="0.006" /><testcase classname="tests.unit.test_config_import_export.TestEdgeCases" name="test_import_with_extra_nested_fields" time="0.003" /><testcase classname="tests.unit.test_config_import_export.TestEdgeCases" name="test_empty_config_export_import" time="0.004" /><testcase classname="tests.unit.test_crash_models.TestCrashTypeEnum" name="test_crash_type_values" time="0.002" /><testcase classname="tests.unit.test_crash_models.TestCrashTypeEnum" name="test_crash_type_from_string" time="0.002" /><testcase classname="tests.unit.test_crash_models.TestCrashTypeEnum" name="test_crash_type_invalid_value" time="0.002" /><testcase classname="tests.unit.test_crash_models.TestCrashSeverityEnum" name="test_severity_values" time="0.002" /><testcase classname="tests.unit.test_crash_models.TestCrashSeverityEnum" name="test_severity_order" time="0.002" /><testcase classname="tests.unit.test_crash_models.TestActiveJobInfo" name="test_default_values" time="0.002" /><testcase classname="tests.k8s.test_deployment.TestDeploymentContainer" name="test_container_exposes_http_port" time="0.065" /><testcase classname="tests.unit.test_crash_models.TestActiveJobInfo" name="test_custom_values" time="0.002" /><testcase classname="tests.unit.test_crash_models.TestActiveJobInfo" name="test_to_dict" time="0.003" /><testcase classname="tests.unit.test_crash_state_capture.TestGetQueueStats" name="test_exception_handling" time="0.003" /><testcase classname="tests.unit.test_crash_state_capture.TestCaptureSystemState" name="test_basic_capture" time="0.003" /><testcase classname="tests.unit.test_crash_state_capture.TestCaptureSystemState" name="test_capture_with_queue" time="0.004" /><testcase classname="tests.unit.test_crash_state_capture.TestCaptureSystemState" name="test_capture_with_app_info" time="0.003" /><testcase classname="tests.unit.test_crash_state_capture.TestCaptureSystemState" name="test_uptime_calculation" time="0.003" /><testcase classname="tests.unit.test_crash_state_capture.TestCaptureSystemState" name="test_set_app_start_time" time="0.003" /><testcase classname="tests.unit.test_crash_state_capture.TestCaptureSystemState" name="test_all_platform_info_captured" time="0.003" /><testcase classname="tests.unit.test_crash_state_capture.TestIntegration" name="test_full_capture_no_mocks" time="0.003" /><testcase classname="tests.unit.test_crash_state_capture.TestIntegration" name="test_state_serialization_roundtrip" time="0.003" /><testcase classname="tests.unit.test_depth_adabins.TestAdaBinsModelType" name="test_enum_values" time="0.022" /><testcase classname="tests.k8s.test_deployment.TestDeploymentResources" name="test_container_has_resources" time="0.062" /><testcase classname="tests.unit.test_depth_adabins.TestAdaBinsModelType" name="test_from_string_nyu" time="0.022" /><testcase classname="tests.unit.test_depth_adabins.TestAdaBinsModelType" name="test_from_string_kitti" time="0.023" /><testcase classname="tests.integration.test_api_crash.TestListCrashReports" name="test_list_reports_response_schema" time="0.513" /><testcase classname="tests.k8s.test_deployment.TestDeploymentResources" name="test_container_has_cpu_request" time="0.062" /><testcase classname="tests.unit.test_depth_adabins.TestAdaBinsModelType" name="test_from_string_invalid_raises" time="0.021" /><testcase classname="tests.unit.test_depth_adabins.TestAdaBinsModelType" name="test_default_resolution" time="0.023" /><testcase classname="tests.unit.test_depth_adabins.TestAdaBinsModelType" name="test_max_depth" time="0.023" /><testcase classname="tests.k8s.test_deployment.TestDeploymentResources" name="test_container_has_memory_request" time="0.062" /><testcase classname="tests.unit.test_depth_adabins.TestAdaBinsConfig" name="test_default_values" time="0.021" /><testcase classname="tests.unit.test_depth_adabins.TestAdaBinsConfig" name="test_custom_values" time="0.024" /><testcase classname="tests.k8s.test_deployment.TestDeploymentResources" name="test_container_has_cpu_limit" time="0.062" /><testcase classname="tests.k8s.test_deployment.TestDeploymentResources" name="test_container_has_memory_limit" time="0.062" /><testcase classname="tests.unit.test_auth_jwt_service.TestUserFunctions" name="test_authenticate_user_wrong_password" time="0.429" /><testcase classname="tests.k8s.test_deployment.TestDeploymentResources" name="test_gpu_resource_request" time="0.062" /><testcase classname="tests.unit.test_depth_adabins.TestAdaBinsConfig" name="test_string_model_type_conversion" time="0.203" /><testcase classname="tests.k8s.test_deployment.TestDeploymentResources" name="test_gpu_resource_limit" time="0.062" /><testcase classname="tests.unit.test_depth_adabins.TestAdaBinsConfig" name="test_effective_resolution_with_custom" time="0.022" /><testcase classname="tests.unit.test_depth_adabins.TestAdaBinsExceptions" name="test_adabins_load_error_basic" time="0.024" /><testcase classname="tests.unit.test_depth_adabins.TestAdaBinsExceptions" name="test_adabins_load_error_with_params" time="0.023" /><testcase classname="tests.k8s.test_deployment.TestDeploymentHealthChecks" name="test_container_has_liveness_probe" time="0.064" /><testcase classname="tests.unit.test_depth_adabins.TestAdaBinsExceptions" name="test_adabins_inference_error_inherits" time="0.020" /><testcase classname="tests.unit.test_depth_adabins.TestAdaBinsEstimatorInit" name="test_init_with_defaults" time="0.023" /><testcase classname="tests.k8s.test_deployment.TestDeploymentHealthChecks" name="test_container_has_readiness_probe" time="0.062" /><testcase classname="tests.unit.test_auth_jwt_service.TestUserFunctions" name="test_authenticate_user_not_found" time="0.005" /><testcase classname="tests.unit.test_depth_adabins.TestAdaBinsEstimatorInit" name="test_init_with_model_type_string" time="0.024" /><testcase classname="tests.unit.test_depth_adabins.TestAdaBinsEstimatorInit" name="test_init_with_config" time="0.021" /><testcase classname="tests.integration.test_api_crash.TestGetCrashReport" name="test_get_report_not_found" time="0.511" /><testcase classname="tests.unit.test_depth_adabins.TestAdaBinsEstimatorInputValidation" name="test_estimate_depth_invalid_type" time="0.022" /><testcase classname="tests.k8s.test_deployment.TestDeploymentHealthChecks" name="test_container_has_startup_probe" time="0.061" /><testcase classname="tests.unit.test_depth_adabins.TestAdaBinsEstimatorInputValidation" name="test_estimate_depth_wrong_dimensions" time="0.022" /><testcase classname="tests.unit.test_depth_adabins.TestAdaBinsEstimatorInputValidation" name="test_estimate_depth_wrong_channels" time="0.021" /><testcase classname="tests.unit.test_depth_adabins.TestAdaBinsEstimatorInputValidation" name="test_estimate_depth_batch_empty_list" time="0.022" /><testcase classname="tests.k8s.test_deployment.TestDeploymentHealthChecks" name="test_liveness_probe_uses_http" time="0.061" /><testcase classname="tests.unit.test_depth_adabins.TestAdaBinsEstimatorContextManager" name="test_context_manager_enter_returns_self" time="0.022" /><testcase classname="tests.unit.test_depth_adabins.TestAdaBinsEstimatorContextManager" name="test_close_clears_model" time="0.022" /><testcase classname="tests.k8s.test_deployment.TestDeploymentHealthChecks" name="test_readiness_probe_uses_http" time="0.061" /><testcase classname="tests.unit.test_depth_adabins.TestAdaBinsConvenienceFunctions" name="test_create_adabins_estimator_defaults" time="0.021" /><testcase classname="tests.unit.test_depth_adabins.TestAdaBinsConvenienceFunctions" name="test_create_adabins_estimator_custom_values" time="0.021" /><testcase classname="tests.unit.test_auth_jwt_service.TestUserFunctions" name="test_authenticate_user_inactive" time="0.215" /><testcase classname="tests.unit.test_depth_adabins.TestAdaBinsModuleExports" name="test_all_exports_defined" time="0.022" /><testcase classname="tests.k8s.test_deployment.TestDeploymentHealthChecks" name="test_liveness_probe_has_initial_delay" time="0.062" /><testcase classname="tests.unit.test_depth_adabins.TestAdaBinsModuleConstants" name="test_resolution_constant" time="0.020" /><testcase classname="tests.unit.test_depth_adabins.TestAdaBinsModuleConstants" name="test_batch_size_constant" time="0.021" /><testcase classname="tests.unit.test_depth_curve.TestCurveControlPoint" name="test_create_control_point" time="0.002" /><testcase classname="tests.unit.test_depth_curve.TestCurveControlPoint" name="test_control_point_validation_x" time="0.002" /><testcase classname="tests.unit.test_depth_curve.TestCurveControlPoint" name="test_control_point_validation_y" time="0.002" /><testcase classname="tests.unit.test_depth_curve.TestCurveControlPoint" name="test_to_tuple" time="0.002" /><testcase classname="tests.unit.test_depth_curve.TestCurveControlPoint" name="test_from_tuple" time="0.002" /><testcase classname="tests.unit.test_depth_curve.TestDepthCurveConfig" name="test_default_config" time="0.002" /><testcase classname="tests.unit.test_depth_curve.TestDepthCurveConfig" name="test_linear_preset" time="0.002" /><testcase classname="tests.unit.test_depth_curve.TestDepthCurveConfig" name="test_from_preset" time="0.002" /><testcase classname="tests.k8s.test_deployment.TestDeploymentHealthChecks" name="test_readiness_probe_has_initial_delay" time="0.064" /><testcase classname="tests.unit.test_depth_curve.TestDepthCurveConfig" name="test_preset_overrides_control_points" time="0.002" /><testcase classname="tests.unit.test_depth_curve.TestDepthCurveConfig" name="test_invalid_preset_raises_error" time="0.002" /><testcase classname="tests.unit.test_depth_curve.TestDepthCurveConfig" name="test_minimum_control_points" time="0.002" /><testcase classname="tests.unit.test_depth_curve.TestDepthCurveConfig" name="test_control_points_sorted_by_x" time="0.002" /><testcase classname="tests.unit.test_depth_curve.TestDepthCurveConfig" name="test_endpoints_auto_added" time="0.002" /><testcase classname="tests.unit.test_depth_curve.TestDepthCurveConfig" name="test_non_increasing_x_raises_error" time="0.002" /><testcase classname="tests.unit.test_depth_curve.TestDepthCurveConfig" name="test_to_dict" time="0.002" /><testcase classname="tests.unit.test_depth_curve.TestDepthCurveConfig" name="test_from_dict" time="0.002" /><testcase classname="tests.unit.test_depth_curve.TestDepthCurveConfig" name="test_get_xy_arrays" time="0.002" /><testcase classname="tests.unit.test_depth_curve.TestApplyDepthCurve" name="test_disabled_curve_returns_input" time="0.002" /><testcase classname="tests.unit.test_depth_curve.TestApplyDepthCurve" name="test_linear_curve_is_identity" time="0.002" /><testcase classname="tests.unit.test_depth_curve.TestApplyDepthCurve" name="test_s_curve_increases_contrast" time="0.003" /><testcase classname="tests.unit.test_depth_curve.TestApplyDepthCurve" name="test_contrast_boost_stretches_midtones" time="0.002" /><testcase classname="tests.unit.test_depth_curve.TestApplyDepthCurve" name="test_output_is_clipped_to_valid_range" time="0.003" /><testcase classname="tests.unit.test_depth_curve.TestApplyDepthCurve" name="test_preserves_dtype" time="0.002" /><testcase classname="tests.unit.test_depth_curve.TestApplyDepthCurve" name="test_handles_constant_depth_map" time="0.002" /><testcase classname="tests.unit.test_depth_curve.TestApplyDepthCurve" name="test_handles_boundary_values" time="0.003" /><testcase classname="tests.unit.test_depth_curve.TestCurveLUT" name="test_create_linear_lut" time="0.002" /><testcase classname="tests.unit.test_depth_curve.TestCurveLUT" name="test_create_s_curve_lut" time="0.002" /><testcase classname="tests.k8s.test_deployment.TestDeploymentHealthChecks" name="test_liveness_probe_has_timeout" time="0.064" /><testcase classname="tests.unit.test_depth_curve.TestCurveLUT" name="test_apply_curve_lut" time="0.002" /><testcase classname="tests.unit.test_depth_curve.TestCurveLUT" name="test_lut_vs_direct_application" time="0.003" /><testcase classname="tests.unit.test_depth_curve.TestCurvePresets" name="test_all_presets_have_valid_control_points" time="0.002" /><testcase classname="tests.unit.test_depth_curve.TestCurvePresets" name="test_all_presets_can_create_config" time="0.002" /><testcase classname="tests.unit.test_depth_curve.TestCurvePresets" name="test_preset_curves_are_monotonic" time="0.002" /><testcase classname="tests.unit.test_depth_curve.TestDepthCurveError" name="test_error_creation" time="0.002" /><testcase classname="tests.unit.test_depth_curve.TestDepthCurveError" name="test_error_with_operation" time="0.002" /><testcase classname="tests.unit.test_depth_curve.TestDepthCurveError" name="test_error_with_original_exception" time="0.002" /><testcase classname="tests.unit.test_depth_ensemble.TestEnsembleMethod" name="test_values" time="0.002" /><testcase classname="tests.unit.test_depth_ensemble.TestWeightStrategy" name="test_values" time="0.002" /><testcase classname="tests.unit.test_depth_ensemble.TestEnsembleConfig" name="test_default_config" time="0.003" /><testcase classname="tests.unit.test_depth_ensemble.TestEnsembleConfig" name="test_custom_config" time="0.003" /><testcase classname="tests.unit.test_depth_ensemble.TestEnsembleConfig" name="test_invalid_config_empty_models" time="0.002" /><testcase classname="tests.unit.test_depth_ensemble.TestEnsembleConfig" name="test_invalid_config_wrong_weights_count" time="0.002" /><testcase classname="tests.unit.test_depth_ensemble.TestEnsembleConfig" name="test_invalid_config_negative_weights" time="0.002" /><testcase classname="tests.unit.test_depth_ensemble.TestEnsembleConfig" name="test_weight_normalization" time="0.002" /><testcase classname="tests.unit.test_auth_jwt_service.TestUserFunctions" name="test_authenticate_user_with_email" time="0.431" /><testcase classname="tests.unit.test_depth_ensemble.TestEnsembleConfig" name="test_min_agreement_capping" time="0.002" /><testcase classname="tests.unit.test_depth_ensemble.TestNormalizeWeightsList" name="test_normalize_weights_basic" time="0.002" /><testcase classname="tests.unit.test_depth_ensemble.TestNormalizeWeightsList" name="test_normalize_weights_already_normalized" time="0.002" /><testcase classname="tests.k8s.test_deployment.TestDeploymentHealthChecks" name="test_readiness_probe_has_timeout" time="0.065" /><testcase classname="tests.unit.test_depth_ensemble.TestNormalizeWeightsList" name="test_normalize_weights_zero_sum" time="0.002" /><testcase classname="tests.unit.test_depth_ensemble.TestNormalizeWeightsList" name="test_normalize_weights_negative_sum" time="0.002" /><testcase classname="tests.unit.test_depth_ensemble.TestCombinationMethods" name="test_combine_weighted_average" time="0.002" /><testcase classname="tests.unit.test_depth_ensemble.TestCombinationMethods" name="test_combine_average" time="0.002" /><testcase classname="tests.unit.test_depth_ensemble.TestCombinationMethods" name="test_combine_median" time="0.002" /><testcase classname="tests.unit.test_depth_ensemble.TestCombinationMethods" name="test_combine_max" time="0.002" /><testcase classname="tests.unit.test_depth_ensemble.TestCombinationMethods" name="test_combine_min" time="0.003" /><testcase classname="tests.unit.test_depth_ensemble.TestReprMethod" name="test_repr_basic" time="0.002" /><testcase classname="tests.unit.test_depth_ensemble.TestInputValidation" name="test_invalid_input_type" time="0.002" /><testcase classname="tests.unit.test_depth_ensemble.TestInputValidation" name="test_wrong_dimensions" time="0.002" /><testcase classname="tests.unit.test_depth_ensemble.TestInputValidation" name="test_wrong_channels" time="0.002" /><testcase classname="tests.unit.test_depth_ensemble.TestModelWeights" name="test_get_model_weights" time="0.003" /><testcase classname="tests.unit.test_depth_ensemble.TestModelWeights" name="test_set_model_weights" time="0.003" /><testcase classname="tests.unit.test_depth_ensemble.TestModelWeights" name="test_set_model_weights_negative_raises" time="0.003" /><testcase classname="tests.unit.test_depth_ensemble.TestPerformanceTracking" name="test_update_performance" time="0.002" /><testcase classname="tests.unit.test_depth_ensemble.TestPerformanceTracking" name="test_update_performance_invalid_model_raises" time="0.002" /><testcase classname="tests.unit.test_depth_ensemble.TestEnsembleError" name="test_error_creation" time="0.002" /><testcase classname="tests.unit.test_depth_ensemble.TestEnsembleError" name="test_error_str_with_failed_models" time="0.002" /><testcase classname="tests.k8s.test_deployment.TestDeploymentSecurityContext" name="test_pod_has_security_context" time="0.065" /><testcase classname="tests.unit.test_depth_ensemble.TestAutoWeights" name="test_uniform_weights" time="0.002" /><testcase classname="tests.unit.test_depth_ensemble.TestAutoWeights" name="test_predefined_weights" time="0.002" /><testcase classname="tests.unit.test_depth_ensemble.TestCallableInterface" name="test_callable" time="0.002" /><testcase classname="tests.unit.test_depth_ensemble.TestContextManager" name="test_context_manager" time="0.002" /><testcase classname="tests.unit.test_depth_ensemble.TestConvenienceFunctions" name="test_create_ensemble_predictor_exists" time="0.002" /><testcase classname="tests.unit.test_depth_ensemble.TestConvenienceFunctions" name="test_estimate_depth_ensemble_exists" time="0.002" /><testcase classname="tests.unit.test_depth_ensemble.TestNormalizeWeightsMethod" name="test_normalize_weights_basic" time="0.002" /><testcase classname="tests.unit.test_depth_ensemble.TestNormalizeWeightsMethod" name="test_normalize_weights_zero_sum_returns_uniform" time="0.003" /><testcase classname="tests.unit.test_depth_ensemble.TestHelperMethods" name="test_get_predefined_weights" time="0.002" /><testcase classname="tests.unit.test_depth_ensemble.TestHelperMethods" name="test_get_predefined_weights_unknown_model" time="0.002" /><testcase classname="tests.unit.test_depth_ensemble.TestHelperMethods" name="test_get_performance_weights_no_history" time="0.003" /><testcase classname="tests.unit.test_depth_ensemble.TestHelperMethods" name="test_get_performance_weights_with_history" time="0.002" /><testcase classname="tests.unit.test_depth_temporal.TestTemporalSmoothingMethod" name="test_enum_values" time="0.002" /><testcase classname="tests.unit.test_depth_temporal.TestTemporalSmoothingMethod" name="test_all_methods_have_values" time="0.002" /><testcase classname="tests.integration.test_api_crash.TestGetCrashReport" name="test_get_report_success" time="0.512" /><testcase classname="tests.unit.test_depth_temporal.TestTemporalSmoothingConfig" name="test_default_values" time="0.006" /><testcase classname="tests.unit.test_depth_temporal.TestTemporalSmoothingConfig" name="test_custom_values" time="0.003" /><testcase classname="tests.k8s.test_deployment.TestDeploymentSecurityContext" name="test_pod_runs_as_non_root" time="0.062" /><testcase classname="tests.unit.test_depth_temporal.TestTemporalSmoothingConfig" name="test_method_normalization" time="0.003" /><testcase classname="tests.unit.test_depth_temporal.TestTemporalSmoothingConfig" name="test_invalid_method_raises" time="0.003" /><testcase classname="tests.unit.test_depth_temporal.TestTemporalSmoothingConfig" name="test_invalid_smoothing_factor_raises" time="0.003" /><testcase classname="tests.unit.test_depth_temporal.TestTemporalSmoothingConfig" name="test_invalid_window_size_raises" time="0.003" /><testcase classname="tests.unit.test_depth_temporal.TestTemporalSmoothingConfig" name="test_invalid_flow_threshold_raises" time="0.004" /><testcase classname="tests.unit.test_depth_temporal.TestTemporalSmoothingConfig" name="test_invalid_pyramid_scale_raises" time="0.003" /><testcase classname="tests.unit.test_depth_temporal.TestTemporalState" name="test_default_state" time="0.002" /><testcase classname="tests.unit.test_depth_temporal.TestTemporalSmootherInit" name="test_init_with_defaults" time="0.003" /><testcase classname="tests.unit.test_depth_temporal.TestTemporalSmootherInit" name="test_init_with_config" time="0.003" /><testcase classname="tests.unit.test_depth_temporal.TestTemporalSmootherInit" name="test_init_with_kwargs" time="0.003" /><testcase classname="tests.unit.test_depth_temporal.TestEMASmoothing" name="test_ema_first_frame" time="0.004" /><testcase classname="tests.unit.test_depth_temporal.TestEMASmoothing" name="test_ema_second_frame" time="0.004" /><testcase classname="tests.unit.test_depth_temporal.TestEMASmoothing" name="test_ema_high_smoothing_factor" time="0.004" /><testcase classname="tests.unit.test_depth_temporal.TestEMASmoothing" name="test_ema_low_smoothing_factor" time="0.004" /><testcase classname="tests.k8s.test_deployment.TestDeploymentSecurityContext" name="test_pod_has_run_as_user" time="0.062" /><testcase classname="tests.unit.test_depth_temporal.TestEMASmoothing" name="test_ema_resets_state" time="0.004" /><testcase classname="tests.unit.test_depth_temporal.TestNoneMethod" name="test_none_returns_input" time="0.004" /><testcase classname="tests.unit.test_depth_temporal.TestNoneMethod" name="test_none_increments_frame_count" time="0.003" /><testcase classname="tests.unit.test_depth_temporal.TestOpticalFlowSmoothing" name="test_optical_flow_first_frame" time="0.004" /><testcase classname="tests.unit.test_auth_jwt_service.TestGetUserFunctions" name="test_get_user_by_id_found" time="0.005" /><testcase classname="tests.unit.test_depth_temporal.TestOpticalFlowSmoothing" name="test_optical_flow_requires_frame" time="0.004" /><testcase classname="tests.unit.test_auth_jwt_service.TestGetUserFunctions" name="test_get_user_by_id_not_found" time="0.005" /><testcase classname="tests.unit.test_depth_temporal.TestOpticalFlowSmoothing" name="test_optical_flow_with_frames" time="0.015" /><testcase classname="tests.unit.test_auth_jwt_service.TestGetUserFunctions" name="test_get_user_by_username_found" time="0.005" /><testcase classname="tests.unit.test_auth_jwt_service.TestGetUserFunctions" name="test_get_user_by_email_found" time="0.006" /><testcase classname="tests.unit.test_auth_jwt_service.TestCreateUser" name="test_create_user_success" time="0.218" /><testcase classname="tests.unit.test_depth_temporal.TestOpticalFlowSmoothing" name="test_optical_flow_occlusion_handling" time="0.006" /><testcase classname="tests.unit.test_depth_temporal.TestSlidingWindowSmoothing" name="test_sliding_window_first_frame" time="0.004" /><testcase classname="tests.unit.test_depth_temporal.TestSlidingWindowSmoothing" name="test_sliding_window_averaging" time="0.007" /><testcase classname="tests.k8s.test_deployment.TestDeploymentSecurityContext" name="test_pod_has_run_as_group" time="0.062" /><testcase classname="tests.unit.test_depth_temporal.TestSlidingWindowSmoothing" name="test_sliding_window_respects_window_size" time="0.010" /><testcase classname="tests.unit.test_depth_temporal.TestBatchProcessing" name="test_process_batch_basic" time="0.007" /><testcase classname="tests.unit.test_depth_temporal.TestBatchProcessing" name="test_process_batch_with_frames" time="0.016" /><testcase classname="tests.unit.test_depth_temporal.TestBatchProcessing" name="test_process_batch_length_mismatch" time="0.005" /><testcase classname="tests.unit.test_depth_temporal.TestBatchProcessing" name="test_process_batch_empty_list" time="0.005" /><testcase classname="tests.unit.test_depth_temporal.TestBatchProcessing" name="test_process_batch_resets_state" time="0.007" /><testcase classname="tests.unit.test_depth_temporal.TestCallableInterface" name="test_callable_delegates_to_smooth" time="0.004" /><testcase classname="tests.k8s.test_deployment.TestDeploymentSecurityContext" name="test_pod_has_fs_group" time="0.062" /><testcase classname="tests.unit.test_depth_temporal.TestErrorHandling" name="test_temporal_smoothing_error_attrs" time="0.003" /><testcase classname="tests.unit.test_depth_temporal.TestErrorHandling" name="test_temporal_smoothing_error_inheritance" time="0.002" /><testcase classname="tests.unit.test_depth_temporal.TestErrorHandling" name="test_output_clamped_to_valid_range" time="0.007" /><testcase classname="tests.unit.test_depth_temporal.TestConvenienceFunctions" name="test_create_temporal_smoother_defaults" time="0.003" /><testcase classname="tests.unit.test_depth_temporal.TestConvenienceFunctions" name="test_create_temporal_smoother_custom" time="0.003" /><testcase classname="tests.unit.test_depth_temporal.TestConvenienceFunctions" name="test_smooth_depth_temporal" time="0.006" /><testcase classname="tests.unit.test_depth_temporal.TestConvenienceFunctions" name="test_smooth_depth_temporal_with_frames" time="0.014" /><testcase classname="tests.unit.test_depth_temporal.TestEdgeCases" name="test_constant_depth_map" time="0.004" /><testcase classname="tests.unit.test_depth_temporal.TestEdgeCases" name="test_single_pixel_depth" time="0.003" /><testcase classname="tests.unit.test_depth_temporal.TestEdgeCases" name="test_large_smoothing_factor" time="0.004" /><testcase classname="tests.k8s.test_deployment.TestDeploymentSecurityContext" name="test_pod_has_seccomp_profile" time="0.061" /><testcase classname="tests.unit.test_depth_temporal.TestEdgeCases" name="test_zero_smoothing_factor" time="0.005" /><testcase classname="tests.unit.test_gpu.TestDeviceDetection" name="test_is_cuda_available_no_cuda" time="0.016" /><testcase classname="tests.unit.test_gpu.TestDeviceDetection" name="test_is_cuda_available_with_cuda" time="0.017" /><testcase classname="tests.unit.test_gpu.TestDeviceDetection" name="test_is_mps_available_no_mps" time="0.016" /><testcase classname="tests.k8s.test_deployment.TestDeploymentContainerSecurity" name="test_container_has_security_context" time="0.061" /><testcase classname="tests.unit.test_auth_jwt_service.TestCreateUser" name="test_create_user_duplicate_username" time="0.006" /><testcase classname="tests.unit.test_gpu.TestDeviceDetection" name="test_get_device_count_no_cuda" time="0.016" /><testcase classname="tests.unit.test_auth_jwt_service.TestCreateUser" name="test_create_user_duplicate_email" time="0.006" /><testcase classname="tests.unit.test_auth_jwt_service.TestCreateUser" name="test_create_user_hashes_password" time="0.218" /><testcase classname="tests.unit.test_gpu.TestDeviceDetection" name="test_get_device_count_with_cuda" time="0.017" /><testcase classname="tests.unit.test_gpu.TestDeviceSelection" name="test_select_device_cpu_explicit" time="0.016" /><testcase classname="tests.k8s.test_deployment.TestDeploymentContainerSecurity" name="test_container_no_privilege_escalation" time="0.062" /><testcase classname="tests.unit.test_gpu.TestDeviceSelection" name="test_select_device_auto_fallback_to_cpu" time="0.016" /><testcase classname="tests.unit.test_gpu.TestDeviceSelection" name="test_select_device_disabled" time="0.015" /><testcase classname="tests.k8s.test_deployment.TestDeploymentContainerSecurity" name="test_container_drops_capabilities" time="0.063" /><testcase classname="tests.integration.test_api_crash.TestGetCrashReport" name="test_get_report_response_schema" time="0.512" /><testcase classname="tests.k8s.test_deployment.TestDeploymentVolumes" name="test_pod_has_volumes" time="0.063" /><testcase classname="tests.unit.test_auth_jwt_service.TestTokenExpiration" name="test_access_token_expires" time="0.002" /><testcase classname="tests.unit.test_auth_jwt_service.TestTokenExpiration" name="test_refresh_token_expires_later_than_access" time="0.003" /><testcase classname="tests.unit.test_auth_schemas.TestUserRole" name="test_user_role_values" time="0.002" /><testcase classname="tests.k8s.test_deployment.TestDeploymentVolumes" name="test_container_has_volume_mounts" time="0.062" /><testcase classname="tests.unit.test_auth_schemas.TestUserRole" name="test_user_role_from_string" time="0.002" /><testcase classname="tests.unit.test_auth_schemas.TestUserRole" name="test_user_role_invalid_value" time="0.002" /><testcase classname="tests.unit.test_auth_schemas.TestUserCreate" name="test_valid_user_create" time="0.003" /><testcase classname="tests.unit.test_auth_schemas.TestUserCreate" name="test_email_validation_valid" time="0.003" /><testcase classname="tests.unit.test_auth_schemas.TestUserCreate" name="test_email_validation_invalid" time="0.002" /><testcase classname="tests.unit.test_auth_schemas.TestUserCreate" name="test_username_validation_valid" time="0.004" /><testcase classname="tests.unit.test_auth_schemas.TestUserCreate" name="test_username_validation_invalid_characters" time="0.002" /><testcase classname="tests.unit.test_auth_schemas.TestUserCreate" name="test_username_validation_too_short" time="0.002" /><testcase classname="tests.unit.test_auth_schemas.TestUserCreate" name="test_username_validation_too_long" time="0.002" /><testcase classname="tests.unit.test_auth_schemas.TestUserCreate" name="test_password_validation_valid" time="0.003" /><testcase classname="tests.unit.test_gpu.TestGPUConfig" name="test_default_config" time="0.210" /><testcase classname="tests.unit.test_auth_schemas.TestUserCreate" name="test_password_validation_too_short" time="0.002" /><testcase classname="tests.unit.test_auth_schemas.TestUserCreate" name="test_password_validation_no_uppercase" time="0.002" /><testcase classname="tests.unit.test_auth_schemas.TestUserCreate" name="test_password_validation_no_lowercase" time="0.002" /><testcase classname="tests.unit.test_auth_schemas.TestUserCreate" name="test_password_validation_no_digit" time="0.002" /><testcase classname="tests.unit.test_auth_schemas.TestUserCreate" name="test_username_is_lowercased" time="0.002" /><testcase classname="tests.unit.test_gpu.TestGPUConfig" name="test_custom_config" time="0.015" /><testcase classname="tests.unit.test_auth_schemas.TestUserLogin" name="test_valid_user_login" time="0.002" /><testcase classname="tests.unit.test_auth_schemas.TestUserLogin" name="test_login_with_email" time="0.002" /><testcase classname="tests.unit.test_auth_schemas.TestUserLogin" name="test_login_required_fields" time="0.002" /><testcase classname="tests.k8s.test_deployment.TestDeploymentVolumes" name="test_has_models_volume" time="0.064" /><testcase classname="tests.unit.test_auth_schemas.TestUserResponse" name="test_valid_user_response" time="0.002" /><testcase classname="tests.unit.test_auth_schemas.TestUserResponse" name="test_user_response_defaults" time="0.002" /><testcase classname="tests.unit.test_gpu.TestMemoryFunctions" name="test_estimate_memory_requirement" time="0.016" /><testcase classname="tests.unit.test_auth_schemas.TestUserResponse" name="test_user_response_admin_role" time="0.002" /><testcase classname="tests.unit.test_auth_schemas.TestUserResponse" name="test_user_response_serialization" time="0.002" /><testcase classname="tests.unit.test_auth_schemas.TestTokenRefreshRequest" name="test_valid_token_refresh_request" time="0.002" /><testcase classname="tests.unit.test_auth_schemas.TestTokenRefreshRequest" name="test_token_refresh_required" time="0.002" /><testcase classname="tests.unit.test_auth_schemas.TestTokenPayload" name="test_valid_token_payload" time="0.002" /><testcase classname="tests.unit.test_gpu.TestMemoryFunctions" name="test_estimate_memory_requirement_fp16" time="0.015" /><testcase classname="tests.unit.test_auth_schemas.TestTokenPayload" name="test_token_payload_with_timestamps" time="0.002" /><testcase classname="tests.unit.test_auth_schemas.TestTokenPayload" name="test_token_payload_refresh_type" time="0.002" /><testcase classname="tests.unit.test_auth_schemas.TestTokenResponse" name="test_valid_token_response" time="0.002" /><testcase classname="tests.unit.test_auth_schemas.TestTokenResponse" name="test_token_response_default_token_type" time="0.002" /><testcase classname="tests.unit.test_auth_schemas.TestAuthConfig" name="test_auth_config_defaults" time="0.002" /><testcase classname="tests.unit.test_gpu.TestMemoryFunctions" name="test_estimate_memory_requirement_invalid_batch_size" time="0.017" /><testcase classname="tests.unit.test_auth_schemas.TestAuthConfig" name="test_auth_config_custom_values" time="0.002" /><testcase classname="tests.unit.test_auth_schemas.TestModelEdgeCases" name="test_user_create_min_length_username" time="0.002" /><testcase classname="tests.unit.test_auth_schemas.TestModelEdgeCases" name="test_user_create_max_length_username" time="0.002" /><testcase classname="tests.unit.test_auth_schemas.TestModelEdgeCases" name="test_user_create_min_length_password" time="0.002" /><testcase classname="tests.unit.test_auth_schemas.TestModelEdgeCases" name="test_user_create_max_length_password" time="0.002" /><testcase classname="tests.unit.test_auth_schemas.TestModelEdgeCases" name="test_user_response_inactive_user" time="0.002" /><testcase classname="tests.unit.test_gpu.TestMemoryFunctions" name="test_estimate_memory_requirement_invalid_dimensions" time="0.016" /><testcase classname="tests.unit.test_batch_config.TestFileDiscoveryConfig" name="test_default_values" time="0.002" /><testcase classname="tests.unit.test_batch_config.TestFileDiscoveryConfig" name="test_custom_values" time="0.002" /><testcase classname="tests.k8s.test_deployment.TestDeploymentVolumes" name="test_has_inputs_volume" time="0.062" /><testcase classname="tests.unit.test_batch_config.TestFileDiscoveryConfig" name="test_to_dict" time="0.002" /><testcase classname="tests.unit.test_batch_config.TestFolderWatcherConfig" name="test_default_values" time="0.002" /><testcase classname="tests.unit.test_batch_config.TestFolderWatcherConfig" name="test_custom_values" time="0.002" /><testcase classname="tests.unit.test_batch_config.TestFolderWatcherConfig" name="test_post_init_converts_string_paths" time="0.002" /><testcase classname="tests.unit.test_gpu.TestMemoryFunctions" name="test_get_memory_usage_no_cuda" time="0.017" /><testcase classname="tests.unit.test_batch_config.TestFolderWatcherConfig" name="test_to_dict" time="0.002" /><testcase classname="tests.unit.test_batch_config.TestBatchQueueConfig" name="test_default_values" time="0.002" /><testcase classname="tests.unit.test_batch_config.TestBatchQueueConfig" name="test_custom_values" time="0.002" /><testcase classname="tests.unit.test_batch_config.TestBatchQueueConfig" name="test_post_init_converts_string_paths" time="0.002" /><testcase classname="tests.unit.test_batch_config.TestBatchQueueConfig" name="test_invalid_max_concurrent_jobs_zero" time="0.003" /><testcase classname="tests.unit.test_gpu.TestBatchSizeComputation" name="test_compute_optimal_batch_size_no_cuda" time="0.017" /><testcase classname="tests.unit.test_batch_config.TestBatchQueueConfig" name="test_invalid_max_concurrent_jobs_negative" time="0.002" /><testcase classname="tests.unit.test_batch_config.TestBatchQueueConfig" name="test_high_concurrent_jobs_warning" time="0.002" /><testcase classname="tests.unit.test_batch_config.TestBatchQueueConfig" name="test_get_output_path_with_output_directory" time="0.002" /><testcase classname="tests.unit.test_batch_config.TestBatchQueueConfig" name="test_get_output_path_without_output_directory" time="0.002" /><testcase classname="tests.unit.test_batch_config.TestBatchQueueConfig" name="test_get_output_path_with_base_override" time="0.002" /><testcase classname="tests.unit.test_gpu.TestBatchSizeComputation" name="test_compute_optimal_batch_size_disabled" time="0.016" /><testcase classname="tests.unit.test_batch_config.TestBatchQueueConfig" name="test_get_output_path_custom_naming_pattern" time="0.002" /><testcase classname="tests.unit.test_batch_config.TestBatchQueueConfig" name="test_get_output_path_preserve_directory_structure" time="0.003" /><testcase classname="tests.unit.test_batch_config.TestBatchQueueConfig" name="test_to_dict" time="0.002" /><testcase classname="tests.k8s.test_deployment.TestDeploymentVolumes" name="test_has_outputs_volume" time="0.062" /><testcase classname="tests.unit.test_batch_config.TestBatchQueueConfig" name="test_to_dict_none_paths" time="0.002" /><testcase classname="tests.unit.test_gpu.TestBatchSizeComputation" name="test_compute_optimal_batch_size_invalid_dimensions" time="0.018" /><testcase classname="tests.unit.test_batch_config.TestBatchQueueConfig" name="test_nested_config_serialization" time="0.003" /><testcase classname="tests.unit.test_batch_config.TestConfigIntegration" name="test_full_config_roundtrip" time="0.003" /><testcase classname="tests.unit.test_batch_exceptions.TestBatchQueueError" name="test_is_exception" time="0.002" /><testcase classname="tests.unit.test_batch_exceptions.TestBatchQueueError" name="test_message" time="0.002" /><testcase classname="tests.unit.test_batch_exceptions.TestBatchQueueError" name="test_can_be_raised" time="0.002" /><testcase classname="tests.unit.test_batch_exceptions.TestJobNotFoundError" name="test_message_format" time="0.002" /><testcase classname="tests.unit.test_gpu.TestBatchSizeComputation" name="test_compute_optimal_batch_size_invalid_safety_margin" time="0.016" /><testcase classname="tests.unit.test_batch_exceptions.TestJobNotFoundError" name="test_job_id_attribute" time="0.002" /><testcase classname="tests.unit.test_batch_exceptions.TestJobNotFoundError" name="test_inheritance" time="0.002" /><testcase classname="tests.unit.test_batch_exceptions.TestJobNotFoundError" name="test_can_be_caught_as_base_type" time="0.002" /><testcase classname="tests.unit.test_batch_exceptions.TestJobAlreadyExistsError" name="test_message_format" time="0.002" /><testcase classname="tests.unit.test_batch_exceptions.TestJobAlreadyExistsError" name="test_job_id_attribute" time="0.002" /><testcase classname="tests.unit.test_batch_exceptions.TestJobAlreadyExistsError" name="test_inheritance" time="0.002" /><testcase classname="tests.unit.test_gpu.TestExceptions" name="test_gpu_error_basic" time="0.016" /><testcase classname="tests.unit.test_batch_exceptions.TestQueueFullError" name="test_message_format" time="0.002" /><testcase classname="tests.unit.test_batch_exceptions.TestQueueFullError" name="test_max_size_attribute" time="0.002" /><testcase classname="tests.unit.test_batch_exceptions.TestQueueFullError" name="test_inheritance" time="0.002" /><testcase classname="tests.unit.test_batch_exceptions.TestQueueNotRunningError" name="test_message_format" time="0.002" /><testcase classname="tests.unit.test_batch_exceptions.TestQueueNotRunningError" name="test_inheritance" time="0.002" /><testcase classname="tests.unit.test_gpu.TestExceptions" name="test_gpu_error_with_params" time="0.017" /><testcase classname="tests.unit.test_batch_exceptions.TestJobValidationError" name="test_message_only" time="0.002" /><testcase classname="tests.unit.test_batch_exceptions.TestJobValidationError" name="test_message_with_input_path" time="0.002" /><testcase classname="tests.k8s.test_deployment.TestDeploymentVolumes" name="test_has_tmp_volume" time="0.063" /><testcase classname="tests.unit.test_batch_exceptions.TestJobValidationError" name="test_inheritance" time="0.002" /><testcase classname="tests.unit.test_batch_exceptions.TestFileDiscoveryError" name="test_message_only" time="0.002" /><testcase classname="tests.unit.test_batch_exceptions.TestFileDiscoveryError" name="test_message_with_path" time="0.002" /><testcase classname="tests.unit.test_batch_exceptions.TestFileDiscoveryError" name="test_inheritance" time="0.002" /><testcase classname="tests.unit.test_gpu.TestExceptions" name="test_out_of_memory_error_inherits" time="0.016" /><testcase classname="tests.unit.test_batch_exceptions.TestFolderWatcherError" name="test_message_only" time="0.002" /><testcase classname="tests.unit.test_batch_exceptions.TestFolderWatcherError" name="test_message_with_watch_path" time="0.002" /><testcase classname="tests.unit.test_batch_exceptions.TestFolderWatcherError" name="test_inheritance" time="0.002" /><testcase classname="tests.unit.test_batch_exceptions.TestStatePersistenceError" name="test_message_only" time="0.002" /><testcase classname="tests.unit.test_batch_exceptions.TestStatePersistenceError" name="test_message_with_state_file" time="0.002" /><testcase classname="tests.unit.test_batch_exceptions.TestStatePersistenceError" name="test_inheritance" time="0.002" /><testcase classname="tests.unit.test_gpu.TestTransferFunctions" name="test_transfer_to_cpu" time="0.018" /><testcase classname="tests.unit.test_batch_exceptions.TestExceptionHierarchy" name="test_all_exceptions_inherit_from_base" time="0.002" /><testcase classname="tests.unit.test_batch_exceptions.TestExceptionHierarchy" name="test_catching_base_catches_all" time="0.002" /><testcase classname="tests.unit.test_batch_exceptions.TestExceptionHierarchy" name="test_exception_can_be_chained" time="0.002" /><testcase classname="tests.unit.test_batch_exceptions.TestCircularDependencyError" name="test_message_format" time="0.002" /><testcase classname="tests.unit.test_batch_exceptions.TestCircularDependencyError" name="test_job_id_attributes" time="0.002" /><testcase classname="tests.unit.test_batch_exceptions.TestCircularDependencyError" name="test_inheritance" time="0.002" /><testcase classname="tests.unit.test_batch_exceptions.TestCircularDependencyError" name="test_can_be_caught_as_base_type" time="0.002" /><testcase classname="tests.unit.test_gpu.TestModuleExports" name="test_all_exports_defined" time="0.016" /><testcase classname="tests.unit.test_batch_exceptions.TestDependencyFailedError" name="test_message_format_failed" time="0.002" /><testcase classname="tests.unit.test_batch_exceptions.TestDependencyFailedError" name="test_message_format_cancelled" time="0.002" /><testcase classname="tests.unit.test_batch_exceptions.TestDependencyFailedError" name="test_job_id_attributes" time="0.002" /><testcase classname="tests.unit.test_batch_exceptions.TestDependencyFailedError" name="test_inheritance" time="0.002" /><testcase classname="tests.k8s.test_deployment.TestDeploymentGPUScheduling" name="test_has_node_affinity" time="0.062" /><testcase classname="tests.unit.test_batch_exceptions.TestDependencyFailedError" name="test_can_be_caught_as_base_type" time="0.002" /><testcase classname="tests.unit.test_gpu.TestHelperFunctions" name="test_parse_device_id_with_colon" time="0.017" /><testcase classname="tests.unit.test_batch_exceptions.TestSchedulerExceptionHierarchy" name="test_scheduler_exceptions_inherit_from_base" time="0.002" /><testcase classname="tests.unit.test_batch_exceptions.TestSchedulerExceptionHierarchy" name="test_catching_base_catches_scheduler_exceptions" time="0.002" /><testcase classname="tests.unit.test_batch_exceptions.TestSchedulerExceptionHierarchy" name="test_scheduler_exceptions_can_be_chained" time="0.002" /><testcase classname="tests.unit.test_batch_file_discovery.TestFileDiscovery" name="test_init_default_config" time="0.003" /><testcase classname="tests.unit.test_batch_file_discovery.TestFileDiscovery" name="test_init_custom_config" time="0.003" /><testcase classname="tests.unit.test_gpu.TestHelperFunctions" name="test_parse_device_id_without_colon" time="0.016" /><testcase classname="tests.unit.test_batch_file_discovery.TestFileDiscovery" name="test_discover_single_file" time="0.004" /><testcase classname="tests.unit.test_batch_file_discovery.TestFileDiscovery" name="test_discover_directory" time="0.004" /><testcase classname="tests.unit.test_batch_file_discovery.TestFileDiscovery" name="test_discover_recursive" time="0.004" /><testcase classname="tests.unit.test_gpu.TestHelperFunctions" name="test_parse_device_id_invalid" time="0.016" /><testcase classname="tests.unit.test_batch_file_discovery.TestFileDiscovery" name="test_discover_non_recursive" time="0.004" /><testcase classname="tests.unit.test_batch_file_discovery.TestFileDiscovery" name="test_discover_custom_patterns" time="0.004" /><testcase classname="tests.unit.test_batch_file_discovery.TestFileDiscovery" name="test_discover_exclude_patterns" time="0.004" /><testcase classname="tests.unit.test_batch_file_discovery.TestFileDiscovery" name="test_discover_max_depth" time="0.004" /><testcase classname="tests.unit.test_gpu.TestHelperFunctions" name="test_create_cpu_selection" time="0.019" /><testcase classname="tests.unit.test_batch_file_discovery.TestFileDiscovery" name="test_discover_nonexistent_path" time="0.003" /><testcase classname="tests.k8s.test_deployment.TestDeploymentGPUScheduling" name="test_node_affinity_requires_gpu" time="0.062" /><testcase classname="tests.unit.test_batch_file_discovery.TestFileDiscovery" name="test_discover_string_path" time="0.004" /><testcase classname="tests.unit.test_batch_file_discovery.TestFileDiscovery" name="test_discover_multiple_paths" time="0.004" /><testcase classname="tests.unit.test_batch_file_discovery.TestFileDiscovery" name="test_matches_patterns_case_insensitive" time="0.003" /><testcase classname="tests.unit.test_gpu.TestHelperFunctions" name="test_create_cpu_selection_with_fallback" time="0.017" /><testcase classname="tests.unit.test_batch_file_discovery.TestFileDiscovery" name="test_matches_patterns_case_sensitive" time="0.003" /><testcase classname="tests.unit.test_batch_file_discovery.TestFileDiscovery" name="test_file_size_filter_min" time="0.003" /><testcase classname="tests.unit.test_batch_file_discovery.TestFileDiscovery" name="test_file_size_filter_max" time="0.003" /><testcase classname="tests.unit.test_batch_file_discovery.TestFileDiscoveryWildcard" name="test_discover_by_wildcard_simple" time="0.004" /><testcase classname="tests.unit.test_gpu.TestSetupDevice" name="test_setup_device_default" time="0.017" /><testcase classname="tests.unit.test_batch_file_discovery.TestFileDiscoveryWildcard" name="test_discover_by_wildcard_with_prefix" time="0.004" /><testcase classname="tests.unit.test_batch_file_discovery.TestFileDiscoveryWildcard" name="test_discover_by_wildcard_absolute_path" time="0.004" /><testcase classname="tests.unit.test_batch_file_discovery.TestFileDiscoveryFromList" name="test_discover_from_list" time="0.005" /><testcase classname="tests.unit.test_gpu.TestSetupDevice" name="test_setup_device_with_override" time="0.017" /><testcase classname="tests.unit.test_batch_file_discovery.TestFileDiscoveryFromList" name="test_discover_from_list_with_invalid" time="0.004" /><testcase classname="tests.unit.test_batch_file_discovery.TestFileDiscoveryFromList" name="test_discover_from_list_without_validation" time="0.004" /><testcase classname="tests.integration.test_api_crash.TestGetCrashReport" name="test_get_report_with_exception" time="0.511" /><testcase classname="tests.k8s.test_deployment.TestDeploymentGPUScheduling" name="test_has_tolerations" time="0.061" /><testcase classname="tests.unit.test_batch_file_discovery.TestFileDiscoveryFromList" name="test_discover_from_list_string_paths" time="0.004" /><testcase classname="tests.unit.test_batch_file_discovery.TestFileDiscoveryFromTextFile" name="test_discover_from_text_file" time="0.004" /><testcase classname="tests.unit.test_gpu.TestConstants" name="test_constants_defined" time="0.014" /><testcase classname="tests.unit.test_batch_file_discovery.TestFileDiscoveryFromTextFile" name="test_discover_from_text_file_with_comments" time="0.004" /><testcase classname="tests.unit.test_batch_file_discovery.TestFileDiscoveryFromTextFile" name="test_discover_from_text_file_with_base_dir" time="0.004" /><testcase classname="tests.unit.test_batch_file_discovery.TestFileDiscoveryFromTextFile" name="test_discover_from_text_file_not_found" time="0.003" /><testcase classname="tests.unit.test_gpu.TestTransferToGpu" name="test_transfer_to_gpu_no_torch" time="0.017" /><testcase classname="tests.unit.test_batch_file_discovery.TestFileDiscoveryGrouping" name="test_group_by_directory" time="0.004" /><testcase classname="tests.unit.test_batch_file_discovery.TestDiscoverVideosConvenienceFunction" name="test_discover_videos_default" time="0.004" /><testcase classname="tests.unit.test_batch_file_discovery.TestDiscoverVideosConvenienceFunction" name="test_discover_videos_custom_patterns" time="0.005" /><testcase classname="tests.unit.test_gpu.TestTransferToGpu" name="test_transfer_to_gpu_basic" time="0.016" /><testcase classname="tests.unit.test_batch_file_discovery.TestDiscoverVideosConvenienceFunction" name="test_discover_videos_non_recursive" time="0.005" /><testcase classname="tests.unit.test_batch_file_discovery.TestFileDiscoveryErrorHandling" name="test_permission_error_handling" time="0.004" /><testcase classname="tests.unit.test_batch_file_discovery.TestFileDiscoveryErrorHandling" name="test_os_error_handling" time="0.004" /><testcase classname="tests.unit.test_gpu.TestTransferToCpu" name="test_transfer_to_cpu_cuda_tensor" time="0.018" /><testcase classname="tests.unit.test_batch_processor.TestBatchProcessorConfig" name="test_default_values" time="0.003" /><testcase classname="tests.unit.test_batch_processor.TestBatchProcessorConfig" name="test_custom_values" time="0.003" /><testcase classname="tests.k8s.test_deployment.TestDeploymentGPUScheduling" name="test_tolerates_gpu_taint" time="0.062" /><testcase classname="tests.unit.test_batch_processor.TestBatchProcessorConfig" name="test_invalid_batch_size_raises" time="0.003" /><testcase classname="tests.unit.test_batch_processor.TestBatchProcessorConfig" name="test_invalid_num_workers_raises" time="0.003" /><testcase classname="tests.unit.test_batch_processor.TestBatchProcessorConfig" name="test_invalid_timeout_raises" time="0.003" /><testcase classname="tests.unit.test_gpu.TestTransferToCpu" name="test_transfer_to_cpu_cpu_tensor" time="0.019" /><testcase classname="tests.unit.test_batch_processor.TestBatchProcessorConfig" name="test_invalid_chunk_size_raises" time="0.003" /><testcase classname="tests.unit.test_batch_processor.TestBatchProcessorConfig" name="test_invalid_max_retries_raises" time="0.003" /><testcase classname="tests.unit.test_batch_processor.TestBatchProcessorConfig" name="test_from_processing_config" time="0.003" /><testcase classname="tests.unit.test_batch_processor.TestBatchProcessorConfig" name="test_from_processing_config_defaults" time="0.003" /><testcase classname="tests.unit.test_batch_processor.TestProcessingMode" name="test_mode_values" time="0.002" /><testcase classname="tests.unit.test_gpu.TestCreatePinnedTensor" name="test_create_pinned_tensor_no_cuda" time="0.016" /><testcase classname="tests.unit.test_batch_processor.TestProcessingResult" name="test_success_rate_zero_processed" time="0.002" /><testcase classname="tests.unit.test_batch_processor.TestProcessingResult" name="test_success_rate_all_success" time="0.002" /><testcase classname="tests.unit.test_batch_processor.TestProcessingResult" name="test_success_rate_some_failed" time="0.002" /><testcase classname="tests.unit.test_batch_processor.TestProcessingResult" name="test_get_successful_outputs" time="0.002" /><testcase classname="tests.unit.test_batch_processor.TestProcessingResult" name="test_get_successful_outputs_all_none" time="0.002" /><testcase classname="tests.unit.test_batch_processor.TestProgressTracker" name="test_initial_state" time="0.002" /><testcase classname="tests.unit.test_gpu.TestCreatePinnedTensor" name="test_create_pinned_tensor_with_cuda" time="0.017" /><testcase classname="tests.unit.test_batch_processor.TestProgressTracker" name="test_update_completed" time="0.002" /><testcase classname="tests.unit.test_batch_processor.TestProgressTracker" name="test_update_failed" time="0.002" /><testcase classname="tests.unit.test_batch_processor.TestProgressTracker" name="test_progress_percent" time="0.002" /><testcase classname="tests.k8s.test_deployment.TestDeploymentHighAvailability" name="test_has_pod_anti_affinity" time="0.062" /><testcase classname="tests.unit.test_batch_processor.TestProgressTracker" name="test_progress_percent_zero_total" time="0.002" /><testcase classname="tests.unit.test_batch_processor.TestProgressTracker" name="test_items_per_second" time="0.002" /><testcase classname="tests.unit.test_gpu.TestWithOomRetry" name="test_with_oom_retry_success" time="0.016" /><testcase classname="tests.unit.test_batch_processor.TestProgressTracker" name="test_callback_called" time="0.003" /><testcase classname="tests.unit.test_batch_processor.TestProgressTracker" name="test_callback_exception_handled" time="0.004" /><testcase classname="tests.unit.test_batch_processor.TestFrameBatchProcessor" name="test_init_with_defaults" time="0.003" /><testcase classname="tests.unit.test_batch_processor.TestFrameBatchProcessor" name="test_init_with_config" time="0.003" /><testcase classname="tests.unit.test_gpu.TestWithOomRetry" name="test_with_oom_retry_oom_recovery" time="0.017" /><testcase classname="tests.unit.test_batch_processor.TestFrameBatchProcessor" name="test_init_with_kwargs" time="0.003" /><testcase classname="tests.unit.test_batch_processor.TestFrameBatchProcessor" name="test_process_empty_items" time="0.003" /><testcase classname="tests.unit.test_batch_processor.TestFrameBatchProcessor" name="test_process_sequential" time="0.004" /><testcase classname="tests.unit.test_batch_processor.TestFrameBatchProcessor" name="test_process_sequential_with_errors" time="0.027" /><testcase classname="tests.unit.test_gpu.TestWithOomRetry" name="test_with_oom_retry_non_oom_error" time="0.020" /><testcase classname="tests.unit.test_gui_cli.TestGUICLI" name="test_gui_command_exists" time="0.023" /><testcase classname="tests.k8s.test_deployment.TestDeploymentHighAvailability" name="test_has_topology_spread_constraints" time="0.062" /><testcase classname="tests.unit.test_batch_processor.TestFrameBatchProcessor" name="test_process_threaded" time="0.007" /><testcase classname="tests.unit.test_gui_cli.TestGUICLI" name="test_gui_command_help" time="0.046" /><testcase classname="tests.unit.test_batch_processor.TestFrameBatchProcessor" name="test_process_in_batches" time="0.312" /><testcase classname="tests.unit.test_gui_cli.TestGUICLI" name="test_gui_command_calls_run_gui" time="0.044" /><testcase classname="tests.k8s.test_deployment.TestDeploymentHighAvailability" name="test_topology_spread_uses_hostname" time="0.061" /><testcase classname="tests.unit.test_gui_cli.TestGUICLI" name="test_gui_command_handles_exit_code" time="0.044" /><testcase classname="tests.k8s.test_deployment.TestDeploymentHighAvailability" name="test_has_termination_grace_period" time="0.062" /><testcase classname="tests.unit.test_gui_cli.TestGUICLI" name="test_gui_command_handles_import_error" time="0.043" /><testcase classname="tests.k8s.test_deployment.TestDeploymentEnvironment" name="test_container_has_env_from" time="0.062" /><testcase classname="tests.unit.test_gui_cli.TestGUICLI" name="test_gui_command_handles_generic_error" time="0.071" /><testcase classname="tests.k8s.test_deployment.TestDeploymentEnvironment" name="test_container_mounts_configmap" time="0.062" /><testcase classname="tests.unit.test_gui_cli.TestGUIFunctionAvailability" name="test_run_gui_function_exists" time="0.002" /><testcase classname="tests.unit.test_gui_cli.TestGUIFunctionAvailability" name="test_main_window_class_exists" time="0.003"><skipped type="pytest.skip" message="PyQt6 not installed">/home/dkp/.ao/data/worktrees/2dto3d/2dto3d-3/tests/unit/test_gui_cli.py:129: PyQt6 not installed</skipped></testcase><testcase classname="tests.unit.test_gui_cli.TestCLIGUIIntegration" name="test_full_gui_invocation_flow" time="0.045" /><testcase classname="tests.k8s.test_deployment.TestDeploymentServiceAccount" name="test_has_service_account_name" time="0.062" /><testcase classname="tests.integration.test_api_crash.TestCreateManualCrashReport" name="test_create_manual_report_success" time="0.511" /><testcase classname="tests.unit.test_gui_cli.TestCLIGUIIntegration" name="test_cli_app_structure" time="0.002" /><testcase classname="tests.unit.test_gui_main_window.TestMainWindow" name="test_initialization" time="0.001"><skipped type="pytest.skip" message="PyQt6 not available">/home/dkp/.ao/data/worktrees/2dto3d/2dto3d-3/tests/unit/test_gui_main_window.py:56: PyQt6 not available</skipped></testcase><testcase classname="tests.unit.test_batch_processor.TestFrameBatchProcessor" name="test_map_sequential" time="0.004" /><testcase classname="tests.unit.test_gui_main_window.TestMainWindow" name="test_ui_components_exist" time="0.001"><skipped type="pytest.skip" message="PyQt6 not available">/home/dkp/.ao/data/worktrees/2dto3d/2dto3d-3/tests/unit/test_gui_main_window.py:61: PyQt6 not available</skipped></testcase><testcase classname="tests.unit.test_gui_widgets.TestFileSelector" name="test_initialization" time="0.001"><skipped type="pytest.skip" message="PyQt6 not available">/home/dkp/.ao/data/worktrees/2dto3d/2dto3d-3/tests/unit/test_gui_widgets.py:55: PyQt6 not available</skipped></testcase><testcase classname="tests.unit.test_gui_widgets.TestFileSelector" name="test_initialization_with_custom_params" time="0.001"><skipped type="pytest.skip" message="PyQt6 not available">/home/dkp/.ao/data/worktrees/2dto3d/2dto3d-3/tests/unit/test_gui_widgets.py:63: PyQt6 not available</skipped></testcase><testcase classname="tests.unit.test_batch_processor.TestFrameBatchProcessor" name="test_progress_callback" time="0.005" /><testcase classname="tests.unit.test_gui_widgets.TestFileSelector" name="test_get_path" time="0.001"><skipped type="pytest.skip" message="PyQt6 not available">/home/dkp/.ao/data/worktrees/2dto3d/2dto3d-3/tests/unit/test_gui_widgets.py:76: PyQt6 not available</skipped></testcase><testcase classname="tests.unit.test_gui_widgets.TestFileSelector" name="test_set_path" time="0.001"><skipped type="pytest.skip" message="PyQt6 not available">/home/dkp/.ao/data/worktrees/2dto3d/2dto3d-3/tests/unit/test_gui_widgets.py:82: PyQt6 not available</skipped></testcase><testcase classname="tests.unit.test_batch_processor.TestFrameBatchProcessor" name="test_error_callback" time="0.025" /><testcase classname="tests.unit.test_gui_widgets.TestFileSelector" name="test_path_changed_signal" time="0.001"><skipped type="pytest.skip" message="PyQt6 not available">/home/dkp/.ao/data/worktrees/2dto3d/2dto3d-3/tests/unit/test_gui_widgets.py:89: PyQt6 not available</skipped></testcase><testcase classname="tests.unit.test_gui_widgets.TestFileSelector" name="test_browse_open_mode" time="0.001"><skipped type="pytest.skip" message="PyQt6 not available">/home/dkp/.ao/data/worktrees/2dto3d/2dto3d-3/tests/unit/test_gui_widgets.py:103: PyQt6 not available</skipped></testcase><testcase classname="tests.unit.test_gui_widgets.TestFileSelector" name="test_browse_save_mode" time="0.001"><skipped type="pytest.skip" message="PyQt6 not available">/home/dkp/.ao/data/worktrees/2dto3d/2dto3d-3/tests/unit/test_gui_widgets.py:119: PyQt6 not available</skipped></testcase><testcase classname="tests.unit.test_gui_widgets.TestFileSelector" name="test_browse_canceled" time="0.001"><skipped type="pytest.skip" message="PyQt6 not available">/home/dkp/.ao/data/worktrees/2dto3d/2dto3d-3/tests/unit/test_gui_widgets.py:135: PyQt6 not available</skipped></testcase><testcase classname="tests.unit.test_gui_widgets.TestDirectorySelector" name="test_initialization" time="0.001"><skipped type="pytest.skip" message="PyQt6 not available">/home/dkp/.ao/data/worktrees/2dto3d/2dto3d-3/tests/unit/test_gui_widgets.py:154: PyQt6 not available</skipped></testcase><testcase classname="tests.unit.test_gui_widgets.TestDirectorySelector" name="test_initialization_with_custom_params" time="0.001"><skipped type="pytest.skip" message="PyQt6 not available">/home/dkp/.ao/data/worktrees/2dto3d/2dto3d-3/tests/unit/test_gui_widgets.py:160: PyQt6 not available</skipped></testcase><testcase classname="tests.unit.test_gui_widgets.TestDirectorySelector" name="test_get_path" time="0.001"><skipped type="pytest.skip" message="PyQt6 not available">/home/dkp/.ao/data/worktrees/2dto3d/2dto3d-3/tests/unit/test_gui_widgets.py:170: PyQt6 not available</skipped></testcase><testcase classname="tests.unit.test_gui_widgets.TestDirectorySelector" name="test_set_path" time="0.001"><skipped type="pytest.skip" message="PyQt6 not available">/home/dkp/.ao/data/worktrees/2dto3d/2dto3d-3/tests/unit/test_gui_widgets.py:176: PyQt6 not available</skipped></testcase><testcase classname="tests.unit.test_gui_widgets.TestDirectorySelector" name="test_path_changed_signal" time="0.001"><skipped type="pytest.skip" message="PyQt6 not available">/home/dkp/.ao/data/worktrees/2dto3d/2dto3d-3/tests/unit/test_gui_widgets.py:183: PyQt6 not available</skipped></testcase><testcase classname="tests.unit.test_gui_widgets.TestDirectorySelector" name="test_browse" time="0.001"><skipped type="pytest.skip" message="PyQt6 not available">/home/dkp/.ao/data/worktrees/2dto3d/2dto3d-3/tests/unit/test_gui_widgets.py:197: PyQt6 not available</skipped></testcase><testcase classname="tests.unit.test_gui_widgets.TestDirectorySelector" name="test_browse_canceled" time="0.001"><skipped type="pytest.skip" message="PyQt6 not available">/home/dkp/.ao/data/worktrees/2dto3d/2dto3d-3/tests/unit/test_gui_widgets.py:211: PyQt6 not available</skipped></testcase><testcase classname="tests.unit.test_gui_widgets.TestDirectorySelector" name="test_browse_updates_last_dir" time="0.001"><skipped type="pytest.skip" message="PyQt6 not available">/home/dkp/.ao/data/worktrees/2dto3d/2dto3d-3/tests/unit/test_gui_widgets.py:225: PyQt6 not available</skipped></testcase><testcase classname="tests.unit.test_batch_processor.TestChunkedBatchProcessor" name="test_process_frames" time="0.004" /><testcase classname="tests.unit.test_gui_widgets.TestFormRow" name="test_initialization_with_label_only" time="0.001"><skipped type="pytest.skip" message="PyQt6 not available">/home/dkp/.ao/data/worktrees/2dto3d/2dto3d-3/tests/unit/test_gui_widgets.py:239: PyQt6 not available</skipped></testcase><testcase classname="tests.unit.test_gui_widgets.TestFormRow" name="test_initialization_with_widget" time="0.001"><skipped type="pytest.skip" message="PyQt6 not available">/home/dkp/.ao/data/worktrees/2dto3d/2dto3d-3/tests/unit/test_gui_widgets.py:245: PyQt6 not available</skipped></testcase><testcase classname="tests.unit.test_batch_processor.TestConvenienceFunctions" name="test_create_processor_defaults" time="0.005" /><testcase classname="tests.unit.test_gui_widgets.TestFormRow" name="test_label_minimum_width" time="0.001"><skipped type="pytest.skip" message="PyQt6 not available">/home/dkp/.ao/data/worktrees/2dto3d/2dto3d-3/tests/unit/test_gui_widgets.py:254: PyQt6 not available</skipped></testcase><testcase classname="tests.unit.test_gui_widgets.TestCollapsibleBox" name="test_initialization" time="0.001"><skipped type="pytest.skip" message="PyQt6 not available">/home/dkp/.ao/data/worktrees/2dto3d/2dto3d-3/tests/unit/test_gui_widgets.py:265: PyQt6 not available</skipped></testcase><testcase classname="tests.unit.test_gui_widgets.TestCollapsibleBox" name="test_toggle_collapses_content" time="0.001"><skipped type="pytest.skip" message="PyQt6 not available">/home/dkp/.ao/data/worktrees/2dto3d/2dto3d-3/tests/unit/test_gui_widgets.py:273: PyQt6 not available</skipped></testcase><testcase classname="tests.unit.test_batch_processor.TestConvenienceFunctions" name="test_create_processor_custom" time="0.004" /><testcase classname="tests.unit.test_gui_widgets.TestCollapsibleBox" name="test_toggled_signal" time="0.001"><skipped type="pytest.skip" message="PyQt6 not available">/home/dkp/.ao/data/worktrees/2dto3d/2dto3d-3/tests/unit/test_gui_widgets.py:296: PyQt6 not available</skipped></testcase><testcase classname="tests.k8s.test_deployment.TestDeploymentServiceAccount" name="test_does_not_automount_service_account_token" time="0.064" /><testcase classname="tests.unit.test_batch_processor.TestConvenienceFunctions" name="test_process_in_parallel_basic" time="0.005" /><testcase classname="tests.unit.test_gui_widgets.TestWidgetIntegration" name="test_file_selector_in_form_row" time="0.001"><skipped type="pytest.skip" message="PyQt6 not available">/home/dkp/.ao/data/worktrees/2dto3d/2dto3d-3/tests/unit/test_gui_widgets.py:308: PyQt6 not available</skipped></testcase><testcase classname="tests.k8s.test_hpa.TestHpaExists" name="test_hpa_file_exists" time="0.002" /><testcase classname="tests.unit.test_gui_widgets.TestWidgetIntegration" name="test_directory_selector_in_form_row" time="0.001"><skipped type="pytest.skip" message="PyQt6 not available">/home/dkp/.ao/data/worktrees/2dto3d/2dto3d-3/tests/unit/test_gui_widgets.py:318: PyQt6 not available</skipped></testcase><testcase classname="tests.unit.test_gui_widgets.TestWidgetIntegration" name="test_multiple_widgets_in_layout" time="0.001"><skipped type="pytest.skip" message="PyQt6 not available">/home/dkp/.ao/data/worktrees/2dto3d/2dto3d-3/tests/unit/test_gui_widgets.py:328: PyQt6 not available</skipped></testcase><testcase classname="tests.unit.test_batch_processor.TestExceptions" name="test_batch_processor_error_attrs" time="0.002" /><testcase classname="tests.unit.test_gui_workers.TestConversionWorker" name="test_initialization" time="0.001"><skipped type="pytest.skip" message="PyQt6 not available">/home/dkp/.ao/data/worktrees/2dto3d/2dto3d-3/tests/unit/test_gui_workers.py:56: PyQt6 not available</skipped></testcase><testcase classname="tests.unit.test_gui_workers.TestConversionWorker" name="test_initialization_with_custom_params" time="0.001"><skipped type="pytest.skip" message="PyQt6 not available">/home/dkp/.ao/data/worktrees/2dto3d/2dto3d-3/tests/unit/test_gui_workers.py:70: PyQt6 not available</skipped></testcase><testcase classname="tests.unit.test_batch_processor.TestExceptions" name="test_worker_timeout_error_inheritance" time="0.002" /><testcase classname="tests.unit.test_gui_workers.TestConversionWorker" name="test_signals_defined" time="0.001"><skipped type="pytest.skip" message="PyQt6 not available">/home/dkp/.ao/data/worktrees/2dto3d/2dto3d-3/tests/unit/test_gui_workers.py:84: PyQt6 not available</skipped></testcase><testcase classname="tests.unit.test_batch_processor.TestExceptions" name="test_worker_initialization_error_inheritance" time="0.002" /><testcase classname="tests.unit.test_gui_workers.TestConversionWorker" name="test_cancel_method" time="0.001"><skipped type="pytest.skip" message="PyQt6 not available">/home/dkp/.ao/data/worktrees/2dto3d/2dto3d-3/tests/unit/test_gui_workers.py:98: PyQt6 not available</skipped></testcase><testcase classname="tests.unit.test_gui_workers.TestConversionWorker" name="test_run_missing_input_file" time="0.001"><skipped type="pytest.skip" message="PyQt6 not available">/home/dkp/.ao/data/worktrees/2dto3d/2dto3d-3/tests/unit/test_gui_workers.py:109: PyQt6 not available</skipped></testcase><testcase classname="tests.unit.test_batch_processor.TestHighWorkersWarning" name="test_high_workers_warning" time="0.004" /><testcase classname="tests.unit.test_gui_workers.TestConversionWorker" name="test_run_with_valid_input" time="0.002"><skipped type="pytest.skip" message="PyQt6 not available">/home/dkp/.ao/data/worktrees/2dto3d/2dto3d-3/tests/unit/test_gui_workers.py:127: PyQt6 not available</skipped></testcase><testcase classname="tests.unit.test_batch_processor.TestMultiprocessingMode" name="test_multiprocessing_config_creation" time="0.003" /><testcase classname="tests.unit.test_gui_workers.TestConversionWorker" name="test_run_emits_progress_signals" time="0.001"><skipped type="pytest.skip" message="PyQt6 not available">/home/dkp/.ao/data/worktrees/2dto3d/2dto3d-3/tests/unit/test_gui_workers.py:154: PyQt6 not available</skipped></testcase><testcase classname="tests.unit.test_gui_workers.TestConversionWorker" name="test_run_emits_stage_changes" time="0.001"><skipped type="pytest.skip" message="PyQt6 not available">/home/dkp/.ao/data/worktrees/2dto3d/2dto3d-3/tests/unit/test_gui_workers.py:178: PyQt6 not available</skipped></testcase><testcase classname="tests.unit.test_batch_processor.TestMultiprocessingMode" name="test_process_multiprocessing_basic" time="0.001"><skipped type="pytest.skip" message="Multiprocessing requires picklable functions">/home/dkp/.ao/data/worktrees/2dto3d/2dto3d-3/tests/unit/test_batch_processor.py:495: Multiprocessing requires picklable functions</skipped></testcase><testcase classname="tests.unit.test_gui_workers.TestConversionWorker" name="test_run_handles_cancellation" time="0.001"><skipped type="pytest.skip" message="PyQt6 not available">/home/dkp/.ao/data/worktrees/2dto3d/2dto3d-3/tests/unit/test_gui_workers.py:197: PyQt6 not available</skipped></testcase><testcase classname="tests.k8s.test_hpa.TestHpaExists" name="test_hpa_is_valid_yaml" time="0.025" /><testcase classname="tests.unit.test_batch_processor.TestMultiprocessingMode" name="test_process_multiprocessing_with_error" time="0.001"><skipped type="pytest.skip" message="Multiprocessing requires picklable functions">/home/dkp/.ao/data/worktrees/2dto3d/2dto3d-3/tests/unit/test_batch_processor.py:512: Multiprocessing requires picklable functions</skipped></testcase><testcase classname="tests.unit.test_gui_workers.TestBatchConversionWorker" name="test_initialization" time="0.001"><skipped type="pytest.skip" message="PyQt6 not available">/home/dkp/.ao/data/worktrees/2dto3d/2dto3d-3/tests/unit/test_gui_workers.py:226: PyQt6 not available</skipped></testcase><testcase classname="tests.unit.test_batch_processor.TestMultiprocessingMode" name="test_process_multiprocessing_with_timeout" time="0.001"><skipped type="pytest.skip" message="Multiprocessing requires picklable functions">/home/dkp/.ao/data/worktrees/2dto3d/2dto3d-3/tests/unit/test_batch_processor.py:535: Multiprocessing requires picklable functions</skipped></testcase><testcase classname="tests.unit.test_gui_workers.TestBatchConversionWorker" name="test_initialization_with_custom_params" time="0.001"><skipped type="pytest.skip" message="PyQt6 not available">/home/dkp/.ao/data/worktrees/2dto3d/2dto3d-3/tests/unit/test_gui_workers.py:241: PyQt6 not available</skipped></testcase><testcase classname="tests.unit.test_batch_processor.TestMapMethod" name="test_map_threading_mode" time="0.005" /><testcase classname="tests.unit.test_gui_workers.TestBatchConversionWorker" name="test_signals_defined" time="0.001"><skipped type="pytest.skip" message="PyQt6 not available">/home/dkp/.ao/data/worktrees/2dto3d/2dto3d-3/tests/unit/test_gui_workers.py:257: PyQt6 not available</skipped></testcase><testcase classname="tests.unit.test_gui_workers.TestBatchConversionWorker" name="test_cancel_method" time="0.001"><skipped type="pytest.skip" message="PyQt6 not available">/home/dkp/.ao/data/worktrees/2dto3d/2dto3d-3/tests/unit/test_gui_workers.py:271: PyQt6 not available</skipped></testcase><testcase classname="tests.unit.test_batch_processor.TestMapMethod" name="test_map_multiprocessing_mode" time="0.001"><skipped type="pytest.skip" message="Multiprocessing requires picklable functions">/home/dkp/.ao/data/worktrees/2dto3d/2dto3d-3/tests/unit/test_batch_processor.py:566: Multiprocessing requires picklable functions</skipped></testcase><testcase classname="tests.unit.test_gui_workers.TestBatchConversionWorker" name="test_run_with_no_files" time="0.001"><skipped type="pytest.skip" message="PyQt6 not available">/home/dkp/.ao/data/worktrees/2dto3d/2dto3d-3/tests/unit/test_gui_workers.py:282: PyQt6 not available</skipped></testcase><testcase classname="tests.unit.test_gui_workers.TestBatchConversionWorker" name="test_run_processes_multiple_files" time="0.001"><skipped type="pytest.skip" message="PyQt6 not available">/home/dkp/.ao/data/worktrees/2dto3d/2dto3d-3/tests/unit/test_gui_workers.py:305: PyQt6 not available</skipped></testcase><testcase classname="tests.unit.test_batch_processor.TestMapMethod" name="test_map_raises_on_error" time="0.003" /><testcase classname="tests.unit.test_gui_workers.TestBatchConversionWorker" name="test_run_emits_progress_updates" time="0.001"><skipped type="pytest.skip" message="PyQt6 not available">/home/dkp/.ao/data/worktrees/2dto3d/2dto3d-3/tests/unit/test_gui_workers.py:345: PyQt6 not available</skipped></testcase><testcase classname="tests.unit.test_batch_processor.TestProcessInBatches" name="test_process_in_batches_no_gc" time="0.003" /><testcase classname="tests.unit.test_gui_workers.TestBatchConversionWorker" name="test_run_handles_cancellation" time="0.001"><skipped type="pytest.skip" message="PyQt6 not available">/home/dkp/.ao/data/worktrees/2dto3d/2dto3d-3/tests/unit/test_gui_workers.py:376: PyQt6 not available</skipped></testcase><testcase classname="tests.unit.test_gui_workers.TestBatchConversionWorker" name="test_run_skips_existing_files" time="0.001"><skipped type="pytest.skip" message="PyQt6 not available">/home/dkp/.ao/data/worktrees/2dto3d/2dto3d-3/tests/unit/test_gui_workers.py:408: PyQt6 not available</skipped></testcase><testcase classname="tests.unit.test_batch_processor.TestThreadedWithRetry" name="test_threaded_retry_on_failure" time="0.105" /><testcase classname="tests.unit.test_gui_workers.TestWorkerThreadInheritance" name="test_conversion_worker_is_qthread" time="0.001"><skipped type="pytest.skip" message="PyQt6 not available">/home/dkp/.ao/data/worktrees/2dto3d/2dto3d-3/tests/unit/test_gui_workers.py:446: PyQt6 not available</skipped></testcase><testcase classname="tests.unit.test_gui_workers.TestWorkerThreadInheritance" name="test_batch_worker_is_qthread" time="0.001"><skipped type="pytest.skip" message="PyQt6 not available">/home/dkp/.ao/data/worktrees/2dto3d/2dto3d-3/tests/unit/test_gui_workers.py:454: PyQt6 not available</skipped></testcase><testcase classname="tests.k8s.test_hpa.TestMainHpa" name="test_main_hpa_exists" time="0.025" /><testcase classname="tests.unit.test_health.TestGetSystemMemory" name="test_get_system_memory_with_psutil" time="0.003" /><testcase classname="tests.unit.test_health.TestGetSystemMemory" name="test_get_system_memory_without_psutil" time="0.002" /><testcase classname="tests.unit.test_health.TestGetSystemMemory" name="test_get_system_memory_exception" time="0.003" /><testcase classname="tests.unit.test_health.TestGetGPUStatus" name="test_get_gpu_status_no_cuda" time="0.003" /><testcase classname="tests.unit.test_health.TestGetGPUStatus" name="test_get_gpu_status_with_cuda" time="0.004" /><testcase classname="tests.unit.test_health.TestGetGPUStatus" name="test_get_gpu_status_cuda_no_devices" time="0.003" /><testcase classname="tests.k8s.test_hpa.TestMainHpa" name="test_hpa_api_version" time="0.025" /><testcase classname="tests.unit.test_health.TestGetGPUStatus" name="test_get_gpu_status_cuda_empty_info_list" time="0.003" /><testcase classname="tests.unit.test_health.TestGetGPUStatus" name="test_get_gpu_status_exception_handling" time="0.003" /><testcase classname="tests.unit.test_health.TestGetQueueHealth" name="test_get_queue_health_no_queue" time="0.002" /><testcase classname="tests.unit.test_health.TestGetQueueHealth" name="test_get_queue_health_running" time="0.003" /><testcase classname="tests.unit.test_health.TestGetQueueHealth" name="test_get_queue_health_exception" time="0.003" /><testcase classname="tests.unit.test_health.TestGetQueueHealth" name="test_get_queue_health_paused" time="0.004" /><testcase classname="tests.k8s.test_hpa.TestMainHpa" name="test_hpa_has_namespace" time="0.025" /><testcase classname="tests.unit.test_health.TestDetermineHealthStatus" name="test_healthy_status" time="0.002" /><testcase classname="tests.unit.test_health.TestDetermineHealthStatus" name="test_degraded_status_high_memory" time="0.002" /><testcase classname="tests.unit.test_health.TestDetermineHealthStatus" name="test_unhealthy_status_queue_down" time="0.002" /><testcase classname="tests.unit.test_health.TestDetermineHealthStatus" name="test_unhealthy_status_critical_memory" time="0.002" /><testcase classname="tests.unit.test_health.TestDetermineHealthStatus" name="test_unhealthy_status_critical_gpu_memory" time="0.002" /><testcase classname="tests.unit.test_health.TestDetermineHealthStatus" name="test_degraded_status_gpu_memory_warning" time="0.002" /><testcase classname="tests.unit.test_health.TestDetermineHealthStatus" name="test_healthy_status_no_gpu" time="0.002" /><testcase classname="tests.unit.test_health.TestDetermineHealthStatus" name="test_memory_exactly_at_warning_threshold" time="0.002" /><testcase classname="tests.k8s.test_hpa.TestMainHpa" name="test_hpa_targets_deployment" time="0.025" /><testcase classname="tests.unit.test_health.TestDetermineHealthStatus" name="test_gpu_memory_exactly_at_warning_threshold" time="0.002" /><testcase classname="tests.unit.test_memory_monitor.TestIntegration" name="test_check_and_collect_triggers_gc" time="0.009" /><testcase classname="tests.unit.test_motion_compensated_smoothing.TestMotionCompensatedConfig" name="test_default_values" time="0.003" /><testcase classname="tests.unit.test_motion_compensated_smoothing.TestMotionCompensatedConfig" name="test_custom_values" time="0.003" /><testcase classname="tests.unit.test_motion_compensated_smoothing.TestMotionCompensatedConfig" name="test_invalid_smoothing_factor_raises" time="0.003" /><testcase classname="tests.unit.test_batch_processor.TestThreadedWithRetry" name="test_threaded_max_retries_exceeded" time="0.129" /><testcase classname="tests.k8s.test_hpa.TestHpaReplicas" name="test_hpa_has_min_replicas" time="0.025" /><testcase classname="tests.unit.test_motion_compensated_smoothing.TestMotionCompensatedConfig" name="test_invalid_flow_threshold_raises" time="0.003" /><testcase classname="tests.unit.test_motion_compensated_smoothing.TestMotionCompensatedConfig" name="test_invalid_consistency_threshold_raises" time="0.003" /><testcase classname="tests.unit.test_motion_compensated_smoothing.TestMotionCompensatedConfig" name="test_invalid_edge_preservation_factor_raises" time="0.003" /><testcase classname="tests.unit.test_motion_compensated_smoothing.TestMotionCompensatedConfig" name="test_invalid_motion_history_length_raises" time="0.003" /><testcase classname="tests.unit.test_motion_compensated_smoothing.TestMotionCompensatedConfig" name="test_invalid_depth_consistency_weight_raises" time="0.003" /><testcase classname="tests.unit.test_motion_compensated_smoothing.TestMotionCompensatedSmootherInit" name="test_init_with_defaults" time="0.005" /><testcase classname="tests.k8s.test_hpa.TestHpaReplicas" name="test_hpa_has_max_replicas" time="0.025" /><testcase classname="tests.unit.test_motion_compensated_smoothing.TestMotionCompensatedSmootherInit" name="test_init_with_config" time="0.004" /><testcase classname="tests.unit.test_motion_compensated_smoothing.TestMotionCompensatedSmootherInit" name="test_init_with_kwargs" time="0.004" /><testcase classname="tests.unit.test_motion_compensated_smoothing.TestMotionCompensatedSmoothing" name="test_first_frame" time="0.005" /><testcase classname="tests.unit.test_motion_compensated_smoothing.TestMotionCompensatedSmoothing" name="test_second_frame" time="0.011" /><testcase classname="tests.k8s.test_hpa.TestHpaReplicas" name="test_hpa_max_greater_than_min" time="0.025" /><testcase classname="tests.unit.test_motion_compensated_smoothing.TestMotionCompensatedSmoothing" name="test_with_frame_sequence" time="0.033" /><testcase classname="tests.k8s.test_hpa.TestHpaMetrics" name="test_hpa_has_metrics" time="0.025" /><testcase classname="tests.unit.test_motion_compensated_smoothing.TestMotionCompensatedSmoothing" name="test_with_forward_backward_check_disabled" time="0.008" /><testcase classname="tests.unit.test_motion_compensated_smoothing.TestMotionCompensatedSmoothing" name="test_with_edge_preservation_disabled" time="0.011" /><testcase classname="tests.k8s.test_hpa.TestHpaMetrics" name="test_hpa_has_cpu_metric" time="0.026" /><testcase classname="tests.unit.test_motion_compensated_smoothing.TestMotionCompensatedSmoothing" name="test_with_motion_segmentation_disabled" time="0.010" /><testcase classname="tests.unit.test_motion_compensated_smoothing.TestMotionCompensatedSmoothing" name="test_resets_state" time="0.010" /><testcase classname="tests.unit.test_batch_queue_scheduler.TestAddJobWithScheduler" name="test_add_job_with_scheduled_at" time="0.005" /><testcase classname="tests.k8s.test_hpa.TestHpaMetrics" name="test_hpa_cpu_metric_uses_utilization" time="0.025" /><testcase classname="tests.unit.test_batch_queue_scheduler.TestAddJobWithScheduler" name="test_add_job_with_immediate_schedule" time="0.005" /><testcase classname="tests.unit.test_motion_compensated_smoothing.TestMotionCompensatedBatchProcessing" name="test_process_batch_basic" time="0.029" /><testcase classname="tests.unit.test_batch_queue_scheduler.TestAddJobWithScheduler" name="test_add_job_with_single_dependency" time="0.004" /><testcase classname="tests.unit.test_batch_queue_scheduler.TestAddJobWithScheduler" name="test_add_job_with_multiple_dependencies" time="0.005" /><testcase classname="tests.unit.test_health.TestDetermineHealthStatus" name="test_gpu_memory_exactly_at_critical_threshold" time="0.002" /><testcase classname="tests.unit.test_health.TestDetermineHealthStatus" name="test_both_memory_and_gpu_degraded" time="0.002" /><testcase classname="tests.unit.test_health.TestDetermineHealthStatus" name="test_comprehensive_health_structure" time="0.003" /><testcase classname="tests.k8s.test_hpa.TestHpaMetrics" name="test_hpa_has_memory_metric" time="0.025" /><testcase classname="tests.unit.test_health.TestDetermineHealthStatus" name="test_comprehensive_health_no_queue" time="0.002" /><testcase classname="tests.unit.test_interlaced.TestInterlacedPattern" name="test_all_patterns_exist" time="0.002" /><testcase classname="tests.unit.test_motion_compensated_smoothing.TestMotionCompensatedBatchProcessing" name="test_process_batch_length_mismatch" time="0.005" /><testcase classname="tests.unit.test_interlaced.TestInterlacedPattern" name="test_pattern_values" time="0.002" /><testcase classname="tests.unit.test_interlaced.TestInterlacedEncoder" name="test_initialization_default" time="0.003" /><testcase classname="tests.unit.test_motion_compensated_smoothing.TestMotionCompensatedBatchProcessing" name="test_process_batch_empty_list" time="0.004" /><testcase classname="tests.unit.test_interlaced.TestInterlacedEncoder" name="test_initialization_custom_pattern" time="0.003" /><testcase classname="tests.unit.test_motion_compensated_smoothing.TestMotionCompensatedBatchProcessing" name="test_process_batch_resets_state" time="0.023" /><testcase classname="tests.unit.test_interlaced.TestInterlacedEncoder" name="test_initialization_swap_eyes" time="0.003" /><testcase classname="tests.k8s.test_hpa.TestHpaBehavior" name="test_hpa_has_behavior" time="0.026" /><testcase classname="tests.unit.test_interlaced.TestInterlacedEncoder" name="test_encode_row_interleaved" time="0.004" /><testcase classname="tests.unit.test_interlaced.TestInterlacedEncoder" name="test_encode_column_interleaved" time="0.004" /><testcase classname="tests.unit.test_interlaced.TestInterlacedEncoder" name="test_encode_swap_eyes" time="0.003" /><testcase classname="tests.unit.test_interlaced.TestInterlacedEncoder" name="test_encode_override_pattern" time="0.004" /><testcase classname="tests.unit.test_motion_compensated_smoothing.TestMotionCompensatedCallableInterface" name="test_callable_delegates_to_smooth" time="0.005" /><testcase classname="tests.unit.test_interlaced.TestInterlacedEncoder" name="test_encode_grayscale_input" time="0.004" /><testcase classname="tests.unit.test_motion_compensated_smoothing.TestMotionCompensatedErrorHandling" name="test_temporal_smoothing_error_attrs" time="0.002" /><testcase classname="tests.unit.test_interlaced.TestInterlacedEncoder" name="test_encode_float_input" time="0.004" /><testcase classname="tests.k8s.test_hpa.TestHpaBehavior" name="test_hpa_has_scale_down_behavior" time="0.025" /><testcase classname="tests.unit.test_motion_compensated_smoothing.TestMotionCompensatedErrorHandling" name="test_output_clamped_to_valid_range" time="0.029" /><testcase classname="tests.unit.test_interlaced.TestInterlacedEncoder" name="test_encode_dimension_mismatch_raises_error" time="0.004" /><testcase classname="tests.unit.test_interlaced.TestInterlacedEncoder" name="test_encode_row_interleaved_method" time="0.004" /><testcase classname="tests.unit.test_interlaced.TestInterlacedEncoder" name="test_encode_column_interleaved_method" time="0.004" /><testcase classname="tests.unit.test_interlaced.TestInterlacedEncoder" name="test_encode_with_swap_method" time="0.004" /><testcase classname="tests.unit.test_interlaced.TestInterlacedPatternLogic" name="test_row_interleaved_pixel_assignment" time="0.004" /><testcase classname="tests.k8s.test_hpa.TestHpaBehavior" name="test_hpa_has_scale_up_behavior" time="0.026" /><testcase classname="tests.unit.test_motion_compensated_smoothing.TestMotionCompensatedConvenienceFunctions" name="test_create_motion_compensated_smoother_defaults" time="0.004" /><testcase classname="tests.unit.test_interlaced.TestInterlacedPatternLogic" name="test_column_interleaved_pixel_assignment" time="0.004" /><testcase classname="tests.unit.test_motion_compensated_smoothing.TestMotionCompensatedConvenienceFunctions" name="test_create_motion_compensated_smoother_custom" time="0.004" /><testcase classname="tests.unit.test_interlaced.TestInterlacedPatternLogic" name="test_swap_eyes_flips_pattern" time="0.004" /><testcase classname="tests.unit.test_motion_compensated_smoothing.TestMotionCompensatedConvenienceFunctions" name="test_smooth_depth_motion_compensated" time="0.029" /><testcase classname="tests.unit.test_interlaced.TestInterlacedPatternLogic" name="test_half_rows_from_each_eye" time="0.004" /><testcase classname="tests.unit.test_interlaced.TestConvenienceFunctions" name="test_create_interlaced_encoder" time="0.005" /><testcase classname="tests.unit.test_interlaced.TestConvenienceFunctions" name="test_encode_interlaced" time="0.004" /><testcase classname="tests.k8s.test_hpa.TestHpaBehavior" name="test_hpa_has_stabilization_window" time="0.026" /><testcase classname="tests.unit.test_interlaced.TestConvenienceFunctions" name="test_encode_interlaced_with_options" time="0.004" /><testcase classname="tests.unit.test_interlaced.TestEdgeCases" name="test_very_small_image" time="0.004" /><testcase classname="tests.unit.test_interlaced.TestEdgeCases" name="test_identical_views" time="0.004" /><testcase classname="tests.unit.test_motion_compensated_smoothing.TestMotionCompensatedEdgeCases" name="test_constant_depth_map" time="0.007" /><testcase classname="tests.integration.test_api_crash.TestCreateManualCrashReport" name="test_create_manual_report_with_context" time="0.511" /><testcase classname="tests.unit.test_interlaced.TestEdgeCases" name="test_extreme_color_values" time="0.005" /><testcase classname="tests.unit.test_motion_compensated_smoothing.TestMotionCompensatedEdgeCases" name="test_single_pixel_depth" time="0.005" /><testcase classname="tests.unit.test_interlaced.TestEdgeCases" name="test_image_too_small_raises_error" time="0.005" /><testcase classname="tests.k8s.test_hpa.TestHpaBehavior" name="test_hpa_scale_down_has_policies" time="0.026" /><testcase classname="tests.unit.test_motion_compensated_smoothing.TestMotionCompensatedEdgeCases" name="test_large_smoothing_factor" time="0.010" /><testcase classname="tests.unit.test_interlaced.TestEdgeCases" name="test_odd_dimensions" time="0.004" /><testcase classname="tests.unit.test_interlaced.TestEdgeCases" name="test_left_right_content_preserved" time="0.004" /><testcase classname="tests.unit.test_motion_compensated_smoothing.TestMotionCompensatedEdgeCases" name="test_small_depth_map_with_motion" time="0.005" /><testcase classname="tests.unit.test_interlaced.TestEdgeCases" name="test_image_zero_width_raises_error" time="0.005" /><testcase classname="tests.unit.test_notification_manager.TestNotificationManagerInit" name="test_default_initialization" time="0.003" /><testcase classname="tests.unit.test_interlaced.TestEdgeCases" name="test_repr_method" time="0.003" /><testcase classname="tests.unit.test_notification_manager.TestNotificationManagerInit" name="test_custom_initialization" time="0.003" /><testcase classname="tests.k8s.test_hpa.TestPriorityClasses" name="test_priority_classes_exist" time="0.025" /><testcase classname="tests.unit.test_notification_manager.TestNotificationManagerInit" name="test_no_storage_path" time="0.002" /><testcase classname="tests.unit.test_interlaced.TestEdgeCases" name="test_repr_method_with_options" time="0.004" /><testcase classname="tests.unit.test_notification_manager.TestNotificationCRUD" name="test_create_notification" time="0.004" /><testcase classname="tests.unit.test_interlaced.TestIntegration" name="test_import_from_stereo_module" time="0.002" /><testcase classname="tests.unit.test_interlaced.TestIntegration" name="test_encoder_with_dibr_generated_views" time="0.004" /><testcase classname="tests.unit.test_notification_manager.TestNotificationCRUD" name="test_create_notification_custom_expiry" time="0.004" /><testcase classname="tests.unit.test_interlaced.TestAdditionalEdgeCases" name="test_rgba_input" time="0.004" /><testcase classname="tests.unit.test_notification_manager.TestNotificationCRUD" name="test_create_notification_no_expiry" time="0.004" /><testcase classname="tests.unit.test_notification_manager.TestNotificationCRUD" name="test_get_notification" time="0.004" /><testcase classname="tests.unit.test_interlaced.TestAdditionalEdgeCases" name="test_single_channel_input" time="0.004" /><testcase classname="tests.k8s.test_hpa.TestPriorityClasses" name="test_has_high_priority_class" time="0.025" /><testcase classname="tests.unit.test_interlaced.TestAdditionalEdgeCases" name="test_large_image" time="0.087" /><testcase classname="tests.unit.test_notification_manager.TestNotificationCRUD" name="test_get_notification_not_found" time="0.003" /><testcase classname="tests.unit.test_notification_manager.TestNotificationCRUD" name="test_get_notification_expired" time="0.004" /><testcase classname="tests.unit.test_notification_manager.TestNotificationCRUD" name="test_get_notifications_empty" time="0.003" /><testcase classname="tests.unit.test_notification_manager.TestNotificationCRUD" name="test_get_notifications_multiple" time="0.008" /><testcase classname="tests.unit.test_notification_manager.TestNotificationCRUD" name="test_get_notifications_include_read" time="0.005" /><testcase classname="tests.k8s.test_hpa.TestPriorityClasses" name="test_priority_class_has_value" time="0.025" /><testcase classname="tests.unit.test_notification_manager.TestNotificationCRUD" name="test_get_notifications_include_dismissed" time="0.005" /><testcase classname="tests.unit.test_notification_manager.TestNotificationCRUD" name="test_get_notifications_filter_by_type" time="0.005" /><testcase classname="tests.unit.test_notification_manager.TestNotificationCRUD" name="test_get_notifications_filter_by_job_id" time="0.005" /><testcase classname="tests.unit.test_notification_manager.TestNotificationCRUD" name="test_get_notifications_pagination" time="0.041" /><testcase classname="tests.k8s.test_hpa.TestPriorityClasses" name="test_priority_class_has_description" time="0.025" /><testcase classname="tests.k8s.test_hpa.TestNoDuplicateHpaTargets" name="test_only_one_active_hpa_per_deployment" time="0.026" /><testcase classname="tests.k8s.test_kustomize.TestBaseKustomization" name="test_kustomization_exists" time="0.002" /><testcase classname="tests.unit.test_interlaced.TestAdditionalEdgeCases" name="test_constants_exported" time="0.002" /><testcase classname="tests.unit.test_interlaced.TestAdditionalEdgeCases" name="test_different_dtypes_preserved" time="0.004" /><testcase classname="tests.unit.test_notification_manager.TestNotificationCRUD" name="test_get_notifications_sorted_by_created_at_desc" time="0.006" /><testcase classname="tests.k8s.test_kustomize.TestBaseKustomization" name="test_kustomization_is_valid_yaml" time="0.009" /><testcase classname="tests.unit.test_interlaced.TestAdditionalEdgeCases" name="test_pattern_and_swap_combined" time="0.004" /><testcase classname="tests.unit.test_crash_models.TestActiveJobInfo" name="test_from_dict" time="0.002" /><testcase classname="tests.unit.test_notification_manager.TestNotificationCRUD" name="test_get_unread_count" time="0.005" /><testcase classname="tests.unit.test_crash_models.TestGPUInfo" name="test_default_values" time="0.002" /><testcase classname="tests.unit.test_interlaced.TestAdditionalEdgeCases" name="test_column_interleaved_half_columns" time="0.004" /><testcase classname="tests.unit.test_crash_models.TestGPUInfo" name="test_custom_values" time="0.002" /><testcase classname="tests.unit.test_crash_models.TestGPUInfo" name="test_to_dict" time="0.002" /><testcase classname="tests.unit.test_notification_manager.TestNotificationCRUD" name="test_mark_as_read" time="0.005" /><testcase classname="tests.unit.test_memory_monitor.TestMemoryWarningLevel" name="test_warning_levels_exist" time="0.005" /><testcase classname="tests.unit.test_crash_models.TestMemoryInfo" name="test_default_values" time="0.002" /><testcase classname="tests.unit.test_crash_models.TestMemoryInfo" name="test_custom_values" time="0.002" /><testcase classname="tests.unit.test_notification_manager.TestNotificationCRUD" name="test_mark_as_read_already_read" time="0.004" /><testcase classname="tests.unit.test_memory_monitor.TestMemoryWarningLevel" name="test_warning_levels_unique" time="0.004" /><testcase classname="tests.unit.test_crash_models.TestMemoryInfo" name="test_to_dict" time="0.002" /><testcase classname="tests.unit.test_notification_manager.TestNotificationCRUD" name="test_mark_as_read_empty_list" time="0.003" /><testcase classname="tests.unit.test_memory_monitor.TestMemoryInfo" name="test_memory_info_creation" time="0.004" /><testcase classname="tests.unit.test_crash_models.TestProcessInfo" name="test_default_values" time="0.003" /><testcase classname="tests.unit.test_notification_manager.TestNotificationCRUD" name="test_mark_all_as_read" time="0.008" /><testcase classname="tests.unit.test_crash_models.TestProcessInfo" name="test_custom_values" time="0.002" /><testcase classname="tests.unit.test_memory_monitor.TestMemoryInfo" name="test_is_warning_true" time="0.004" /><testcase classname="tests.unit.test_crash_models.TestProcessInfo" name="test_to_dict" time="0.002" /><testcase classname="tests.unit.test_memory_monitor.TestMemoryInfo" name="test_is_warning_false" time="0.004" /><testcase classname="tests.unit.test_crash_models.TestSystemState" name="test_default_values" time="0.002" /><testcase classname="tests.unit.test_notification_manager.TestNotificationCRUD" name="test_dismiss" time="0.005" /><testcase classname="tests.unit.test_crash_models.TestSystemState" name="test_custom_values" time="0.002" /><testcase classname="tests.unit.test_memory_monitor.TestMemoryInfo" name="test_is_critical_true" time="0.005" /><testcase classname="tests.unit.test_crash_models.TestSystemState" name="test_to_dict" time="0.002" /><testcase classname="tests.unit.test_notification_manager.TestNotificationCRUD" name="test_dismiss_already_dismissed" time="0.004" /><testcase classname="tests.unit.test_crash_models.TestSystemState" name="test_from_dict" time="0.002" /><testcase classname="tests.unit.test_memory_monitor.TestMemoryInfo" name="test_is_critical_false" time="0.004" /><testcase classname="tests.unit.test_crash_models.TestSanitizeFilename" name="test_sanitize_colons" time="0.002" /><testcase classname="tests.unit.test_notification_manager.TestNotificationCRUD" name="test_delete_notification" time="0.004" /><testcase classname="tests.unit.test_memory_monitor.TestMemoryInfo" name="test_is_emergency" time="0.004" /><testcase classname="tests.unit.test_crash_models.TestSanitizeFilename" name="test_sanitize_dots" time="0.002" /><testcase classname="tests.unit.test_crash_models.TestSanitizeFilename" name="test_sanitize_special_chars" time="0.002" /><testcase classname="tests.unit.test_notification_manager.TestNotificationCRUD" name="test_delete_notification_not_found" time="0.003" /><testcase classname="tests.unit.test_memory_monitor.TestMemoryMonitorConfig" name="test_default_config" time="0.004" /><testcase classname="tests.unit.test_crash_models.TestSanitizeFilename" name="test_sanitize_preserves_alphanumeric" time="0.002" /><testcase classname="tests.unit.test_notification_manager.TestNotificationCRUD" name="test_clear_all" time="0.008" /><testcase classname="tests.unit.test_crash_models.TestSanitizeFilename" name="test_sanitize_iso_timestamp" time="0.002" /><testcase classname="tests.unit.test_memory_monitor.TestMemoryMonitorConfig" name="test_custom_config" time="0.004" /><testcase classname="tests.unit.test_crash_models.TestCrashReport" name="test_default_values" time="0.002" /><testcase classname="tests.unit.test_crash_models.TestCrashReport" name="test_custom_values" time="0.002" /><testcase classname="tests.unit.test_memory_monitor.TestMemoryMonitorConfig" name="test_invalid_warning_threshold" time="0.004" /><testcase classname="tests.unit.test_crash_models.TestCrashReport" name="test_to_dict" time="0.002" /><testcase classname="tests.unit.test_notification_manager.TestJobEventHandlers" name="test_on_job_started" time="0.005" /><testcase classname="tests.unit.test_crash_models.TestCrashReport" name="test_to_json" time="0.002" /><testcase classname="tests.unit.test_memory_monitor.TestMemoryMonitorConfig" name="test_invalid_threshold_order" time="0.004" /><testcase classname="tests.unit.test_crash_models.TestCrashReport" name="test_from_dict" time="0.002" /><testcase classname="tests.unit.test_notification_manager.TestJobEventHandlers" name="test_on_job_completed" time="0.006" /><testcase classname="tests.unit.test_memory_monitor.TestMemoryMonitorConfig" name="test_invalid_monitor_interval" time="0.004" /><testcase classname="tests.unit.test_crash_models.TestCrashReport" name="test_from_json" time="0.002" /><testcase classname="tests.unit.test_crash_models.TestCrashReport" name="test_save_and_load" time="0.003" /><testcase classname="tests.unit.test_notification_manager.TestJobEventHandlers" name="test_on_job_failed" time="0.005" /><testcase classname="tests.unit.test_crash_models.TestCrashReport" name="test_save_creates_directory" time="0.002" /><testcase classname="tests.unit.test_memory_monitor.TestMemoryMonitor" name="test_singleton_pattern" time="0.007" /><testcase classname="tests.unit.test_crash_models.TestCrashReport" name="test_get_summary" time="0.002" /><testcase classname="tests.unit.test_notification_manager.TestJobEventHandlers" name="test_on_job_failed_no_error" time="0.005" /><testcase classname="tests.unit.test_crash_models.TestCrashReport" name="test_with_system_state" time="0.002" /><testcase classname="tests.unit.test_crash_models.TestCrashReport" name="test_serialization_with_system_state" time="0.002" /><testcase classname="tests.unit.test_notification_manager.TestJobEventHandlers" name="test_on_job_cancelled" time="0.005" /><testcase classname="tests.unit.test_memory_monitor.TestMemoryMonitor" name="test_get_memory_info" time="0.007" /><testcase classname="tests.unit.test_crash_models.TestCrashReportSummary" name="test_default_values" time="0.002" /><testcase classname="tests.unit.test_notification_manager.TestJobEventHandlers" name="test_on_job_retrying" time="0.005" /><testcase classname="tests.unit.test_crash_models.TestCrashReportSummary" name="test_required_fields" time="0.002" /><testcase classname="tests.unit.test_memory_monitor.TestMemoryMonitor" name="test_warning_level_determination" time="0.008" /><testcase classname="tests.unit.test_crash_models.TestCrashReportSummary" name="test_to_dict" time="0.002" /><testcase classname="tests.unit.test_crash_models.TestCrashReportList" name="test_default_values" time="0.002" /><testcase classname="tests.unit.test_notification_manager.TestJobEventHandlers" name="test_on_job_progress_milestone" time="0.005" /><testcase classname="tests.unit.test_crash_models.TestCrashReportList" name="test_with_empty_list" time="0.002" /><testcase classname="tests.unit.test_memory_monitor.TestMemoryMonitor" name="test_add_callback" time="0.008" /><testcase classname="tests.unit.test_crash_models.TestCrashReportList" name="test_with_reports" time="0.002" /><testcase classname="tests.unit.test_notification_manager.TestJobEventHandlers" name="test_on_job_progress_not_milestone" time="0.004" /><testcase classname="tests.unit.test_crash_models.TestCrashReportList" name="test_to_dict" time="0.002" /><testcase classname="tests.unit.test_crash_models.TestModelEdgeCases" name="test_empty_exception_message" time="0.002" /><testcase classname="tests.unit.test_notification_manager.TestJobEventHandlers" name="test_on_job_progress_already_notified" time="0.006" /><testcase classname="tests.unit.test_memory_monitor.TestMemoryMonitor" name="test_remove_callback" time="0.008" /><testcase classname="tests.unit.test_crash_models.TestModelEdgeCases" name="test_very_long_exception_message" time="0.002" /><testcase classname="tests.unit.test_crash_models.TestModelEdgeCases" name="test_unicode_in_exception_message" time="0.002" /><testcase classname="tests.unit.test_notification_manager.TestWebhookManagement" name="test_add_webhook_config" time="0.005" /><testcase classname="tests.unit.test_crash_models.TestModelEdgeCases" name="test_multiline_traceback" time="0.002" /><testcase classname="tests.unit.test_memory_monitor.TestMemoryMonitor" name="test_remove_nonexistent_callback" time="0.008" /><testcase classname="tests.unit.test_crash_models.TestModelEdgeCases" name="test_complex_context" time="0.002" /><testcase classname="tests.unit.test_notification_manager.TestWebhookManagement" name="test_remove_webhook_config" time="0.005" /><testcase classname="tests.unit.test_crash_reporter.TestCrashReporterConfig" name="test_default_values" time="0.002" /><testcase classname="tests.unit.test_crash_reporter.TestCrashReporterConfig" name="test_custom_values" time="0.002" /><testcase classname="tests.unit.test_notification_manager.TestWebhookManagement" name="test_remove_webhook_config_not_found" time="0.004" /><testcase classname="tests.unit.test_memory_monitor.TestMemoryMonitor" name="test_clear_callbacks" time="0.010" /><testcase classname="tests.unit.test_crash_reporter.TestCrashReporterConfig" name="test_crash_dir_string_to_path" time="0.002" /><testcase classname="tests.unit.test_notification_manager.TestEmailManagement" name="test_add_email_config" time="0.005" /><testcase classname="tests.unit.test_crash_reporter.TestCrashReporterConfig" name="test_default_signals" time="0.002" /><testcase classname="tests.unit.test_crash_reporter.TestCrashReporter" name="test_initialization_default" time="0.002" /><testcase classname="tests.unit.test_notification_manager.TestStorageOperations" name="test_save_to_storage" time="0.005" /><testcase classname="tests.unit.test_crash_reporter.TestCrashReporter" name="test_initialization_with_queue" time="0.003" /><testcase classname="tests.unit.test_memory_monitor.TestMemoryMonitor" name="test_run_garbage_collection" time="0.009" /><testcase classname="tests.unit.test_crash_reporter.TestCrashReporter" name="test_initialization_creates_directory" time="0.002" /><testcase classname="tests.unit.test_notification_manager.TestStorageOperations" name="test_load_from_storage" time="0.005" /><testcase classname="tests.unit.test_crash_reporter.TestCrashReporter" name="test_disabled_reporter" time="0.002" /><testcase classname="tests.unit.test_notification_manager.TestStorageOperations" name="test_load_webhook_configs_from_storage" time="0.005" /><testcase classname="tests.unit.test_crash_reporter.TestCrashReporter" name="test_install_handlers_once" time="0.003" /><testcase classname="tests.unit.test_memory_monitor.TestMemoryMonitor" name="test_run_garbage_collection_cooldown" time="0.011" /><testcase classname="tests.unit.test_crash_reporter.TestCrashReporter" name="test_uninstall_handlers" time="0.003" /><testcase classname="tests.unit.test_notification_manager.TestStorageOperations" name="test_load_expired_notifications_excluded" time="0.005" /><testcase classname="tests.unit.test_crash_reporter.TestCrashReportCreation" name="test_create_crash_report_basic" time="0.003" /><testcase classname="tests.unit.test_notification_manager.TestStorageOperations" name="test_no_storage_path_no_save" time="0.003" /><testcase classname="tests.unit.test_memory_monitor.TestMemoryMonitor" name="test_run_garbage_collection_forced" time="0.008" /><testcase classname="tests.unit.test_crash_reporter.TestCrashReportCreation" name="test_create_crash_report_with_exception" time="0.003" /><testcase classname="tests.unit.test_notification_manager.TestMaxNotifications" name="test_enforce_max_notifications" time="0.013" /><testcase classname="tests.unit.test_crash_reporter.TestCrashReportCreation" name="test_create_crash_report_with_signal" time="0.003" /><testcase classname="tests.unit.test_memory_monitor.TestMemoryMonitor" name="test_start_stop_monitoring" time="0.310" /><testcase classname="tests.unit.test_crash_reporter.TestCrashReportCreation" name="test_create_crash_report_with_context" time="0.003" /><testcase classname="tests.unit.test_crash_reporter.TestCrashReportCreation" name="test_create_crash_report_captures_system_state" time="0.003" /><testcase classname="tests.unit.test_notification_manager.TestMaxNotifications" name="test_oldest_removed_first" time="0.008" /><testcase classname="tests.unit.test_crash_reporter.TestCrashReportCreation" name="test_create_crash_report_no_system_state" time="0.002" /><testcase classname="tests.unit.test_crash_reporter.TestSeverityDetermination" name="test_oom_severity" time="0.002" /><testcase classname="tests.unit.test_crash_reporter.TestSeverityDetermination" name="test_gpu_error_severity" time="0.002" /><testcase classname="tests.unit.test_notification_manager.TestSingleton" name="test_get_notification_manager_singleton" time="0.003" /><testcase classname="tests.unit.test_crash_reporter.TestSeverityDetermination" name="test_timeout_severity" time="0.002" /><testcase classname="tests.unit.test_notification_manager.TestSingleton" name="test_init_notification_manager_replaces_singleton" time="0.003" /><testcase classname="tests.unit.test_crash_reporter.TestSeverityDetermination" name="test_keyboard_interrupt_severity" time="0.002" /><testcase classname="tests.unit.test_crash_reporter.TestSeverityDetermination" name="test_connection_error_severity" time="0.002" /><testcase classname="tests.unit.test_notification_manager.TestConstants" name="test_constants_defined" time="0.002" /><testcase classname="tests.unit.test_crash_reporter.TestCrashReportStorage" name="test_save_report" time="0.004" /><testcase classname="tests.unit.test_notification_manager.TestShutdown" name="test_shutdown_saves_storage" time="0.005" /><testcase classname="tests.unit.test_crash_reporter.TestCrashReportStorage" name="test_list_reports_empty" time="0.002" /><testcase classname="tests.unit.test_notification_manager.TestShutdown" name="test_shutdown_no_storage" time="0.002" /><testcase classname="tests.unit.test_crash_reporter.TestCrashReportStorage" name="test_list_reports_with_data" time="0.007" /><testcase classname="tests.unit.test_notification_models.TestNotificationType" name="test_all_types_defined" time="0.002" /><testcase classname="tests.unit.test_notification_models.TestNotificationType" name="test_from_string_valid" time="0.002" /><testcase classname="tests.unit.test_crash_reporter.TestCrashReportStorage" name="test_list_reports_pagination" time="0.011" /><testcase classname="tests.unit.test_notification_models.TestNotificationType" name="test_from_string_invalid" time="0.002" /><testcase classname="tests.unit.test_notification_models.TestNotificationPriority" name="test_all_priorities_defined" time="0.002" /><testcase classname="tests.unit.test_notification_models.TestNotificationPriority" name="test_from_string_valid" time="0.002" /><testcase classname="tests.unit.test_notification_models.TestNotification" name="test_default_values" time="0.003" /><testcase classname="tests.unit.test_crash_reporter.TestCrashReportStorage" name="test_list_reports_filter_severity" time="0.006" /><testcase classname="tests.unit.test_notification_models.TestNotification" name="test_custom_values" time="0.002" /><testcase classname="tests.unit.test_notification_models.TestNotification" name="test_to_dict" time="0.002" /><testcase classname="tests.unit.test_crash_reporter.TestCrashReportStorage" name="test_get_report_by_id" time="0.004" /><testcase classname="tests.unit.test_notification_models.TestNotification" name="test_to_dict_with_expires_at" time="0.002" /><testcase classname="tests.unit.test_notification_models.TestNotification" name="test_from_dict" time="0.002" /><testcase classname="tests.unit.test_crash_reporter.TestCrashReportStorage" name="test_get_report_not_found" time="0.002" /><testcase classname="tests.unit.test_notification_models.TestNotification" name="test_from_dict_missing_fields" time="0.002" /><testcase classname="tests.unit.test_crash_reporter.TestCrashReportStorage" name="test_delete_report" time="0.004" /><testcase classname="tests.unit.test_notification_models.TestNotification" name="test_from_dict_none_dates" time="0.002" /><testcase classname="tests.unit.test_crash_reporter.TestCrashReportStorage" name="test_clear_all_reports" time="0.006" /><testcase classname="tests.unit.test_notification_models.TestNotification" name="test_is_expired_no_expiry" time="0.002" /><testcase classname="tests.unit.test_notification_models.TestNotification" name="test_is_expired_future" time="0.002" /><testcase classname="tests.unit.test_crash_reporter.TestManualReport" name="test_manual_report_basic" time="0.004" /><testcase classname="tests.unit.test_notification_models.TestNotification" name="test_is_expired_past" time="0.002" /><testcase classname="tests.unit.test_notification_models.TestNotification" name="test_roundtrip_serialization" time="0.002" /><testcase classname="tests.unit.test_crash_reporter.TestManualReport" name="test_manual_report_with_exception" time="0.004" /><testcase classname="tests.unit.test_notification_models.TestWebhookConfig" name="test_default_values" time="0.002" /><testcase classname="tests.unit.test_crash_reporter.TestManualReport" name="test_manual_report_with_context" time="0.004" /><testcase classname="tests.unit.test_notification_models.TestWebhookConfig" name="test_custom_values" time="0.002" /><testcase classname="tests.unit.test_crash_reporter.TestCleanup" name="test_cleanup_old_reports" time="0.011" /><testcase classname="tests.unit.test_notification_models.TestWebhookConfig" name="test_model_dump" time="0.002" /><testcase classname="tests.unit.test_notification_models.TestWebhookConfig" name="test_model_validation_missing_url" time="0.002" /><testcase classname="tests.unit.test_notification_models.TestEmailConfig" name="test_default_values" time="0.002" /><testcase classname="tests.unit.test_notification_models.TestEmailConfig" name="test_custom_values" time="0.002" /><testcase classname="tests.unit.test_crash_reporter.TestQueueIntegration" name="test_set_queue" time="0.003" /><testcase classname="tests.unit.test_notification_models.TestNotificationPreferences" name="test_default_values" time="0.002" /><testcase classname="tests.unit.test_crash_reporter.TestQueueIntegration" name="test_report_with_queue" time="0.005" /><testcase classname="tests.unit.test_notification_models.TestNotificationPreferences" name="test_custom_values" time="0.002" /><testcase classname="tests.unit.test_notification_models.TestNotificationResponse" name="test_default_values" time="0.002" /><testcase classname="tests.unit.test_crash_reporter.TestGlobalReporter" name="test_init_crash_reporting" time="0.003" /><testcase classname="tests.unit.test_notification_models.TestNotificationListResponse" name="test_default_values" time="0.002" /><testcase classname="tests.unit.test_notification_models.TestNotificationListResponse" name="test_with_notifications" time="0.002" /><testcase classname="tests.unit.test_crash_reporter.TestGlobalReporter" name="test_set_crash_reporter_queue" time="0.004" /><testcase classname="tests.unit.test_notification_models.TestNotificationCountResponse" name="test_default_values" time="0.002" /><testcase classname="tests.unit.test_crash_reporter.TestGlobalReporter" name="test_shutdown_crash_reporting" time="0.003" /><testcase classname="tests.unit.test_notification_models.TestNotificationCountResponse" name="test_custom_values" time="0.002" /><testcase classname="tests.unit.test_notification_models.TestMarkReadRequest" name="test_valid_request" time="0.002" /><testcase classname="tests.unit.test_crash_reporter.TestGlobalReporter" name="test_get_crash_reporter_when_not_initialized" time="0.002" /><testcase classname="tests.unit.test_notification_models.TestMarkReadRequest" name="test_empty_list" time="0.002" /><testcase classname="tests.unit.test_crash_reporter.TestCallback" name="test_callback_on_report" time="0.004" /><testcase classname="tests.unit.test_notification_models.TestMarkReadResponse" name="test_default_message" time="0.002" /><testcase classname="tests.unit.test_notification_models.TestMarkReadResponse" name="test_custom_message" time="0.002" /><testcase classname="tests.unit.test_crash_reporter.TestCallback" name="test_callback_exception_handling" time="0.004" /><testcase classname="tests.unit.test_notification_models.TestDismissRequest" name="test_valid_request" time="0.002" /><testcase classname="tests.unit.test_crash_reporter.TestThreadSafety" name="test_concurrent_report_creation" time="0.025" /><testcase classname="tests.unit.test_notification_models.TestDismissResponse" name="test_default_message" time="0.002" /><testcase classname="tests.unit.test_notification_models.TestWebhookPayload" name="test_valid_payload" time="0.002" /><testcase classname="tests.unit.test_notification_models.TestWebhookPayload" name="test_default_values" time="0.002" /><testcase classname="tests.unit.test_notification_models.TestWebhookPayload" name="test_model_dump_json" time="0.002" /><testcase classname="tests.integration.test_api_crash.TestCreateManualCrashReport" name="test_create_manual_report_validation" time="0.511" /><testcase classname="tests.unit.test_preset_builtins.TestBuiltinPresetsExist" name="test_cinema_presets_exist" time="0.002" /><testcase classname="tests.unit.test_preset_builtins.TestBuiltinPresetsExist" name="test_vr_presets_exist" time="0.002" /><testcase classname="tests.unit.test_preset_builtins.TestBuiltinPresetsExist" name="test_web_presets_exist" time="0.002" /><testcase classname="tests.unit.test_preset_builtins.TestBuiltinPresetsExist" name="test_mobile_presets_exist" time="0.002" /><testcase classname="tests.unit.test_preset_builtins.TestBuiltinPresetsExist" name="test_quality_presets_exist" time="0.002" /><testcase classname="tests.unit.test_crash_state_capture.TestGetGPUInfo" name="test_no_torch_available" time="0.002" /><testcase classname="tests.unit.test_preset_builtins.TestBuiltinPresetsValidity" name="test_all_presets_are_builtin[Cinema (Side-by-Side)]" time="0.002" /><testcase classname="tests.unit.test_crash_state_capture.TestGetGPUInfo" name="test_torch_cuda_not_available" time="0.003" /><testcase classname="tests.unit.test_preset_builtins.TestBuiltinPresetsValidity" name="test_all_presets_are_builtin[Cinema (Anaglyph)]" time="0.002" /><testcase classname="tests.unit.test_crash_state_capture.TestGetGPUInfo" name="test_cuda_available_single_gpu" time="0.005" /><testcase classname="tests.unit.test_preset_builtins.TestBuiltinPresetsValidity" name="test_all_presets_are_builtin[VR (Over-Under)]" time="0.002" /><testcase classname="tests.unit.test_preset_builtins.TestBuiltinPresetsValidity" name="test_all_presets_are_builtin[VR (Side-by-Side)]" time="0.002" /><testcase classname="tests.unit.test_crash_state_capture.TestGetGPUInfo" name="test_cuda_exception_handling" time="0.003" /><testcase classname="tests.unit.test_preset_builtins.TestBuiltinPresetsValidity" name="test_all_presets_are_builtin[Web (Side-by-Side)]" time="0.002" /><testcase classname="tests.unit.test_preset_builtins.TestBuiltinPresetsValidity" name="test_all_presets_are_builtin[Web (Anaglyph)]" time="0.002" /><testcase classname="tests.unit.test_crash_state_capture.TestGetGPUInfo" name="test_multiple_gpus" time="0.009" /><testcase classname="tests.unit.test_preset_builtins.TestBuiltinPresetsValidity" name="test_all_presets_are_builtin[Mobile (Side-by-Side)]" time="0.002" /><testcase classname="tests.unit.test_preset_builtins.TestBuiltinPresetsValidity" name="test_all_presets_are_builtin[Mobile (Anaglyph)]" time="0.002" /><testcase classname="tests.unit.test_preset_builtins.TestBuiltinPresetsValidity" name="test_all_presets_are_builtin[Fast Preview]" time="0.002" /><testcase classname="tests.unit.test_crash_state_capture.TestGetMemoryInfo" name="test_with_psutil" time="0.004" /><testcase classname="tests.unit.test_preset_builtins.TestBuiltinPresetsValidity" name="test_all_presets_are_builtin[Maximum Quality]" time="0.002" /><testcase classname="tests.unit.test_crash_state_capture.TestGetMemoryInfo" name="test_without_psutil_linux" time="0.004" /><testcase classname="tests.unit.test_preset_builtins.TestBuiltinPresetsValidity" name="test_all_presets_are_builtin[Balanced]" time="0.002" /><testcase classname="tests.unit.test_preset_builtins.TestBuiltinPresetsValidity" name="test_all_presets_have_id[Cinema (Side-by-Side)]" time="0.002" /><testcase classname="tests.unit.test_crash_state_capture.TestGetMemoryInfo" name="test_exception_handling" time="0.003" /><testcase classname="tests.unit.test_preset_builtins.TestBuiltinPresetsValidity" name="test_all_presets_have_id[Cinema (Anaglyph)]" time="0.002" /><testcase classname="tests.unit.test_crash_state_capture.TestGetProcessInfo" name="test_with_psutil" time="0.009" /><testcase classname="tests.unit.test_preset_builtins.TestBuiltinPresetsValidity" name="test_all_presets_have_id[VR (Over-Under)]" time="0.002" /><testcase classname="tests.unit.test_preset_builtins.TestBuiltinPresetsValidity" name="test_all_presets_have_id[VR (Side-by-Side)]" time="0.002" /><testcase classname="tests.unit.test_preset_builtins.TestBuiltinPresetsValidity" name="test_all_presets_have_id[Web (Side-by-Side)]" time="0.002" /><testcase classname="tests.unit.test_crash_state_capture.TestGetProcessInfo" name="test_without_psutil" time="0.003" /><testcase classname="tests.unit.test_preset_builtins.TestBuiltinPresetsValidity" name="test_all_presets_have_id[Web (Anaglyph)]" time="0.002" /><testcase classname="tests.unit.test_preset_builtins.TestBuiltinPresetsValidity" name="test_all_presets_have_id[Mobile (Side-by-Side)]" time="0.002" /><testcase classname="tests.unit.test_crash_state_capture.TestGetProcessInfo" name="test_process_info_exception" time="0.003" /><testcase classname="tests.unit.test_preset_builtins.TestPresetSettingsOptimizations" name="test_max_quality_uses_small_batch" time="0.002" /><testcase classname="tests.unit.test_crash_state_capture.TestGetProcessInfo" name="test_num_fds_unavailable" time="0.007" /><testcase classname="tests.unit.test_preset_builtins.TestPresetSettingsOptimizations" name="test_fast_preview_uses_large_batch" time="0.002" /><testcase classname="tests.unit.test_preset_builtins.TestPresetSettingsOptimizations" name="test_half_width_for_vr_and_mobile" time="0.002" /><testcase classname="tests.unit.test_preset_builtins.TestPresetSerialization" name="test_to_dict_round_trip[Cinema (Side-by-Side)]" time="0.002" /><testcase classname="tests.unit.test_crash_state_capture.TestGetActiveJobs" name="test_no_queue" time="0.002" /><testcase classname="tests.unit.test_crash_state_capture.TestGetActiveJobs" name="test_empty_queue" time="0.002" /><testcase classname="tests.unit.test_preset_builtins.TestPresetSerialization" name="test_to_dict_round_trip[Cinema (Anaglyph)]" time="0.002" /><testcase classname="tests.unit.test_preset_builtins.TestPresetSerialization" name="test_to_dict_round_trip[VR (Over-Under)]" time="0.002" /><testcase classname="tests.unit.test_crash_state_capture.TestGetActiveJobs" name="test_active_jobs_only" time="0.005" /><testcase classname="tests.unit.test_preset_builtins.TestPresetSerialization" name="test_to_dict_round_trip[VR (Side-by-Side)]" time="0.003" /><testcase classname="tests.unit.test_crash_state_capture.TestGetActiveJobs" name="test_exception_handling" time="0.003" /><testcase classname="tests.unit.test_preset_builtins.TestPresetSerialization" name="test_to_dict_round_trip[Web (Side-by-Side)]" time="0.002" /><testcase classname="tests.unit.test_crash_state_capture.TestGetQueueStats" name="test_no_queue" time="0.002" /><testcase classname="tests.unit.test_preset_builtins.TestPresetSerialization" name="test_to_dict_round_trip[Web (Anaglyph)]" time="0.002" /><testcase classname="tests.unit.test_crash_state_capture.TestGetQueueStats" name="test_queue_with_stats" time="0.003" /><testcase classname="tests.unit.test_preset_builtins.TestPresetSerialization" name="test_to_dict_round_trip[Mobile (Side-by-Side)]" time="0.002" /><testcase classname="tests.unit.test_crash_state_capture.TestGetQueueStats" name="test_queue_without_to_dict" time="0.003" /><testcase classname="tests.unit.test_preset_builtins.TestPresetSerialization" name="test_to_dict_round_trip[Mobile (Anaglyph)]" time="0.002" /><testcase classname="tests.unit.test_preset_builtins.TestPresetSerialization" name="test_to_dict_round_trip[Fast Preview]" time="0.002" /><testcase classname="tests.unit.test_preset_builtins.TestBuiltinPresetsValidity" name="test_all_presets_have_valid_depth_model[Mobile (Anaglyph)]" time="0.002" /><testcase classname="tests.unit.test_preset_builtins.TestPresetSerialization" name="test_to_dict_round_trip[Maximum Quality]" time="0.002" /><testcase classname="tests.unit.test_preset_builtins.TestBuiltinPresetsValidity" name="test_all_presets_have_valid_depth_model[Fast Preview]" time="0.002" /><testcase classname="tests.unit.test_preset_builtins.TestPresetSerialization" name="test_to_dict_round_trip[Balanced]" time="0.002" /><testcase classname="tests.unit.test_preset_builtins.TestBuiltinPresetsValidity" name="test_all_presets_have_valid_depth_model[Maximum Quality]" time="0.002" /><testcase classname="tests.unit.test_preset_builtins.TestPresetSerialization" name="test_to_json_round_trip[Cinema (Side-by-Side)]" time="0.003" /><testcase classname="tests.unit.test_preset_builtins.TestBuiltinPresetsValidity" name="test_all_presets_have_valid_depth_model[Balanced]" time="0.002" /><testcase classname="tests.unit.test_preset_builtins.TestPresetSerialization" name="test_to_json_round_trip[Cinema (Anaglyph)]" time="0.002" /><testcase classname="tests.unit.test_preset_builtins.TestBuiltinPresetsValidity" name="test_all_presets_have_valid_crf[Cinema (Side-by-Side)]" time="0.002" /><testcase classname="tests.unit.test_preset_builtins.TestPresetSerialization" name="test_to_json_round_trip[VR (Over-Under)]" time="0.003" /><testcase classname="tests.unit.test_preset_builtins.TestBuiltinPresetsValidity" name="test_all_presets_have_valid_crf[Cinema (Anaglyph)]" time="0.002" /><testcase classname="tests.unit.test_preset_builtins.TestBuiltinPresetsValidity" name="test_all_presets_have_valid_crf[VR (Over-Under)]" time="0.002" /><testcase classname="tests.unit.test_preset_builtins.TestPresetSerialization" name="test_to_json_round_trip[VR (Side-by-Side)]" time="0.003" /><testcase classname="tests.unit.test_preset_builtins.TestBuiltinPresetsValidity" name="test_all_presets_have_valid_crf[VR (Side-by-Side)]" time="0.002" /><testcase classname="tests.unit.test_preset_builtins.TestPresetSerialization" name="test_to_json_round_trip[Web (Side-by-Side)]" time="0.003" /><testcase classname="tests.unit.test_preset_builtins.TestBuiltinPresetsValidity" name="test_all_presets_have_valid_crf[Web (Side-by-Side)]" time="0.002" /><testcase classname="tests.unit.test_preset_builtins.TestPresetSerialization" name="test_to_json_round_trip[Web (Anaglyph)]" time="0.003" /><testcase classname="tests.unit.test_memory_monitor.TestMemoryMonitor" name="test_callback_invoked_on_warning" time="0.491" /><testcase classname="tests.unit.test_preset_builtins.TestBuiltinPresetsValidity" name="test_all_presets_have_valid_crf[Web (Anaglyph)]" time="0.002" /><testcase classname="tests.unit.test_preset_builtins.TestPresetSerialization" name="test_to_json_round_trip[Mobile (Side-by-Side)]" time="0.003" /><testcase classname="tests.unit.test_preset_builtins.TestBuiltinPresetsValidity" name="test_all_presets_have_valid_crf[Mobile (Side-by-Side)]" time="0.002" /><testcase classname="tests.unit.test_preset_builtins.TestPresetSerialization" name="test_to_json_round_trip[Mobile (Anaglyph)]" time="0.003" /><testcase classname="tests.unit.test_preset_builtins.TestBuiltinPresetsValidity" name="test_all_presets_have_valid_crf[Mobile (Anaglyph)]" time="0.002" /><testcase classname="tests.unit.test_preset_builtins.TestPresetSerialization" name="test_to_json_round_trip[Fast Preview]" time="0.003" /><testcase classname="tests.unit.test_preset_builtins.TestBuiltinPresetsValidity" name="test_all_presets_have_valid_crf[Fast Preview]" time="0.002" /><testcase classname="tests.unit.test_preset_builtins.TestPresetSerialization" name="test_to_json_round_trip[Maximum Quality]" time="0.003" /><testcase classname="tests.unit.test_preset_builtins.TestBuiltinPresetsValidity" name="test_all_presets_have_valid_crf[Maximum Quality]" time="0.002" /><testcase classname="tests.unit.test_preset_builtins.TestPresetSerialization" name="test_to_json_round_trip[Balanced]" time="0.003" /><testcase classname="tests.unit.test_preset_builtins.TestBuiltinPresetsValidity" name="test_all_presets_have_valid_crf[Balanced]" time="0.002" /><testcase classname="tests.unit.test_preset_manager.TestPresetManagerInit" name="test_init_with_default_storage" time="0.002" /><testcase classname="tests.unit.test_preset_builtins.TestBuiltinPresetsValidity" name="test_all_presets_have_valid_baseline[Cinema (Side-by-Side)]" time="0.003" /><testcase classname="tests.unit.test_preset_manager.TestPresetManagerInit" name="test_init_with_custom_storage" time="0.003" /><testcase classname="tests.unit.test_preset_builtins.TestBuiltinPresetsValidity" name="test_all_presets_have_valid_baseline[Cinema (Anaglyph)]" time="0.002" /><testcase classname="tests.unit.test_preset_manager.TestPresetManagerInit" name="test_init_with_presets_dir" time="0.003" /><testcase classname="tests.unit.test_preset_builtins.TestBuiltinPresetsValidity" name="test_all_presets_have_valid_baseline[VR (Over-Under)]" time="0.002" /><testcase classname="tests.unit.test_preset_manager.TestPresetManagerCreate" name="test_create_basic_preset" time="0.005" /><testcase classname="tests.unit.test_preset_builtins.TestBuiltinPresetsValidity" name="test_all_presets_have_valid_baseline[VR (Side-by-Side)]" time="0.002" /><testcase classname="tests.unit.test_preset_builtins.TestBuiltinPresetsValidity" name="test_all_presets_have_valid_baseline[Web (Side-by-Side)]" time="0.002" /><testcase classname="tests.unit.test_preset_manager.TestPresetManagerCreate" name="test_create_preset_with_all_options" time="0.004" /><testcase classname="tests.unit.test_preset_builtins.TestBuiltinPresetsValidity" name="test_all_presets_have_valid_baseline[Web (Anaglyph)]" time="0.002" /><testcase classname="tests.unit.test_preset_manager.TestPresetManagerCreate" name="test_create_duplicate_name_raises_error" time="0.005" /><testcase classname="tests.unit.test_preset_builtins.TestBuiltinPresetsValidity" name="test_all_presets_have_valid_baseline[Mobile (Side-by-Side)]" time="0.003" /><testcase classname="tests.unit.test_preset_builtins.TestBuiltinPresetsValidity" name="test_all_presets_have_valid_baseline[Mobile (Anaglyph)]" time="0.002" /><testcase classname="tests.unit.test_preset_manager.TestPresetManagerCreate" name="test_create_duplicate_name_case_insensitive" time="0.005" /><testcase classname="tests.unit.test_preset_builtins.TestBuiltinPresetsValidity" name="test_all_presets_have_valid_baseline[Fast Preview]" time="0.002" /><testcase classname="tests.unit.test_preset_builtins.TestBuiltinPresetsValidity" name="test_all_presets_have_valid_baseline[Maximum Quality]" time="0.002" /><testcase classname="tests.unit.test_preset_manager.TestPresetManagerCreate" name="test_create_increments_cache" time="0.004" /><testcase classname="tests.unit.test_preset_builtins.TestBuiltinPresetsValidity" name="test_all_presets_have_valid_baseline[Balanced]" time="0.002" /><testcase classname="tests.unit.test_preset_manager.TestPresetManagerGet" name="test_get_by_id" time="0.004" /><testcase classname="tests.unit.test_preset_builtins.TestBuiltinPresetsValidity" name="test_all_presets_have_valid_batch_size[Cinema (Side-by-Side)]" time="0.002" /><testcase classname="tests.unit.test_preset_builtins.TestBuiltinPresetsValidity" name="test_all_presets_have_valid_batch_size[Cinema (Anaglyph)]" time="0.002" /><testcase classname="tests.unit.test_preset_manager.TestPresetManagerGet" name="test_get_by_id_nonexistent_returns_none" time="0.003" /><testcase classname="tests.unit.test_preset_builtins.TestBuiltinPresetsValidity" name="test_all_presets_have_valid_batch_size[VR (Over-Under)]" time="0.002" /><testcase classname="tests.unit.test_preset_manager.TestPresetManagerGet" name="test_get_by_name" time="0.004" /><testcase classname="tests.unit.test_preset_builtins.TestBuiltinPresetsValidity" name="test_all_presets_have_valid_batch_size[VR (Side-by-Side)]" time="0.002" /><testcase classname="tests.unit.test_preset_builtins.TestBuiltinPresetsValidity" name="test_all_presets_have_valid_batch_size[Web (Side-by-Side)]" time="0.002" /><testcase classname="tests.unit.test_preset_manager.TestPresetManagerGet" name="test_get_by_name_case_insensitive" time="0.004" /><testcase classname="tests.unit.test_preset_builtins.TestBuiltinPresetsValidity" name="test_all_presets_have_valid_batch_size[Web (Anaglyph)]" time="0.002" /><testcase classname="tests.unit.test_preset_manager.TestPresetManagerGet" name="test_get_by_name_nonexistent_returns_none" time="0.003" /><testcase classname="tests.unit.test_preset_builtins.TestBuiltinPresetsValidity" name="test_all_presets_have_valid_batch_size[Mobile (Side-by-Side)]" time="0.002" /><testcase classname="tests.unit.test_preset_manager.TestPresetManagerUpdate" name="test_update_name" time="0.006" /><testcase classname="tests.unit.test_preset_builtins.TestBuiltinPresetsValidity" name="test_all_presets_have_valid_batch_size[Mobile (Anaglyph)]" time="0.002" /><testcase classname="tests.unit.test_preset_builtins.TestBuiltinPresetsValidity" name="test_all_presets_have_valid_batch_size[Fast Preview]" time="0.002" /><testcase classname="tests.unit.test_preset_manager.TestPresetManagerUpdate" name="test_update_description" time="0.006" /><testcase classname="tests.unit.test_preset_builtins.TestBuiltinPresetsValidity" name="test_all_presets_have_valid_batch_size[Maximum Quality]" time="0.002" /><testcase classname="tests.unit.test_preset_builtins.TestBuiltinPresetsValidity" name="test_all_presets_have_valid_batch_size[Balanced]" time="0.002" /><testcase classname="tests.unit.test_preset_builtins.TestBuiltinPresetsCollections" name="test_all_builtin_presets_count" time="0.002" /><testcase classname="tests.unit.test_preset_manager.TestPresetManagerUpdate" name="test_update_category" time="0.006" /><testcase classname="tests.unit.test_preset_builtins.TestBuiltinPresetsCollections" name="test_by_id_mapping_complete" time="0.002" /><testcase classname="tests.unit.test_preset_builtins.TestBuiltinPresetsCollections" name="test_by_name_mapping_complete" time="0.002" /><testcase classname="tests.unit.test_preset_manager.TestPresetManagerUpdate" name="test_update_settings" time="0.006" /><testcase classname="tests.unit.test_preset_builtins.TestBuiltinPresetsCollections" name="test_unique_ids" time="0.002" /><testcase classname="tests.unit.test_preset_builtins.TestBuiltinPresetsCollections" name="test_unique_names" time="0.002" /><testcase classname="tests.unit.test_preset_manager.TestPresetManagerUpdate" name="test_update_nonexistent_raises_error" time="0.003" /><testcase classname="tests.unit.test_preset_builtins.TestGetBuiltinPreset" name="test_get_existing_preset" time="0.002" /><testcase classname="tests.unit.test_preset_manager.TestPresetManagerUpdate" name="test_update_builtin_raises_error" time="0.005" /><testcase classname="tests.unit.test_preset_builtins.TestGetBuiltinPreset" name="test_get_nonexistent_preset" time="0.002" /><testcase classname="tests.unit.test_preset_builtins.TestGetBuiltinPresetByName" name="test_get_by_name_exact" time="0.002" /><testcase classname="tests.unit.test_preset_manager.TestPresetManagerUpdate" name="test_update_duplicate_name_raises_error" time="0.006" /><testcase classname="tests.unit.test_preset_builtins.TestGetBuiltinPresetByName" name="test_get_by_name_case_insensitive" time="0.002" /><testcase classname="tests.unit.test_preset_builtins.TestGetBuiltinPresetByName" name="test_get_by_name_nonexistent" time="0.002" /><testcase classname="tests.unit.test_preset_manager.TestPresetManagerUpdate" name="test_update_updates_timestamp" time="0.016" /><testcase classname="tests.unit.test_preset_builtins.TestPresetCategories" name="test_cinema_category" time="0.002" /><testcase classname="tests.unit.test_preset_builtins.TestPresetCategories" name="test_vr_category" time="0.002" /><testcase classname="tests.unit.test_preset_builtins.TestPresetCategories" name="test_web_category" time="0.002" /><testcase classname="tests.unit.test_preset_builtins.TestPresetCategories" name="test_mobile_category" time="0.002" /><testcase classname="tests.unit.test_preset_builtins.TestPresetCategories" name="test_general_category" time="0.002" /><testcase classname="tests.unit.test_preset_builtins.TestPresetSettingsOptimizations" name="test_cinema_uses_quality_model" time="0.002" /><testcase classname="tests.unit.test_preset_manager.TestPresetManagerDelete" name="test_delete_existing_preset" time="0.006" /><testcase classname="tests.unit.test_preset_builtins.TestPresetSettingsOptimizations" name="test_cinema_uses_slow_encoding" time="0.002" /><testcase classname="tests.unit.test_preset_builtins.TestPresetSettingsOptimizations" name="test_cinema_uses_low_crf" time="0.002" /><testcase classname="tests.unit.test_preset_manager.TestPresetManagerDelete" name="test_delete_nonexistent_returns_false" time="0.003" /><testcase classname="tests.unit.test_preset_builtins.TestPresetSettingsOptimizations" name="test_vr_has_stronger_3d" time="0.002" /><testcase classname="tests.unit.test_preset_manager.TestPresetManagerDuplicate" name="test_duplicate_creates_copy" time="0.006" /><testcase classname="tests.unit.test_preset_builtins.TestPresetSettingsOptimizations" name="test_mobile_uses_fast_encoding" time="0.002" /><testcase classname="tests.unit.test_preset_builtins.TestPresetSettingsOptimizations" name="test_mobile_uses_small_model" time="0.002" /><testcase classname="tests.unit.test_preset_builtins.TestPresetSettingsOptimizations" name="test_fast_preview_uses_ultrafast" time="0.002" /><testcase classname="tests.unit.test_preset_manager.TestPresetManagerDuplicate" name="test_duplicate_with_custom_name" time="0.006" /><testcase classname="tests.unit.test_preset_builtins.TestPresetSettingsOptimizations" name="test_fast_preview_uses_high_crf" time="0.002" /><testcase classname="tests.unit.test_preset_builtins.TestPresetSettingsOptimizations" name="test_max_quality_uses_slowest_encoding" time="0.002" /><testcase classname="tests.unit.test_preset_manager.TestPresetManagerDuplicate" name="test_duplicate_creates_independent_settings" time="0.008" /><testcase classname="tests.unit.test_preset_builtins.TestPresetSettingsOptimizations" name="test_max_quality_uses_lowest_crf" time="0.002" /><testcase classname="tests.unit.test_preset_models.TestPreset" name="test_json_round_trip" time="0.003" /><testcase classname="tests.unit.test_preset_manager.TestPresetManagerDuplicate" name="test_duplicate_nonexistent_raises_error" time="0.003" /><testcase classname="tests.unit.test_preset_models.TestPreset" name="test_equality_by_id" time="0.002" /><testcase classname="tests.unit.test_preset_manager.TestPresetManagerList" name="test_list_all" time="0.008" /><testcase classname="tests.unit.test_preset_models.TestPreset" name="test_equality_with_non_preset" time="0.002" /><testcase classname="tests.unit.test_preset_models.TestPreset" name="test_hash_by_id" time="0.002" /><testcase classname="tests.unit.test_preset_models.TestPreset" name="test_str_representation" time="0.002" /><testcase classname="tests.unit.test_preset_manager.TestPresetManagerList" name="test_list_by_category" time="0.008" /><testcase classname="tests.unit.test_preset_models.TestPreset" name="test_repr_representation" time="0.002" /><testcase classname="tests.unit.test_preset_models.TestPresetSettingsValidationIntegration" name="test_preset_validates_nested_stereo_settings" time="0.002" /><testcase classname="tests.unit.test_preset_models.TestPresetSettingsValidationIntegration" name="test_preset_validates_nested_video_settings" time="0.002" /><testcase classname="tests.unit.test_preset_manager.TestPresetManagerSearch" name="test_search_by_name" time="0.008" /><testcase classname="tests.unit.test_preset_models.TestPresetSettingsValidationIntegration" name="test_preset_validates_nested_processing_settings" time="0.002" /><testcase classname="tests.unit.test_preset_models.TestPresetSettingsValidationIntegration" name="test_preset_accepts_all_valid_settings" time="0.002" /><testcase classname="tests.unit.test_preset_manager.TestPresetManagerSearch" name="test_search_by_description" time="0.006" /><testcase classname="tests.unit.test_preset_storage.TestPresetStorageInit" name="test_init_creates_presets_directory" time="0.003" /><testcase classname="tests.unit.test_preset_storage.TestPresetStorageInit" name="test_init_with_custom_directories" time="0.003" /><testcase classname="tests.unit.test_preset_manager.TestPresetManagerSearch" name="test_search_case_insensitive" time="0.004" /><testcase classname="tests.unit.test_preset_storage.TestPresetStorageInit" name="test_default_directories" time="0.002" /><testcase classname="tests.unit.test_preset_storage.TestPresetStorageSave" name="test_save_creates_file" time="0.004" /><testcase classname="tests.unit.test_preset_manager.TestPresetManagerSearch" name="test_search_with_category_filter" time="0.006" /><testcase classname="tests.unit.test_preset_storage.TestPresetStorageSave" name="test_save_file_contains_preset_data" time="0.003" /><testcase classname="tests.unit.test_preset_manager.TestPresetManagerSearch" name="test_search_with_tags_filter" time="0.006" /><testcase classname="tests.unit.test_preset_storage.TestPresetStorageSave" name="test_save_builtin_preset_raises_error" time="0.003" /><testcase classname="tests.unit.test_preset_storage.TestPresetStorageSave" name="test_save_overwrites_existing" time="0.004" /><testcase classname="tests.unit.test_preset_manager.TestPresetManagerSearch" name="test_search_no_results" time="0.004" /><testcase classname="tests.unit.test_preset_storage.TestPresetStorageSave" name="test_atomic_write_prevents_corruption" time="0.003" /><testcase classname="tests.unit.test_preset_manager.TestPresetManagerImportExport" name="test_export_preset" time="0.005" /><testcase classname="tests.unit.test_preset_storage.TestPresetStorageSave" name="test_atomic_write_cleanup_on_error" time="0.003" /><testcase classname="tests.unit.test_preset_manager.TestPresetManagerImportExport" name="test_export_nonexistent_raises_error" time="0.003" /><testcase classname="tests.unit.test_preset_storage.TestPresetStorageLoad" name="test_load_existing_preset" time="0.004" /><testcase classname="tests.unit.test_preset_manager.TestPresetManagerImportExport" name="test_import_preset" time="0.005" /><testcase classname="tests.unit.test_preset_storage.TestPresetStorageLoad" name="test_load_nonexistent_preset_returns_none" time="0.003" /><testcase classname="tests.unit.test_preset_storage.TestPresetStorageLoad" name="test_load_sets_is_builtin_false_for_user_preset" time="0.004" /><testcase classname="tests.unit.test_preset_manager.TestPresetManagerConfigIntegration" name="test_apply_preset_to_config" time="0.004" /><testcase classname="tests.unit.test_preset_storage.TestPresetStorageLoad" name="test_load_malformed_json_returns_none" time="0.003" /><testcase classname="tests.unit.test_preset_manager.TestPresetManagerConfigIntegration" name="test_create_preset_from_config" time="0.004" /><testcase classname="tests.unit.test_preset_storage.TestPresetStorageLoad" name="test_load_from_builtin_dir" time="0.003" /><testcase classname="tests.unit.test_preset_manager.TestGetPresetManager" name="test_returns_manager_instance" time="0.002" /><testcase classname="tests.unit.test_preset_storage.TestPresetStorageDelete" name="test_delete_existing_preset" time="0.004" /><testcase classname="tests.unit.test_preset_manager.TestGetPresetManager" name="test_returns_same_instance" time="0.002" /><testcase classname="tests.unit.test_preset_manager.TestGetPresetManager" name="test_reload_creates_new_instance" time="0.002" /><testcase classname="tests.unit.test_preset_storage.TestPresetStorageDelete" name="test_delete_nonexistent_preset_returns_false" time="0.003" /><testcase classname="tests.unit.test_preset_manager.TestPresetManagerCache" name="test_cache_invalidated_on_create" time="0.005" /><testcase classname="tests.unit.test_preset_storage.TestPresetStorageDelete" name="test_delete_builtin_preset_raises_error" time="0.004" /><testcase classname="tests.unit.test_preset_manager.TestPresetManagerCache" name="test_cache_invalidated_on_update" time="0.006" /><testcase classname="tests.unit.test_preset_storage.TestPresetStorageList" name="test_list_all_empty" time="0.003" /><testcase classname="tests.unit.test_preset_storage.TestPresetStorageList" name="test_list_all_returns_all_presets" time="0.004" /><testcase classname="tests.unit.test_preset_manager.TestPresetManagerCache" name="test_cache_invalidated_on_delete" time="0.006" /><testcase classname="tests.unit.test_preset_storage.TestPresetStorageList" name="test_list_all_excludes_builtins_when_false" time="0.006" /><testcase classname="tests.unit.test_preset_models.TestPresetCategory" name="test_all_categories_exist" time="0.002" /><testcase classname="tests.unit.test_preset_models.TestPresetCategory" name="test_category_is_string_enum" time="0.002" /><testcase classname="tests.unit.test_preset_storage.TestPresetStorageList" name="test_list_by_category" time="0.005" /><testcase classname="tests.unit.test_preset_models.TestDepthEstimationSettings" name="test_default_values" time="0.002" /><testcase classname="tests.unit.test_preset_models.TestDepthEstimationSettings" name="test_custom_values" time="0.002" /><testcase classname="tests.unit.test_preset_storage.TestPresetStorageList" name="test_list_by_category_case_insensitive" time="0.004" /><testcase classname="tests.unit.test_preset_models.TestDepthEstimationSettings" name="test_to_dict" time="0.002" /><testcase classname="tests.unit.test_preset_storage.TestPresetStorageList" name="test_user_preset_overrides_builtin_by_id" time="0.004" /><testcase classname="tests.unit.test_preset_models.TestDepthEstimationSettings" name="test_from_dict" time="0.002" /><testcase classname="tests.unit.test_preset_models.TestDepthEstimationSettings" name="test_from_dict_empty" time="0.002" /><testcase classname="tests.unit.test_preset_storage.TestPresetStorageExists" name="test_exists_returns_true_for_existing" time="0.003" /><testcase classname="tests.unit.test_preset_models.TestStereoGenerationSettings" name="test_default_values" time="0.002" /><testcase classname="tests.unit.test_preset_models.TestStereoGenerationSettings" name="test_validation_positive_baseline" time="0.002" /><testcase classname="tests.unit.test_preset_storage.TestPresetStorageExists" name="test_exists_returns_false_for_nonexistent" time="0.003" /><testcase classname="tests.unit.test_preset_models.TestStereoGenerationSettings" name="test_validation_positive_focal_length" time="0.002" /><testcase classname="tests.unit.test_preset_storage.TestPresetStorageExists" name="test_exists_checks_both_directories" time="0.003" /><testcase classname="tests.unit.test_preset_models.TestStereoGenerationSettings" name="test_valid_positive_values" time="0.002" /><testcase classname="tests.unit.test_preset_storage.TestPresetStorageImportExport" name="test_export_preset" time="0.005" /><testcase classname="tests.unit.test_preset_models.TestStereoGenerationSettings" name="test_to_dict_and_from_dict" time="0.003" /><testcase classname="tests.unit.test_preset_models.TestVideoOutputSettings" name="test_default_values" time="0.002" /><testcase classname="tests.unit.test_preset_storage.TestPresetStorageImportExport" name="test_export_nonexistent_preset_raises_error" time="0.003" /><testcase classname="tests.unit.test_preset_models.TestVideoOutputSettings" name="test_validation_crf_range_min" time="0.002" /><testcase classname="tests.unit.test_preset_models.TestVideoOutputSettings" name="test_validation_crf_range_max" time="0.002" /><testcase classname="tests.unit.test_preset_storage.TestPresetStorageImportExport" name="test_import_preset" time="0.005" /><testcase classname="tests.unit.test_preset_models.TestVideoOutputSettings" name="test_valid_crf_boundary_values" time="0.002" /><testcase classname="tests.unit.test_preset_models.TestVideoOutputSettings" name="test_valid_crf_common_values" time="0.002" /><testcase classname="tests.unit.test_preset_storage.TestPresetStorageImportExport" name="test_import_preset_sets_is_builtin_false" time="0.004" /><testcase classname="tests.unit.test_preset_models.TestVideoOutputSettings" name="test_to_dict_and_from_dict" time="0.002" /><testcase classname="tests.integration.test_api_crash.TestCreateManualCrashReport" name="test_create_manual_report_invalid_severity" time="0.511" /><testcase classname="tests.unit.test_preset_storage.TestPresetStorageImportExport" name="test_import_duplicate_raises_error" time="0.004" /><testcase classname="tests.unit.test_preset_models.TestProcessingSettings" name="test_default_values" time="0.002" /><testcase classname="tests.unit.test_preset_models.TestProcessingSettings" name="test_validation_batch_size_minimum" time="0.002" /><testcase classname="tests.unit.test_preset_storage.TestPresetStorageImportExport" name="test_import_duplicate_with_overwrite" time="0.005" /><testcase classname="tests.unit.test_preset_models.TestProcessingSettings" name="test_validation_num_workers_non_negative" time="0.002" /><testcase classname="tests.unit.test_preset_models.TestProcessingSettings" name="test_validation_max_memory_percent_range" time="0.002" /><testcase classname="tests.unit.test_preset_storage.TestPresetStorageImportExport" name="test_import_invalid_json_raises_error" time="0.003" /><testcase classname="tests.unit.test_preset_models.TestProcessingSettings" name="test_valid_boundary_values" time="0.002" /><testcase classname="tests.unit.test_preset_models.TestProcessingSettings" name="test_cpu_only_settings" time="0.002" /><testcase classname="tests.unit.test_preset_storage.TestPresetStorageBackup" name="test_backup_to_directory" time="0.004" /><testcase classname="tests.unit.test_preset_models.TestQualitySettings" name="test_default_values" time="0.002" /><testcase classname="tests.unit.test_preview.TestPreviewConfig" name="test_default_values" time="0.002" /><testcase classname="tests.unit.test_preset_models.TestQualitySettings" name="test_custom_values" time="0.002" /><testcase classname="tests.unit.test_preview.TestPreviewConfig" name="test_custom_values" time="0.002" /><testcase classname="tests.unit.test_preset_models.TestQualitySettings" name="test_to_dict_and_from_dict" time="0.002" /><testcase classname="tests.unit.test_preview.TestPreviewConfig" name="test_layout_enum_values" time="0.002" /><testcase classname="tests.unit.test_preset_models.TestPresetSettings" name="test_default_values" time="0.002" /><testcase classname="tests.unit.test_preview.TestPreviewConfig" name="test_edge_case_scale_zero" time="0.002" /><testcase classname="tests.unit.test_preset_models.TestPresetSettings" name="test_custom_sub_settings" time="0.002" /><testcase classname="tests.unit.test_preview.TestPreviewConfig" name="test_edge_case_scale_one" time="0.003" /><testcase classname="tests.unit.test_preset_models.TestPresetSettings" name="test_to_dict_contains_all_sections" time="0.003" /><testcase classname="tests.unit.test_preview.TestPreviewWindow" name="test_init_with_default_config" time="0.002" /><testcase classname="tests.unit.test_preset_models.TestPresetSettings" name="test_from_dict_creates_nested_objects" time="0.002" /><testcase classname="tests.unit.test_preview.TestPreviewWindow" name="test_init_with_custom_config" time="0.003" /><testcase classname="tests.unit.test_preset_models.TestPresetSettings" name="test_round_trip_preserves_all_data" time="0.002" /><testcase classname="tests.unit.test_preset_models.TestPreset" name="test_default_values" time="0.002" /><testcase classname="tests.unit.test_preset_models.TestPreset" name="test_auto_generated_id" time="0.002" /><testcase classname="tests.unit.test_preview.TestPreviewWindow" name="test_update_does_nothing_when_disabled" time="0.005" /><testcase classname="tests.unit.test_preset_models.TestPreset" name="test_auto_generated_timestamps" time="0.002" /><testcase classname="tests.unit.test_preset_models.TestPreset" name="test_custom_values" time="0.002" /><testcase classname="tests.unit.test_preview.TestPreviewWindow" name="test_show_does_nothing_when_disabled" time="0.006" /><testcase classname="tests.unit.test_preset_models.TestPreset" name="test_update_timestamp" time="0.002" /><testcase classname="tests.unit.test_preview.TestPreviewWindow" name="test_context_manager" time="0.003" /><testcase classname="tests.unit.test_preset_models.TestPreset" name="test_to_dict" time="0.002" /><testcase classname="tests.unit.test_preview.TestPreviewWindow" name="test_close_is_idempotent" time="0.002" /><testcase classname="tests.unit.test_preset_models.TestPreset" name="test_from_dict" time="0.002" /><testcase classname="tests.unit.test_preset_models.TestPreset" name="test_from_dict_invalid_category_defaults_to_general" time="0.002" /><testcase classname="tests.unit.test_preset_models.TestPreset" name="test_to_json" time="0.002" /><testcase classname="tests.unit.test_preview.TestPreviewWindow" name="test_combine_frames_horizontal" time="0.007" /><testcase classname="tests.unit.test_preset_models.TestPreset" name="test_from_json" time="0.002" /><testcase classname="tests.unit.test_profiler.TestProfilerResult" name="test_get_sorted_components" time="0.002" /><testcase classname="tests.unit.test_preview.TestPreviewWindow" name="test_combine_frames_vertical" time="0.007" /><testcase classname="tests.unit.test_profiler.TestProfilerResult" name="test_get_bottlenecks" time="0.002" /><testcase classname="tests.unit.test_profiler.TestProfilerResult" name="test_to_dict" time="0.002" /><testcase classname="tests.unit.test_profiler.TestProfilerResult" name="test_get_bottlenecks_empty_components" time="0.002" /><testcase classname="tests.unit.test_profiler.TestProfilerResult" name="test_get_sorted_components_empty" time="0.002" /><testcase classname="tests.unit.test_profiler.TestProfiler" name="test_profiler_creation" time="0.002" /><testcase classname="tests.unit.test_preview.TestPreviewWindow" name="test_combine_frames_grid" time="0.013" /><testcase classname="tests.unit.test_profiler.TestProfiler" name="test_profiler_start_stop" time="0.002" /><testcase classname="tests.unit.test_profiler.TestProfiler" name="test_measure_context_manager" time="0.012" /><testcase classname="tests.unit.test_preview.TestPreviewWindow" name="test_combine_frames_with_labels" time="0.012" /><testcase classname="tests.unit.test_profiler.TestProfiler" name="test_multiple_measurements" time="0.017" /><testcase classname="tests.unit.test_preview.TestPreviewWindow" name="test_normalize_depth_map" time="0.008" /><testcase classname="tests.unit.test_memory_monitor.TestMemoryMonitor" name="test_config_setter" time="0.007" /><testcase classname="tests.unit.test_preview.TestPreviewWindow" name="test_normalize_depth_map_uint8_input" time="0.003" /><testcase classname="tests.unit.test_preview.TestPreviewWindow" name="test_normalize_depth_map_uniform_values" time="0.003" /><testcase classname="tests.unit.test_memory_monitor.TestMemoryMonitor" name="test_last_info_property" time="0.007" /><testcase classname="tests.unit.test_preview.TestPreviewWindow" name="test_ensure_bgr_grayscale_input" time="0.003" /><testcase classname="tests.unit.test_profiler.TestProfiler" name="test_record_manual" time="0.003" /><testcase classname="tests.unit.test_profiler.TestProfiler" name="test_record_negative_time_raises_error" time="0.003" /><testcase classname="tests.unit.test_memory_monitor.TestContextManager" name="test_context_manager_basic" time="0.008" /><testcase classname="tests.unit.test_preview.TestPreviewWindow" name="test_ensure_bgr_bgr_input" time="0.007" /><testcase classname="tests.unit.test_profiler.TestProfiler" name="test_add_measurement_negative_time_raises_error" time="0.002" /><testcase classname="tests.unit.test_profiler.TestProfiler" name="test_get_result" time="0.002" /><testcase classname="tests.unit.test_preview.TestPreviewWindow" name="test_ensure_bgr_rgba_input" time="0.004" /><testcase classname="tests.unit.test_profiler.TestProfiler" name="test_get_summary" time="0.002" /><testcase classname="tests.unit.test_memory_monitor.TestContextManager" name="test_context_manager_with_callback" time="0.010" /><testcase classname="tests.unit.test_profiler.TestProfiler" name="test_reset" time="0.002" /><testcase classname="tests.unit.test_preview.TestPreviewWindow" name="test_ensure_same_height" time="0.007" /><testcase classname="tests.unit.test_profiler.TestProfiler" name="test_create_child" time="0.002" /><testcase classname="tests.unit.test_profiler.TestProfilerRegistry" name="test_get_profiler_creates_new" time="0.002" /><testcase classname="tests.unit.test_memory_monitor.TestHelperFunctions" name="test_get_memory_monitor" time="0.007" /><testcase classname="tests.unit.test_preview.TestPreviewWindow" name="test_ensure_same_height_empty_list" time="0.002" /><testcase classname="tests.unit.test_profiler.TestProfilerRegistry" name="test_get_profiler_returns_existing" time="0.002" /><testcase classname="tests.unit.test_profiler.TestProfilerRegistry" name="test_clear_profiler" time="0.002" /><testcase classname="tests.unit.test_preview.TestPreviewWindow" name="test_resize_if_needed_no_resize" time="0.007" /><testcase classname="tests.unit.test_profiler.TestProfilerRegistry" name="test_get_all_profilers" time="0.002" /><testcase classname="tests.unit.test_memory_monitor.TestHelperFunctions" name="test_get_current_memory_info" time="0.008" /><testcase classname="tests.unit.test_profiler.TestProfileComponent" name="test_decorator_profiles_function" time="0.008" /><testcase classname="tests.unit.test_memory_monitor.TestHelperFunctions" name="test_format_memory_size_mb" time="0.004" /><testcase classname="tests.unit.test_preview.TestPreviewWindow" name="test_resize_if_needed_with_resize" time="0.004" /><testcase classname="tests.unit.test_preview.TestPreviewWindow" name="test_resize_if_needed_disabled" time="0.138" /><testcase classname="tests.unit.test_memory_monitor.TestHelperFunctions" name="test_format_memory_size_gb" time="0.005" /><testcase classname="tests.unit.test_profiler.TestProfileComponent" name="test_decorator_preserves_function_name" time="0.002" /><testcase classname="tests.unit.test_profiler.TestProfileBlock" name="test_profile_block_profiles_code" time="0.010" /><testcase classname="tests.unit.test_memory_monitor.TestConstants" name="test_constants_defined" time="0.002" /><testcase classname="tests.unit.test_memory_monitor.TestModuleExports" name="test_all_exports_defined" time="0.002" /><testcase classname="tests.unit.test_profiler.TestProfileBlock" name="test_profile_block_with_profiler_name" time="0.010" /><testcase classname="tests.unit.test_memory_monitor.TestIntegration" name="test_full_monitoring_cycle" time="0.417" /><testcase classname="tests.unit.test_profiler.TestProfileBlock" name="test_profile_block_yields_profiler" time="0.004" /><testcase classname="tests.unit.test_profiler.TestPipelineProfiler" name="test_pipeline_profiler_stages" time="0.012" /><testcase classname="tests.unit.test_profiler.TestPipelineProfiler" name="test_pipeline_get_report" time="0.002" /><testcase classname="tests.unit.test_profiler.TestPipelineProfiler" name="test_pipeline_get_result" time="0.002" /><testcase classname="tests.unit.test_profiler.TestPipelineProfiler" name="test_pipeline_start_returns_self" time="0.002" /><testcase classname="tests.unit.test_profiler.TestTimedExecution" name="test_timed_execution_returns_result_and_time" time="0.013" /><testcase classname="tests.unit.test_profiler.TestThreadSafety" name="test_concurrent_measurements" time="0.014" /><testcase classname="tests.unit.test_progress.TestProgressStage" name="test_stage_values" time="0.002" /><testcase classname="tests.unit.test_progress.TestProgressStage" name="test_stage_count" time="0.002" /><testcase classname="tests.unit.test_progress.TestStageMetrics" name="test_default_values" time="0.002" /><testcase classname="tests.unit.test_progress.TestStageMetrics" name="test_elapsed_seconds_not_started" time="0.002" /><testcase classname="tests.unit.test_progress.TestStageMetrics" name="test_elapsed_seconds_started" time="0.102" /><testcase classname="tests.unit.test_preview.TestPreviewWindow" name="test_apply_scale" time="0.003" /><testcase classname="tests.unit.test_preview.TestPreviewWindow" name="test_apply_scale_no_scale" time="0.006" /><testcase classname="tests.unit.test_preview.TestPreviewWindow" name="test_add_label" time="0.003" /><testcase classname="tests.unit.test_preview.TestPreviewWindow" name="test_add_label_disabled" time="0.006" /><testcase classname="tests.unit.test_preview.TestPreviewWindow" name="test_should_update_rate_limiting" time="0.002" /><testcase classname="tests.unit.test_preview.TestPreviewWindow" name="test_should_update_after_interval" time="0.022" /><testcase classname="tests.unit.test_preview.TestPreviewWindow" name="test_calculate_fps" time="0.052" /><testcase classname="tests.unit.test_progress.TestStageMetrics" name="test_elapsed_seconds_ended" time="0.002" /><testcase classname="tests.unit.test_progress.TestStageMetrics" name="test_items_per_second_zero_elapsed" time="0.002" /><testcase classname="tests.unit.test_progress.TestStageMetrics" name="test_items_per_second_with_elapsed" time="0.002" /><testcase classname="tests.unit.test_progress.TestStageMetrics" name="test_eta_seconds_zero_speed" time="0.002" /><testcase classname="tests.unit.test_progress.TestStageMetrics" name="test_eta_seconds_with_speed" time="0.002" /><testcase classname="tests.unit.test_progress.TestStageMetrics" name="test_progress_percent_zero_total" time="0.002" /><testcase classname="tests.unit.test_progress.TestStageMetrics" name="test_progress_percent_partial" time="0.002" /><testcase classname="tests.unit.test_progress.TestStageMetrics" name="test_progress_percent_complete" time="0.002" /><testcase classname="tests.unit.test_progress.TestStageMetrics" name="test_to_dict" time="0.002" /><testcase classname="tests.unit.test_progress.TestProgressConfig" name="test_default_values" time="0.002" /><testcase classname="tests.unit.test_progress.TestProgressConfig" name="test_disabled" time="0.002" /><testcase classname="tests.unit.test_progress.TestProgressConfig" name="test_custom_values" time="0.002" /><testcase classname="tests.unit.test_preview.TestPreviewWindow" name="test_thread_safety" time="0.007" /><testcase classname="tests.unit.test_progress.TestConversionStats" name="test_default_values" time="0.002" /><testcase classname="tests.unit.test_progress.TestConversionStats" name="test_overall_speed_zero_elapsed" time="0.002" /><testcase classname="tests.unit.test_preview.TestPreviewWindowError" name="test_exception_creation" time="0.002" /><testcase classname="tests.unit.test_progress.TestConversionStats" name="test_overall_speed_with_elapsed" time="0.002" /><testcase classname="tests.unit.test_preview.TestPreviewWindowError" name="test_exception_inheritance" time="0.002" /><testcase classname="tests.unit.test_progress.TestConversionStats" name="test_success_rate_zero_total" time="0.002" /><testcase classname="tests.unit.test_preview.TestPreviewWindowError" name="test_exception_with_cause" time="0.002" /><testcase classname="tests.unit.test_progress.TestConversionStats" name="test_success_rate_all_success" time="0.002" /><testcase classname="tests.unit.test_preview.TestCreatePreviewWindow" name="test_create_with_default_config" time="0.002" /><testcase classname="tests.unit.test_progress.TestConversionStats" name="test_success_rate_some_failed" time="0.002" /><testcase classname="tests.unit.test_preview.TestCreatePreviewWindow" name="test_create_with_custom_config" time="0.002" /><testcase classname="tests.unit.test_progress.TestConversionStats" name="test_to_dict" time="0.002" /><testcase classname="tests.unit.test_progress.TestVideoConversionProgress" name="test_init_defaults" time="0.002" /><testcase classname="tests.unit.test_progress.TestVideoConversionProgress" name="test_init_with_config" time="0.002" /><testcase classname="tests.unit.test_preview.TestPreviewWindowWithMockedCV2" name="test_update_with_mocked_cv2" time="0.014" /><testcase classname="tests.unit.test_progress.TestVideoConversionProgress" name="test_init_with_files" time="0.002" /><testcase classname="tests.unit.test_progress.TestVideoConversionProgress" name="test_init_negative_frames_raises" time="0.002" /><testcase classname="tests.unit.test_progress.TestVideoConversionProgress" name="test_init_zero_frames_valid" time="0.002" /><testcase classname="tests.unit.test_progress.TestVideoConversionProgress" name="test_start_creates_progress" time="0.008" /><testcase classname="tests.unit.test_preview.TestPreviewWindowWithMockedCV2" name="test_show_with_mocked_cv2" time="0.016" /><testcase classname="tests.unit.test_progress.TestVideoConversionProgress" name="test_stop_stops_progress" time="0.008" /><testcase classname="tests.unit.test_preview.TestPreviewWindowWithMockedCV2" name="test_close_with_mocked_cv2" time="0.006" /><testcase classname="tests.unit.test_progress.TestVideoConversionProgress" name="test_start_stage" time="0.009" /><testcase classname="tests.unit.test_preview.TestPreviewWindowWithMockedCV2" name="test_ensure_cv2_raises_error_when_missing" time="0.002" /><testcase classname="tests.unit.test_progress.TestVideoConversionProgress" name="test_start_stage_with_description" time="0.010" /><testcase classname="tests.unit.test_preview.TestPreviewWindowWithMockedCV2" name="test_update_with_esc_key_closes_window" time="0.014" /><testcase classname="tests.unit.test_progress.TestVideoConversionProgress" name="test_update_increments_completed" time="0.010" /><testcase classname="tests.integration.test_api_crash.TestDeleteCrashReport" name="test_delete_report_success" time="0.514" /><testcase classname="tests.unit.test_preview.TestPreviewWindowWithMockedCV2" name="test_update_with_q_key_closes_window" time="0.015" /><testcase classname="tests.unit.test_progress.TestVideoConversionProgress" name="test_update_with_failed" time="0.010" /><testcase classname="tests.unit.test_profiler.TestComponentStats" name="test_component_stats_creation" time="0.002" /><testcase classname="tests.unit.test_profiler.TestComponentStats" name="test_add_measurement" time="0.003" /><testcase classname="tests.unit.test_progress.TestVideoConversionProgress" name="test_complete_stage" time="0.010" /><testcase classname="tests.unit.test_profiler.TestComponentStats" name="test_avg_time_empty" time="0.002" /><testcase classname="tests.unit.test_profiler.TestComponentStats" name="test_std_dev_calculation" time="0.002" /><testcase classname="tests.unit.test_profiler.TestComponentStats" name="test_median_calculation" time="0.002" /><testcase classname="tests.unit.test_profiler.TestComponentStats" name="test_to_dict" time="0.002" /><testcase classname="tests.unit.test_progress.TestVideoConversionProgress" name="test_complete_stage_updates_stats" time="0.022" /><testcase classname="tests.unit.test_profiler.TestComponentStats" name="test_bounded_times_storage" time="0.002" /><testcase classname="tests.unit.test_profiler.TestComponentStats" name="test_min_max_tracking" time="0.002" /><testcase classname="tests.unit.test_profiler.TestProfilerResult" name="test_result_creation" time="0.002" /><testcase classname="tests.unit.test_profiler.TestProfilerResult" name="test_total_time_seconds" time="0.002" /><testcase classname="tests.unit.test_progress.TestProgressIntegration" name="test_full_conversion_workflow" time="0.030" /><testcase classname="tests.unit.test_progress.TestVideoConversionProgress" name="test_get_stats" time="0.002" /><testcase classname="tests.unit.test_progress.TestVideoConversionProgress" name="test_disabled_config_no_progress" time="0.002" /><testcase classname="tests.unit.test_progress.TestVideoConversionProgress" name="test_context_manager" time="0.012" /><testcase classname="tests.unit.test_progress.TestVideoConversionProgress" name="test_create_callback" time="0.002" /><testcase classname="tests.unit.test_progress.TestVideoConversionProgress" name="test_callback_updates_progress" time="0.010" /><testcase classname="tests.unit.test_progress.TestProgressIntegration" name="test_with_failures" time="0.011" /><testcase classname="tests.unit.test_progress.TestVideoConversionProgress" name="test_track_context_manager" time="0.001"><skipped type="pytest.skip" message="track() API needs redesign - contextmanager pattern doesn't work for iteration">/home/dkp/.ao/data/worktrees/2dto3d/2dto3d-3/tests/unit/test_progress.py:466: track() API needs redesign - contextmanager pattern doesn't work for iteration</skipped></testcase><testcase classname="tests.unit.test_progress.TestProgressIntegration" name="test_double_start_is_safe" time="0.006" /><testcase classname="tests.unit.test_progress.TestVideoConversionProgress" name="test_multiple_stages" time="0.017" /><testcase classname="tests.unit.test_preset_builtins.TestBuiltinPresetsValidity" name="test_all_presets_have_id[Mobile (Anaglyph)]" time="0.002" /><testcase classname="tests.unit.test_progress.TestProgressIntegration" name="test_stop_when_disabled" time="0.002" /><testcase classname="tests.unit.test_preset_builtins.TestBuiltinPresetsValidity" name="test_all_presets_have_id[Fast Preview]" time="0.002" /><testcase classname="tests.unit.test_progress.TestProgressIntegration" name="test_stop_when_not_active" time="0.006" /><testcase classname="tests.unit.test_preset_builtins.TestBuiltinPresetsValidity" name="test_all_presets_have_id[Maximum Quality]" time="0.002" /><testcase classname="tests.unit.test_preset_builtins.TestBuiltinPresetsValidity" name="test_all_presets_have_id[Balanced]" time="0.002" /><testcase classname="tests.unit.test_progress.TestProgressIntegration" name="test_start_stage_when_disabled" time="0.002" /><testcase classname="tests.unit.test_progress.TestVideoConversionProgress" name="test_thread_safety" time="0.013" /><testcase classname="tests.unit.test_preset_builtins.TestBuiltinPresetsValidity" name="test_all_presets_have_name[Cinema (Side-by-Side)]" time="0.002" /><testcase classname="tests.unit.test_progress.TestProgressIntegration" name="test_start_stage_auto_starts_progress" time="0.009" /><testcase classname="tests.unit.test_preset_builtins.TestBuiltinPresetsValidity" name="test_all_presets_have_name[Cinema (Anaglyph)]" time="0.002" /><testcase classname="tests.unit.test_preset_builtins.TestBuiltinPresetsValidity" name="test_all_presets_have_name[VR (Over-Under)]" time="0.002" /><testcase classname="tests.unit.test_preset_builtins.TestBuiltinPresetsValidity" name="test_all_presets_have_name[VR (Side-by-Side)]" time="0.002" /><testcase classname="tests.unit.test_progress.TestProgressIntegration" name="test_start_stage_with_previous_task" time="0.012" /><testcase classname="tests.unit.test_progress.TestSimpleProgressTracker" name="test_init_defaults" time="0.002" /><testcase classname="tests.unit.test_preset_builtins.TestBuiltinPresetsValidity" name="test_all_presets_have_name[Web (Side-by-Side)]" time="0.002" /><testcase classname="tests.unit.test_progress.TestSimpleProgressTracker" name="test_init_with_description" time="0.002" /><testcase classname="tests.unit.test_preset_builtins.TestBuiltinPresetsValidity" name="test_all_presets_have_name[Web (Anaglyph)]" time="0.002" /><testcase classname="tests.unit.test_progress.TestSimpleProgressTracker" name="test_start_creates_progress" time="0.004" /><testcase classname="tests.unit.test_preset_builtins.TestBuiltinPresetsValidity" name="test_all_presets_have_name[Mobile (Side-by-Side)]" time="0.002" /><testcase classname="tests.unit.test_preset_builtins.TestBuiltinPresetsValidity" name="test_all_presets_have_name[Mobile (Anaglyph)]" time="0.002" /><testcase classname="tests.unit.test_progress.TestSimpleProgressTracker" name="test_update_increments_completed" time="0.004" /><testcase classname="tests.unit.test_progress.TestProgressIntegration" name="test_update_when_disabled" time="0.002" /><testcase classname="tests.unit.test_preset_builtins.TestBuiltinPresetsValidity" name="test_all_presets_have_name[Fast Preview]" time="0.002" /><testcase classname="tests.unit.test_progress.TestProgressIntegration" name="test_update_without_progress" time="0.002" /><testcase classname="tests.unit.test_preset_builtins.TestBuiltinPresetsValidity" name="test_all_presets_have_name[Maximum Quality]" time="0.002" /><testcase classname="tests.unit.test_progress.TestSimpleProgressTracker" name="test_stop_stops_progress" time="0.004" /><testcase classname="tests.unit.test_progress.TestProgressIntegration" name="test_update_without_overall_task" time="0.006" /><testcase classname="tests.unit.test_preset_builtins.TestBuiltinPresetsValidity" name="test_all_presets_have_name[Balanced]" time="0.002" /><testcase classname="tests.unit.test_progress.TestSimpleProgressTracker" name="test_elapsed_seconds" time="0.105" /><testcase classname="tests.unit.test_preset_builtins.TestBuiltinPresetsValidity" name="test_all_presets_have_description[Cinema (Side-by-Side)]" time="0.002" /><testcase classname="tests.unit.test_progress.TestProgressIntegration" name="test_complete_stage_when_disabled" time="0.002" /><testcase classname="tests.unit.test_preset_builtins.TestBuiltinPresetsValidity" name="test_all_presets_have_description[Cinema (Anaglyph)]" time="0.002" /><testcase classname="tests.unit.test_progress.TestProgressIntegration" name="test_complete_stage_without_metrics" time="0.007" /><testcase classname="tests.unit.test_preset_builtins.TestBuiltinPresetsValidity" name="test_all_presets_have_description[VR (Over-Under)]" time="0.002" /><testcase classname="tests.unit.test_preset_builtins.TestBuiltinPresetsValidity" name="test_all_presets_have_description[VR (Side-by-Side)]" time="0.002" /><testcase classname="tests.unit.test_preset_builtins.TestBuiltinPresetsValidity" name="test_all_presets_have_description[Web (Side-by-Side)]" time="0.002" /><testcase classname="tests.unit.test_progress.TestProgressIntegration" name="test_complete_stage_without_progress" time="0.002" /><testcase classname="tests.unit.test_preset_builtins.TestBuiltinPresetsValidity" name="test_all_presets_have_description[Web (Anaglyph)]" time="0.002" /><testcase classname="tests.unit.test_progress.TestProgressIntegration" name="test_get_overall_speed_no_start_time" time="0.002" /><testcase classname="tests.unit.test_progress.TestProgressIntegration" name="test_get_overall_speed_no_completed" time="0.007" /><testcase classname="tests.unit.test_preset_builtins.TestBuiltinPresetsValidity" name="test_all_presets_have_description[Mobile (Side-by-Side)]" time="0.002" /><testcase classname="tests.unit.test_preset_builtins.TestBuiltinPresetsValidity" name="test_all_presets_have_description[Mobile (Anaglyph)]" time="0.002" /><testcase classname="tests.unit.test_preset_builtins.TestBuiltinPresetsValidity" name="test_all_presets_have_description[Fast Preview]" time="0.002" /><testcase classname="tests.unit.test_progress.TestProgressIntegration" name="test_print_summary_with_failures" time="0.017" /><testcase classname="tests.unit.test_preset_builtins.TestBuiltinPresetsValidity" name="test_all_presets_have_description[Maximum Quality]" time="0.002" /><testcase classname="tests.unit.test_preset_builtins.TestBuiltinPresetsValidity" name="test_all_presets_have_description[Balanced]" time="0.002" /><testcase classname="tests.unit.test_preset_builtins.TestBuiltinPresetsValidity" name="test_all_presets_have_category[Cinema (Side-by-Side)]" time="0.002" /><testcase classname="tests.unit.test_preset_builtins.TestBuiltinPresetsValidity" name="test_all_presets_have_category[Cinema (Anaglyph)]" time="0.002" /><testcase classname="tests.unit.test_preset_builtins.TestBuiltinPresetsValidity" name="test_all_presets_have_category[VR (Over-Under)]" time="0.002" /><testcase classname="tests.unit.test_preset_builtins.TestBuiltinPresetsValidity" name="test_all_presets_have_category[VR (Side-by-Side)]" time="0.002" /><testcase classname="tests.unit.test_progress.TestProgressIntegration" name="test_print_summary_no_speed" time="0.005" /><testcase classname="tests.unit.test_preset_builtins.TestBuiltinPresetsValidity" name="test_all_presets_have_category[Web (Side-by-Side)]" time="0.002" /><testcase classname="tests.unit.test_preset_builtins.TestBuiltinPresetsValidity" name="test_all_presets_have_category[Web (Anaglyph)]" time="0.002" /><testcase classname="tests.unit.test_progress.TestProgressIntegration" name="test_context_manager_with_exception" time="0.009" /><testcase classname="tests.unit.test_preset_builtins.TestBuiltinPresetsValidity" name="test_all_presets_have_category[Mobile (Side-by-Side)]" time="0.002" /><testcase classname="tests.unit.test_preset_builtins.TestBuiltinPresetsValidity" name="test_all_presets_have_category[Mobile (Anaglyph)]" time="0.002" /><testcase classname="tests.unit.test_preset_builtins.TestBuiltinPresetsValidity" name="test_all_presets_have_category[Fast Preview]" time="0.002" /><testcase classname="tests.unit.test_progress.TestSimpleProgressTrackerEdgeCases" name="test_elapsed_seconds_not_started" time="0.002" /><testcase classname="tests.unit.test_preset_builtins.TestBuiltinPresetsValidity" name="test_all_presets_have_category[Maximum Quality]" time="0.002" /><testcase classname="tests.unit.test_progress.TestSimpleProgressTrackerEdgeCases" name="test_items_per_second_zero_elapsed" time="0.004" /><testcase classname="tests.unit.test_preset_builtins.TestBuiltinPresetsValidity" name="test_all_presets_have_category[Balanced]" time="0.002" /><testcase classname="tests.unit.test_preset_builtins.TestBuiltinPresetsValidity" name="test_all_presets_have_tags[Cinema (Side-by-Side)]" time="0.002" /><testcase classname="tests.unit.test_progress.TestSimpleProgressTrackerEdgeCases" name="test_stop_when_not_started" time="0.002" /><testcase classname="tests.unit.test_preset_builtins.TestBuiltinPresetsValidity" name="test_all_presets_have_tags[Cinema (Anaglyph)]" time="0.002" /><testcase classname="tests.unit.test_progress.TestProgressConfigVariations" name="test_config_hide_speed" time="0.009" /><testcase classname="tests.unit.test_preset_builtins.TestBuiltinPresetsValidity" name="test_all_presets_have_tags[VR (Over-Under)]" time="0.002" /><testcase classname="tests.unit.test_preset_builtins.TestBuiltinPresetsValidity" name="test_all_presets_have_tags[VR (Side-by-Side)]" time="0.002" /><testcase classname="tests.unit.test_preset_builtins.TestBuiltinPresetsValidity" name="test_all_presets_have_tags[Web (Side-by-Side)]" time="0.002" /><testcase classname="tests.unit.test_progress.TestProgressConfigVariations" name="test_config_hide_eta" time="0.008" /><testcase classname="tests.unit.test_preset_builtins.TestBuiltinPresetsValidity" name="test_all_presets_have_tags[Web (Anaglyph)]" time="0.002" /><testcase classname="tests.unit.test_preset_builtins.TestBuiltinPresetsValidity" name="test_all_presets_have_tags[Mobile (Side-by-Side)]" time="0.002" /><testcase classname="tests.unit.test_preset_builtins.TestBuiltinPresetsValidity" name="test_all_presets_have_tags[Mobile (Anaglyph)]" time="0.002" /><testcase classname="tests.unit.test_progress.TestProgressConfigVariations" name="test_config_hide_elapsed" time="0.008" /><testcase classname="tests.unit.test_preset_builtins.TestBuiltinPresetsValidity" name="test_all_presets_have_tags[Fast Preview]" time="0.002" /><testcase classname="tests.unit.test_preset_builtins.TestBuiltinPresetsValidity" name="test_all_presets_have_tags[Maximum Quality]" time="0.002" /><testcase classname="tests.unit.test_progress.TestSimpleProgressTracker" name="test_items_per_second" time="0.106" /><testcase classname="tests.unit.test_progress.TestProgressConfigVariations" name="test_config_hide_percent" time="0.009" /><testcase classname="tests.unit.test_preset_builtins.TestBuiltinPresetsValidity" name="test_all_presets_have_tags[Balanced]" time="0.002" /><testcase classname="tests.unit.test_preset_builtins.TestBuiltinPresetsValidity" name="test_all_presets_have_settings[Cinema (Side-by-Side)]" time="0.002" /><testcase classname="tests.unit.test_preset_builtins.TestBuiltinPresetsValidity" name="test_all_presets_have_settings[Cinema (Anaglyph)]" time="0.002" /><testcase classname="tests.unit.test_preset_builtins.TestBuiltinPresetsValidity" name="test_all_presets_have_settings[VR (Over-Under)]" time="0.002" /><testcase classname="tests.unit.test_progress.TestProgressConfigVariations" name="test_config_hide_overall" time="0.007" /><testcase classname="tests.unit.test_preset_builtins.TestBuiltinPresetsValidity" name="test_all_presets_have_settings[VR (Side-by-Side)]" time="0.002" /><testcase classname="tests.unit.test_preset_builtins.TestBuiltinPresetsValidity" name="test_all_presets_have_settings[Web (Side-by-Side)]" time="0.002" /><testcase classname="tests.unit.test_progress.TestStageMetricsEdgeCases" name="test_eta_seconds_full_completion" time="0.002" /><testcase classname="tests.unit.test_preset_builtins.TestBuiltinPresetsValidity" name="test_all_presets_have_settings[Web (Anaglyph)]" time="0.002" /><testcase classname="tests.unit.test_progress.TestUpdateWithDescription" name="test_update_with_description" time="0.010" /><testcase classname="tests.unit.test_preset_builtins.TestBuiltinPresetsValidity" name="test_all_presets_have_settings[Mobile (Side-by-Side)]" time="0.002" /><testcase classname="tests.unit.test_preset_builtins.TestBuiltinPresetsValidity" name="test_all_presets_have_settings[Mobile (Anaglyph)]" time="0.002" /><testcase classname="tests.unit.test_preset_builtins.TestBuiltinPresetsValidity" name="test_all_presets_have_settings[Fast Preview]" time="0.002" /><testcase classname="tests.unit.test_preset_builtins.TestBuiltinPresetsValidity" name="test_all_presets_have_settings[Maximum Quality]" time="0.002" /><testcase classname="tests.unit.test_progress.TestCompleteStageWithMessage" name="test_complete_stage_with_message" time="0.011" /><testcase classname="tests.unit.test_preset_builtins.TestBuiltinPresetsValidity" name="test_all_presets_have_settings[Balanced]" time="0.002" /><testcase classname="tests.unit.test_preset_builtins.TestBuiltinPresetsValidity" name="test_all_presets_have_valid_depth_model[Cinema (Side-by-Side)]" time="0.002" /><testcase classname="tests.unit.test_preset_builtins.TestBuiltinPresetsValidity" name="test_all_presets_have_valid_depth_model[Cinema (Anaglyph)]" time="0.002" /><testcase classname="tests.unit.test_preset_builtins.TestBuiltinPresetsValidity" name="test_all_presets_have_valid_depth_model[VR (Over-Under)]" time="0.002" /><testcase classname="tests.unit.test_progress.TestConversionStatsEdgeCases" name="test_success_rate_all_failed" time="0.002" /><testcase classname="tests.unit.test_preset_builtins.TestBuiltinPresetsValidity" name="test_all_presets_have_valid_depth_model[VR (Side-by-Side)]" time="0.002" /><testcase classname="tests.unit.test_progress.TestConversionStatsEdgeCases" name="test_to_dict_with_stages" time="0.002" /><testcase classname="tests.unit.test_preset_builtins.TestBuiltinPresetsValidity" name="test_all_presets_have_valid_depth_model[Web (Side-by-Side)]" time="0.002" /><testcase classname="tests.unit.test_side_by_side.TestSideBySideLayout" name="test_all_layouts_exist" time="0.002" /><testcase classname="tests.unit.test_preset_builtins.TestBuiltinPresetsValidity" name="test_all_presets_have_valid_depth_model[Web (Anaglyph)]" time="0.002" /><testcase classname="tests.unit.test_side_by_side.TestSideBySideLayout" name="test_layout_values" time="0.002" /><testcase classname="tests.unit.test_preset_builtins.TestBuiltinPresetsValidity" name="test_all_presets_have_valid_depth_model[Mobile (Side-by-Side)]" time="0.002" /><testcase classname="tests.unit.test_side_by_side.TestSideBySideEncoder" name="test_initialization_default" time="0.004" /><testcase classname="tests.unit.test_skybox.TestSkyDetector" name="test_sky_detection_error_with_context" time="0.002" /><testcase classname="tests.unit.test_skybox.TestSkyDetector" name="test_sky_detection_error_without_context" time="0.002" /><testcase classname="tests.unit.test_side_by_side.TestSideBySideEncoder" name="test_initialization_custom_layout" time="0.004" /><testcase classname="tests.unit.test_skybox.TestSkyDetector" name="test_cloudy_sky_detection" time="0.010" /><testcase classname="tests.unit.test_side_by_side.TestSideBySideEncoder" name="test_initialization_half_width" time="0.003" /><testcase classname="tests.unit.test_side_by_side.TestSideBySideEncoder" name="test_initialization_swap_eyes" time="0.003" /><testcase classname="tests.unit.test_skybox.TestConvenienceFunctions" name="test_create_sky_detector" time="0.002" /><testcase classname="tests.unit.test_side_by_side.TestSideBySideEncoder" name="test_encode_horizontal_full_width" time="0.004" /><testcase classname="tests.unit.test_skybox.TestConvenienceFunctions" name="test_detect_sky" time="0.006" /><testcase classname="tests.unit.test_side_by_side.TestSideBySideEncoder" name="test_encode_horizontal_half_width" time="0.004" /><testcase classname="tests.unit.test_skybox.TestSkyboxConfig" name="test_from_dict" time="0.002" /><testcase classname="tests.unit.test_skybox.TestSkyProcessor" name="test_process_depth_map" time="0.009" /><testcase classname="tests.unit.test_skybox.TestSkyboxConfig" name="test_invalid_smoothing_frames" time="0.002" /><testcase classname="tests.unit.test_skybox.TestSkyboxConfig" name="test_to_dict" time="0.002" /><testcase classname="tests.unit.test_skybox.TestColorDetectionConfig" name="test_default_values" time="0.002" /><testcase classname="tests.unit.test_skybox.TestSkyProcessor" name="test_process_with_low_confidence" time="0.006" /><testcase classname="tests.unit.test_skybox.TestColorDetectionConfig" name="test_invalid_hue" time="0.002" /><testcase classname="tests.unit.test_progress.TestSimpleProgressTracker" name="test_context_manager" time="0.005" /><testcase classname="tests.unit.test_skybox.TestColorDetectionConfig" name="test_invalid_saturation" time="0.002" /><testcase classname="tests.unit.test_skybox.TestSkyProcessor" name="test_invalid_depth_map_type" time="0.006" /><testcase classname="tests.unit.test_skybox.TestColorDetectionConfig" name="test_invalid_gradient_threshold" time="0.002" /><testcase classname="tests.unit.test_progress.TestTrackProgress" name="test_basic_iteration" time="0.004" /><testcase classname="tests.unit.test_skybox.TestColorDetectionConfig" name="test_to_dict" time="0.002" /><testcase classname="tests.unit.test_skybox.TestPositionDetectionConfig" name="test_default_values" time="0.002" /><testcase classname="tests.unit.test_skybox.TestSkyProcessor" name="test_invalid_depth_map_dimensions" time="0.006" /><testcase classname="tests.unit.test_progress.TestTrackProgress" name="test_with_total" time="0.004" /><testcase classname="tests.unit.test_skybox.TestPositionDetectionConfig" name="test_invalid_coverage_range" time="0.002" /><testcase classname="tests.unit.test_skybox.TestPositionDetectionConfig" name="test_invalid_prefer_top_weight" time="0.002" /><testcase classname="tests.unit.test_progress.TestTrackProgress" name="test_empty_iterable" time="0.004" /><testcase classname="tests.unit.test_skybox.TestSkyProcessor" name="test_gradient_depth_mode" time="0.009" /><testcase classname="tests.unit.test_skybox.TestPositionDetectionConfig" name="test_to_dict" time="0.002" /><testcase classname="tests.unit.test_skybox.TestSkyDepthConfig" name="test_default_values" time="0.002" /><testcase classname="tests.unit.test_side_by_side.TestSideBySideEncoder" name="test_encode_vertical_full_width" time="0.005" /><testcase classname="tests.unit.test_skybox.TestSkyDepthConfig" name="test_invalid_depth_mode" time="0.002" /><testcase classname="tests.unit.test_skybox.TestSkyDepthConfig" name="test_invalid_depth_value" time="0.002" /><testcase classname="tests.unit.test_skybox.TestSkyProcessor" name="test_boundary_blending" time="0.008" /><testcase classname="tests.unit.test_side_by_side.TestSideBySideEncoder" name="test_encode_vertical_half_width" time="0.004" /><testcase classname="tests.unit.test_skybox.TestSkyDepthConfig" name="test_invalid_boundary_blend_pixels" time="0.002" /><testcase classname="tests.unit.test_skybox.TestSkyDepthConfig" name="test_invalid_gradient_strength" time="0.002" /><testcase classname="tests.unit.test_side_by_side.TestSideBySideEncoder" name="test_encode_swap_eyes" time="0.005" /><testcase classname="tests.unit.test_skybox.TestSkyProcessor" name="test_sky_processing_error_with_context" time="0.002" /><testcase classname="tests.unit.test_skybox.TestSkyDepthConfig" name="test_to_dict" time="0.002" /><testcase classname="tests.unit.test_skybox.TestEdgeDetectionConfig" name="test_default_values" time="0.002" /><testcase classname="tests.unit.test_skybox.TestSkyProcessor" name="test_inverse_gradient_depth_mode" time="0.007" /><testcase classname="tests.unit.test_side_by_side.TestSideBySideEncoder" name="test_encode_override_layout" time="0.004" /><testcase classname="tests.unit.test_skybox.TestEdgeDetectionConfig" name="test_invalid_horizon_search_ratio" time="0.002" /><testcase classname="tests.unit.test_skybox.TestEdgeDetectionConfig" name="test_invalid_edge_threshold" time="0.002" /><testcase classname="tests.unit.test_side_by_side.TestSideBySideEncoder" name="test_encode_override_half_width" time="0.004" /><testcase classname="tests.unit.test_skybox.TestEdgeDetectionConfig" name="test_invalid_min_edge_pixels" time="0.002" /><testcase classname="tests.unit.test_skybox.TestSkyProcessor" name="test_no_boundary_blending" time="0.006" /><testcase classname="tests.unit.test_side_by_side.TestSideBySideEncoder" name="test_encode_grayscale_input" time="0.004" /><testcase classname="tests.unit.test_skybox.TestEdgeDetectionConfig" name="test_to_dict" time="0.002" /><testcase classname="tests.unit.test_skybox.TestSkyDetector" name="test_detect_blue_sky" time="0.006" /><testcase classname="tests.unit.test_side_by_side.TestSideBySideEncoder" name="test_encode_float_input" time="0.005" /><testcase classname="tests.unit.test_skybox.TestSkyProcessor" name="test_confidence_threshold_skip" time="0.006" /><testcase classname="tests.unit.test_side_by_side.TestSideBySideEncoder" name="test_encode_dimension_mismatch_raises_error" time="0.004" /><testcase classname="tests.unit.test_skybox.TestSkyDetector" name="test_detect_gradient_sky" time="0.005" /><testcase classname="tests.unit.test_skybox.TestProcessorConvenienceFunctions" name="test_integrate_sky_depth" time="0.007" /><testcase classname="tests.unit.test_side_by_side.TestSideBySideEncoder" name="test_encode_horizontal" time="0.004" /><testcase classname="tests.unit.test_skybox.TestSkyDetector" name="test_detect_no_sky" time="0.004" /><testcase classname="tests.unit.test_skybox.TestProcessorConvenienceFunctions" name="test_create_sky_depth_mask" time="0.002" /><testcase classname="tests.unit.test_side_by_side.TestSideBySideEncoder" name="test_encode_vertical" time="0.004" /><testcase classname="tests.unit.test_skybox.TestSkyDetector" name="test_invalid_input_type" time="0.002" /><testcase classname="tests.unit.test_skybox.TestProcessorConvenienceFunctions" name="test_blend_depth_at_boundary" time="0.004" /><testcase classname="tests.unit.test_skybox.TestSkyDetector" name="test_invalid_input_dimensions" time="0.002" /><testcase classname="tests.unit.test_side_by_side.TestSideBySideEncoder" name="test_encode_half_width" time="0.006" /><testcase classname="tests.unit.test_skybox.TestSkyDetector" name="test_image_too_small" time="0.002" /><testcase classname="tests.unit.test_skybox.TestProcessorConvenienceFunctions" name="test_create_sky_processor" time="0.002" /><testcase classname="tests.unit.test_skybox.TestSkyDetector" name="test_color_detection_method" time="0.003" /><testcase classname="tests.unit.test_skybox.TestProcessorConvenienceFunctions" name="test_process_sky_depth" time="0.007" /><testcase classname="tests.unit.test_side_by_side.TestSideBySideEncoder" name="test_encode_full_width" time="0.004" /><testcase classname="tests.unit.test_skybox.TestSkyDetector" name="test_position_detection_method" time="0.003" /><testcase classname="tests.unit.test_side_by_side.TestSideBySideEncoder" name="test_encode_cross_eye" time="0.004" /><testcase classname="tests.unit.test_skybox.TestIntegration" name="test_full_pipeline" time="0.007" /><testcase classname="tests.unit.test_skybox.TestSkyDetector" name="test_edge_detection_method" time="0.003" /><testcase classname="tests.unit.test_skybox.TestSkyDetector" name="test_combined_detection_method" time="0.005" /><testcase classname="tests.unit.test_side_by_side.TestSideBySideEncoder" name="test_encode_parallel" time="0.006" /><testcase classname="tests.unit.test_skybox.TestIntegration" name="test_pipeline_with_custom_config" time="0.009" /><testcase classname="tests.unit.test_skybox.TestSkyDetector" name="test_temporal_consistency" time="0.011" /><testcase classname="tests.unit.test_side_by_side.TestConvenienceFunctions" name="test_create_side_by_side_encoder" time="0.005" /><testcase classname="tests.unit.test_skybox.TestIntegration" name="test_edge_cases" time="0.004" /><testcase classname="tests.unit.test_side_by_side.TestConvenienceFunctions" name="test_encode_side_by_side" time="0.005" /><testcase classname="tests.unit.test_skybox.TestSkyDetector" name="test_reset_temporal_state" time="0.005" /><testcase classname="tests.unit.test_skybox.TestIntegration" name="test_different_image_sizes" time="0.026" /><testcase classname="tests.unit.test_side_by_side.TestConvenienceFunctions" name="test_encode_side_by_side_with_options" time="0.004" /><testcase classname="tests.unit.test_top_bottom.TestTopBottomEncoder" name="test_repr" time="0.004" /><testcase classname="tests.unit.test_side_by_side.TestEdgeCases" name="test_very_small_image" time="0.004" /><testcase classname="tests.unit.test_top_bottom.TestTopBottomEncoder" name="test_encode_standard_full_width" time="0.004" /><testcase classname="tests.unit.test_side_by_side.TestEdgeCases" name="test_identical_views" time="0.004" /><testcase classname="tests.unit.test_side_by_side.TestEdgeCases" name="test_extreme_color_values" time="0.003" /><testcase classname="tests.unit.test_top_bottom.TestTopBottomEncoder" name="test_encode_standard_half_width" time="0.005" /><testcase classname="tests.unit.test_side_by_side.TestEdgeCases" name="test_image_too_small_raises_error" time="0.004" /><testcase classname="tests.unit.test_top_bottom.TestTopBottomEncoder" name="test_encode_swapped_full_width" time="0.004" /><testcase classname="tests.unit.test_side_by_side.TestEdgeCases" name="test_odd_width_half_width" time="0.005" /><testcase classname="tests.unit.test_skybox.TestIntegration" name="test_skybox_config_to_dict_full" time="0.002" /><testcase classname="tests.integration.test_api_crash.TestDeleteCrashReport" name="test_delete_report_not_found" time="0.513" /><testcase classname="tests.unit.test_top_bottom.TestTopBottomEncoder" name="test_encode_swapped_half_width" time="0.004" /><testcase classname="tests.unit.test_temporal_smoothing.TestTemporalSmoothingConfig" name="test_default_values" time="0.003" /><testcase classname="tests.unit.test_side_by_side.TestEdgeCases" name="test_left_right_content_preserved" time="0.004" /><testcase classname="tests.unit.test_top_bottom.TestTopBottomEncoder" name="test_encode_standard_layout_places_left_on_top" time="0.004" /><testcase classname="tests.unit.test_temporal_smoothing.TestTemporalSmoothingConfig" name="test_custom_values" time="0.003" /><testcase classname="tests.unit.test_side_by_side.TestIntegration" name="test_import_from_stereo_module" time="0.002" /><testcase classname="tests.unit.test_top_bottom.TestTopBottomEncoder" name="test_encode_swapped_layout_places_right_on_top" time="0.004" /><testcase classname="tests.unit.test_temporal_smoothing.TestTemporalSmoothingConfig" name="test_method_normalization" time="0.003" /><testcase classname="tests.unit.test_side_by_side.TestIntegration" name="test_encoder_with_dibr_generated_views" time="0.004" /><testcase classname="tests.unit.test_temporal_smoothing.TestTemporalSmoothingConfig" name="test_invalid_method" time="0.003" /><testcase classname="tests.unit.test_top_bottom.TestTopBottomEncoder" name="test_encode_override_layout" time="0.004" /><testcase classname="tests.unit.test_side_by_side.TestAdditionalEdgeCases" name="test_rgba_input" time="0.004" /><testcase classname="tests.unit.test_temporal_smoothing.TestTemporalSmoothingConfig" name="test_invalid_smoothing_factor_low" time="0.003" /><testcase classname="tests.unit.test_side_by_side.TestAdditionalEdgeCases" name="test_single_channel_input" time="0.004" /><testcase classname="tests.unit.test_top_bottom.TestTopBottomEncoder" name="test_encode_override_half_width" time="0.005" /><testcase classname="tests.unit.test_temporal_smoothing.TestTemporalSmoothingConfig" name="test_invalid_smoothing_factor_high" time="0.003" /><testcase classname="tests.unit.test_side_by_side.TestAdditionalEdgeCases" name="test_float_input_outside_range" time="0.004" /><testcase classname="tests.unit.test_temporal_smoothing.TestTemporalSmoothingConfig" name="test_invalid_window_size" time="0.003" /><testcase classname="tests.unit.test_top_bottom.TestTopBottomEncoder" name="test_encode_grayscale_input" time="0.004" /><testcase classname="tests.unit.test_side_by_side.TestAdditionalEdgeCases" name="test_large_image" time="0.089" /><testcase classname="tests.unit.test_temporal_smoothing.TestTemporalSmoothingConfig" name="test_invalid_flow_threshold" time="0.003" /><testcase classname="tests.unit.test_top_bottom.TestTopBottomEncoder" name="test_encode_float_input" time="0.004" /><testcase classname="tests.unit.test_temporal_smoothing.TestTemporalSmoothingConfig" name="test_invalid_pyramid_scale" time="0.003" /><testcase classname="tests.unit.test_top_bottom.TestTopBottomEncoder" name="test_encode_dimension_mismatch_raises_error" time="0.005" /><testcase classname="tests.unit.test_temporal_smoothing.TestTemporalSmoother" name="test_initialization_default" time="0.003" /><testcase classname="tests.unit.test_temporal_smoothing.TestTemporalSmoother" name="test_initialization_custom_config" time="0.003" /><testcase classname="tests.unit.test_top_bottom.TestTopBottomEncoder" name="test_encode_standard" time="0.004" /><testcase classname="tests.unit.test_temporal_smoothing.TestTemporalSmoother" name="test_initialization_with_params" time="0.003" /><testcase classname="tests.unit.test_top_bottom.TestTopBottomEncoder" name="test_encode_swapped" time="0.004" /><testcase classname="tests.unit.test_temporal_smoothing.TestTemporalSmoother" name="test_reset" time="0.004" /><testcase classname="tests.unit.test_top_bottom.TestTopBottomEncoder" name="test_encode_half_width" time="0.005" /><testcase classname="tests.unit.test_temporal_smoothing.TestTemporalSmoother" name="test_callable_interface" time="0.004" /><testcase classname="tests.unit.test_top_bottom.TestTopBottomEncoder" name="test_encode_full_width" time="0.004" /><testcase classname="tests.unit.test_temporal_smoothing.TestEMASmoothing" name="test_first_frame_passthrough" time="0.004" /><testcase classname="tests.unit.test_top_bottom.TestConvenienceFunctions" name="test_create_top_bottom_encoder" time="0.003" /><testcase classname="tests.unit.test_temporal_smoothing.TestEMASmoothing" name="test_second_frame_blend" time="0.004" /><testcase classname="tests.unit.test_top_bottom.TestConvenienceFunctions" name="test_encode_top_bottom" time="0.004" /><testcase classname="tests.unit.test_temporal_smoothing.TestEMASmoothing" name="test_smoothing_factor_effect" time="0.004" /><testcase classname="tests.unit.test_top_bottom.TestConvenienceFunctions" name="test_encode_top_bottom_with_options" time="0.004" /><testcase classname="tests.unit.test_temporal_smoothing.TestEMASmoothing" name="test_none_method_passthrough" time="0.004" /><testcase classname="tests.unit.test_top_bottom.TestEdgeCases" name="test_very_small_image" time="0.003" /><testcase classname="tests.unit.test_temporal_smoothing.TestEMASmoothing" name="test_output_clamping" time="0.004" /><testcase classname="tests.unit.test_top_bottom.TestEdgeCases" name="test_identical_views" time="0.004" /><testcase classname="tests.unit.test_temporal_smoothing.TestOpticalFlowSmoothing" name="test_requires_frame" time="0.004" /><testcase classname="tests.unit.test_top_bottom.TestEdgeCases" name="test_extreme_color_values" time="0.004" /><testcase classname="tests.unit.test_temporal_smoothing.TestOpticalFlowSmoothing" name="test_first_frame_passthrough" time="0.005" /><testcase classname="tests.unit.test_top_bottom.TestEdgeCases" name="test_image_too_small_raises_error" time="0.004" /><testcase classname="tests.unit.test_temporal_smoothing.TestOpticalFlowSmoothing" name="test_motion_compensation" time="0.006" /><testcase classname="tests.unit.test_top_bottom.TestEdgeCases" name="test_odd_width_half_width" time="0.004" /><testcase classname="tests.unit.test_top_bottom.TestEdgeCases" name="test_top_bottom_content_preserved" time="0.004" /><testcase classname="tests.unit.test_temporal_smoothing.TestSlidingWindowSmoothing" name="test_first_frame_passthrough" time="0.004" /><testcase classname="tests.unit.test_top_bottom.TestEdgeCases" name="test_none_input_raises_error" time="0.004" /><testcase classname="tests.unit.test_temporal_smoothing.TestSlidingWindowSmoothing" name="test_window_size" time="0.006" /><testcase classname="tests.unit.test_top_bottom.TestEdgeCases" name="test_zero_width_raises_error" time="0.003" /><testcase classname="tests.unit.test_side_by_side.TestAdditionalEdgeCases" name="test_large_image_half_width" time="0.091" /><testcase classname="tests.unit.test_top_bottom.TestIntegration" name="test_import_from_stereo_module" time="0.002" /><testcase classname="tests.unit.test_temporal_smoothing.TestSlidingWindowSmoothing" name="test_weighted_average" time="0.007" /><testcase classname="tests.unit.test_top_bottom.TestIntegration" name="test_encoder_with_dibr_generated_views" time="0.004" /><testcase classname="tests.unit.test_upscaling_config.TestModelType" name="test_model_type_from_string" time="0.002" /><testcase classname="tests.unit.test_temporal_smoothing.TestBatchProcessing" name="test_process_batch" time="0.008" /><testcase classname="tests.unit.test_upscaling_config.TestModelType" name="test_model_type_invalid_string" time="0.002" /><testcase classname="tests.unit.test_upscaling_config.TestGetModelInfo" name="test_get_model_info_valid" time="0.002" /><testcase classname="tests.unit.test_upscaling_config.TestGetModelInfo" name="test_get_model_info_from_string" time="0.002" /><testcase classname="tests.unit.test_temporal_smoothing.TestBatchProcessing" name="test_process_batch_resets_state" time="0.005" /><testcase classname="tests.unit.test_upscaling_config.TestGetModelInfo" name="test_get_model_info_invalid" time="0.002" /><testcase classname="tests.unit.test_upscaling_config.TestGetModelInfo" name="test_model_info_has_required_fields" time="0.002" /><testcase classname="tests.unit.test_temporal_smoothing.TestBatchProcessing" name="test_process_batch_length_mismatch" time="0.006" /><testcase classname="tests.unit.test_upscaling_config.TestGetModelScale" name="test_get_scale_x4plus" time="0.002" /><testcase classname="tests.unit.test_upscaling_config.TestGetModelScale" name="test_get_scale_x2plus" time="0.002" /><testcase classname="tests.unit.test_temporal_smoothing.TestBatchProcessing" name="test_process_batch_empty" time="0.003" /><testcase classname="tests.unit.test_upscaling_config.TestGetModelScale" name="test_get_scale_from_string" time="0.002" /><testcase classname="tests.unit.test_temporal_smoothing.TestConvenienceFunctions" name="test_create_temporal_smoother" time="0.003" /><testcase classname="tests.unit.test_upscaling_config.TestListAvailableModels" name="test_list_models" time="0.002" /><testcase classname="tests.unit.test_upscaling_config.TestGetDefaultModelPath" name="test_default_path" time="0.002" /><testcase classname="tests.unit.test_temporal_smoothing.TestConvenienceFunctions" name="test_smooth_depth_temporal" time="0.007" /><testcase classname="tests.unit.test_upscaling_config.TestGetDefaultModelPath" name="test_custom_path_from_env" time="0.003" /><testcase classname="tests.unit.test_upscaling_config.TestUpscalerConfig" name="test_default_config" time="0.003" /><testcase classname="tests.unit.test_temporal_smoothing.TestErrorHandling" name="test_temporal_smoothing_error" time="0.004" /><testcase classname="tests.unit.test_upscaling_config.TestUpscalerConfig" name="test_config_with_model_type_string" time="0.002" /><testcase classname="tests.unit.test_temporal_smoothing.TestTemporalState" name="test_default_state" time="0.002" /><testcase classname="tests.unit.test_upscaling_config.TestUpscalerConfig" name="test_config_custom_scale" time="0.002" /><testcase classname="tests.unit.test_temporal_smoothing.TestTemporalState" name="test_custom_state" time="0.002" /><testcase classname="tests.unit.test_upscaling_config.TestUpscalerConfig" name="test_config_invalid_scale" time="0.002" /><testcase classname="tests.unit.test_temporal_smoothing.TestTemporalSmoothingMethod" name="test_enum_values" time="0.002" /><testcase classname="tests.unit.test_upscaling_config.TestUpscalerConfig" name="test_config_invalid_denoise_strength" time="0.002" /><testcase classname="tests.unit.test_top_bottom.TestTopBottomLayout" name="test_all_layouts_exist" time="0.002" /><testcase classname="tests.unit.test_upscaling_config.TestUpscalerConfig" name="test_config_invalid_tile_size" time="0.002" /><testcase classname="tests.unit.test_top_bottom.TestTopBottomLayout" name="test_layout_values" time="0.002" /><testcase classname="tests.unit.test_upscaling_config.TestUpscalerConfig" name="test_config_to_dict" time="0.002" /><testcase classname="tests.unit.test_top_bottom.TestTopBottomEncoder" name="test_initialization_default" time="0.004" /><testcase classname="tests.unit.test_upscaling_config.TestUpscalerConfig" name="test_config_from_dict" time="0.002" /><testcase classname="tests.unit.test_top_bottom.TestTopBottomEncoder" name="test_initialization_custom_layout" time="0.005" /><testcase classname="tests.unit.test_upscaling_config.TestUpscalerConfig" name="test_config_model_info_property" time="0.003" /><testcase classname="tests.unit.test_upscaling_esrgan.TestRealESRGANUpscalerPreprocessing" name="test_preprocess_grayscale_image" time="0.004" /><testcase classname="tests.unit.test_upscaling_config.TestUpscalerConfig" name="test_config_effective_scale" time="0.002" /><testcase classname="tests.unit.test_upscaling_config.TestUpscalerConfig" name="test_config_model_path" time="0.003" /><testcase classname="tests.unit.test_upscaling_esrgan.TestRealESRGANUpscalerPreprocessing" name="test_preprocess_float_image" time="0.003" /><testcase classname="tests.unit.test_upscaling_config.TestUpscalerConfig" name="test_config_custom_model_path" time="0.003" /><testcase classname="tests.unit.test_side_by_side.TestAdditionalEdgeCases" name="test_constants_exported" time="0.002" /><testcase classname="tests.unit.test_upscaling_esrgan.TestRealESRGANUpscalerPostprocessing" name="test_postprocess_output" time="0.004" /><testcase classname="tests.unit.test_upscaling_esrgan.TestRealESRGANUpscalerPreprocessing" name="test_preprocess_uint8_image" time="0.003" /><testcase classname="tests.unit.test_side_by_side.TestAdditionalEdgeCases" name="test_different_dtypes_preserved" time="0.004" /><testcase classname="tests.unit.test_upscaling_esrgan.TestRealESRGANUpscalerPostprocessing" name="test_postprocess_clips_values" time="0.003" /><testcase classname="tests.unit.test_upscaling_processor.TestVideoUpscaler" name="test_upscale_frame" time="0.004" /><testcase classname="tests.unit.test_side_by_side.TestAdditionalEdgeCases" name="test_interpolation_quality_half_width" time="0.004" /><testcase classname="tests.unit.test_upscaling_esrgan.TestRealESRGANUpscalerModelLoading" name="test_model_not_found_error" time="0.003" /><testcase classname="tests.unit.test_skybox.TestSkyboxConfig" name="test_default_config" time="0.002" /><testcase classname="tests.unit.test_upscaling_processor.TestVideoUpscaler" name="test_upscale_frame_auto_initialize" time="0.003" /><testcase classname="tests.unit.test_upscaling_esrgan.TestRealESRGANUpscalerModelLoading" name="test_onnxruntime_not_installed" time="0.003" /><testcase classname="tests.unit.test_skybox.TestSkyboxConfig" name="test_invalid_detection_method" time="0.002" /><testcase classname="tests.unit.test_upscaling_processor.TestVideoUpscaler" name="test_upscale_frames" time="0.005" /><testcase classname="tests.unit.test_upscaling_esrgan.TestRealESRGANUpscalerSessionInfo" name="test_get_session_info_not_loaded" time="0.003" /><testcase classname="tests.unit.test_skybox.TestSkyboxConfig" name="test_invalid_min_confidence" time="0.002" /><testcase classname="tests.unit.test_skybox.TestSkyboxConfig" name="test_custom_sub_configs" time="0.002" /><testcase classname="tests.unit.test_upscaling_esrgan.TestRealESRGANUpscalerSessionInfo" name="test_get_session_info_with_session" time="0.007" /><testcase classname="tests.unit.test_upscaling_processor.TestVideoUpscaler" name="test_upscale_frames_with_progress" time="0.003" /><testcase classname="tests.unit.test_top_bottom.TestAdditionalEdgeCases" name="test_rgba_input" time="0.004" /><testcase classname="tests.unit.test_upscaling_processor.TestVideoUpscaler" name="test_upscale_frame_generator" time="0.004" /><testcase classname="tests.unit.test_top_bottom.TestAdditionalEdgeCases" name="test_single_channel_input" time="0.004" /><testcase classname="tests.unit.test_upscaling_esrgan.TestRealESRGANUpscalerCleanup" name="test_cleanup_releases_session" time="0.007" /><testcase classname="tests.unit.test_upscaling_processor.TestVideoUpscaler" name="test_upscale_frame_generator_with_progress" time="0.003" /><testcase classname="tests.unit.test_top_bottom.TestAdditionalEdgeCases" name="test_float_input_outside_range" time="0.003" /><testcase classname="tests.unit.test_upscaling_processor.TestVideoUpscaler" name="test_upscale_frame_generator_empty" time="0.002" /><testcase classname="tests.unit.test_upscaling_esrgan.TestDummyUpscaler" name="test_dummy_upscaler_initialization" time="0.002" /><testcase classname="tests.unit.test_top_bottom.TestAdditionalEdgeCases" name="test_large_image" time="0.084" /><testcase classname="tests.unit.test_upscaling_processor.TestVideoUpscaler" name="test_video_upscaler_cleanup" time="0.163" /><testcase classname="tests.unit.test_upscaling_esrgan.TestDummyUpscaler" name="test_dummy_upscaler_upscale" time="0.003" /><testcase classname="tests.unit.test_upscaling_esrgan.TestDummyUpscaler" name="test_dummy_upscaler_2x_scale" time="0.003" /><testcase classname="tests.unit.test_upscaling_esrgan.TestDummyUpscaler" name="test_dummy_upscaler_grayscale" time="0.003" /><testcase classname="tests.unit.test_upscaling_esrgan.TestCreateUpscaler" name="test_create_upscaler_real" time="0.006" /><testcase classname="tests.unit.test_upscaling_esrgan.TestCreateUpscaler" name="test_create_upscaler_dummy" time="0.002" /><testcase classname="tests.unit.test_upscaling_esrgan.TestCreateUpscaler" name="test_create_upscaler_default" time="0.002" /><testcase classname="tests.unit.test_upscaling_processor.TestVideoUpscaleStats" name="test_default_stats" time="0.002" /><testcase classname="tests.unit.test_upscaling_processor.TestVideoUpscaleStats" name="test_stats_to_dict" time="0.002" /><testcase classname="tests.unit.test_upscaling_processor.TestVideoUpscaleStats" name="test_stats_with_calculated_average" time="0.002" /><testcase classname="tests.unit.test_upscaling_processor.TestVideoUpscaler" name="test_video_upscaler_initialization" time="0.002" /><testcase classname="tests.unit.test_upscaling_processor.TestVideoUpscaler" name="test_video_upscaler_initialize" time="0.002" /><testcase classname="tests.unit.test_upscaling_processor.TestVideoUpscaler" name="test_video_upscaler_double_initialize" time="0.002" /><testcase classname="tests.unit.test_upscaling_processor.TestVideoUpscaler" name="test_video_upscaler_scale_property" time="0.002" /><testcase classname="tests.unit.test_upscaling_processor.TestVideoUpscaler" name="test_video_upscaler_is_initialized_property" time="0.002" /><testcase classname="tests.unit.test_video_denoising.TestDenoiserModelType" name="test_from_string_valid_names" time="0.002" /><testcase classname="tests.unit.test_video_denoising.TestDenoiserModelType" name="test_from_string_invalid_name" time="0.002" /><testcase classname="tests.unit.test_video_denoising.TestDenoiserModelType" name="test_is_enabled" time="0.002" /><testcase classname="tests.unit.test_video_denoising.TestDenoiserModelType" name="test_requires_temporal_context" time="0.002" /><testcase classname="tests.unit.test_video_denoising.TestDenoiserModelType" name="test_from_string_aliases" time="0.002" /><testcase classname="tests.unit.test_video_denoising.TestDenoiserModelType" name="test_basicvsr_model_type" time="0.002" /><testcase classname="tests.unit.test_video_denoising.TestFastDVDNetConfig" name="test_default_values" time="0.002" /><testcase classname="tests.unit.test_video_denoising.TestFastDVDNetConfig" name="test_custom_values" time="0.002" /><testcase classname="tests.unit.test_video_denoising.TestFastDVDNetConfig" name="test_invalid_num_frames" time="0.002" /><testcase classname="tests.unit.test_top_bottom.TestAdditionalEdgeCases" name="test_large_image_half_width" time="0.082" /><testcase classname="tests.unit.test_video_denoising.TestFastDVDNetConfig" name="test_invalid_noise_level" time="0.002" /><testcase classname="tests.unit.test_video_denoising.TestFastDVDNetConfig" name="test_invalid_noise_level_mode" time="0.002" /><testcase classname="tests.unit.test_video_denoising.TestFastDVDNetConfig" name="test_path_conversion" time="0.002" /><testcase classname="tests.unit.test_video_denoising.TestFastDVDNetConfig" name="test_even_num_frames_warning" time="0.002" /><testcase classname="tests.unit.test_video_denoising.TestBasicVSRPlusPlusConfig" name="test_default_values" time="0.002" /><testcase classname="tests.unit.test_video_denoising.TestBasicVSRPlusPlusConfig" name="test_custom_values" time="0.002" /><testcase classname="tests.unit.test_video_denoising.TestBasicVSRPlusPlusConfig" name="test_invalid_num_frames" time="0.002" /><testcase classname="tests.unit.test_video_denoising.TestBasicVSRPlusPlusConfig" name="test_invalid_scale" time="0.002" /><testcase classname="tests.unit.test_video_denoising.TestBasicVSRPlusPlusConfig" name="test_path_conversion" time="0.002" /><testcase classname="tests.unit.test_video_denoising.TestVideoDenoiserConfig" name="test_default_values" time="0.002" /><testcase classname="tests.unit.test_video_denoising.TestVideoDenoiserConfig" name="test_from_string_model_type" time="0.002" /><testcase classname="tests.unit.test_video_denoising.TestVideoDenoiserConfig" name="test_effective_model_when_disabled" time="0.002" /><testcase classname="tests.unit.test_video_denoising.TestVideoDenoiserSelector" name="test_switch_model" time="0.002" /><testcase classname="tests.unit.test_video_denoising.TestVideoDenoiserSelector" name="test_switch_model_from_string" time="0.002" /><testcase classname="tests.unit.test_video_denoising.TestVideoDenoiserSelector" name="test_get_available_models_initially_empty" time="0.002" /><testcase classname="tests.unit.test_video_denoising.TestVideoDenoiserSelector" name="test_close_releases_resources" time="0.003" /><testcase classname="tests.unit.test_video_denoising.TestVideoDenoiserSelector" name="test_denoise_frame_single" time="0.002" /><testcase classname="tests.unit.test_video_denoising.TestVideoDenoiserSelector" name="test_denoise_frame_with_context" time="0.003" /><testcase classname="tests.unit.test_video_denoising.TestVideoDenoiserSelector" name="test_active_model_property" time="0.002" /><testcase classname="tests.unit.test_video_denoising.TestVideoDenoiserSelector" name="test_preload_models_none_skipped" time="0.002" /><testcase classname="tests.unit.test_video_denoising.TestExceptions" name="test_video_denoising_error" time="0.003" /><testcase classname="tests.unit.test_video_denoising.TestExceptions" name="test_model_load_error" time="0.002" /><testcase classname="tests.unit.test_upscaling_processor.TestVideoUpscaler" name="test_video_upscaler_context_manager" time="0.154" /><testcase classname="tests.unit.test_video_denoising.TestExceptions" name="test_inference_error" time="0.002" /><testcase classname="tests.unit.test_top_bottom.TestAdditionalEdgeCases" name="test_constants_exported" time="0.002" /><testcase classname="tests.unit.test_video_denoising.TestExceptions" name="test_inference_error_with_attempted_models" time="0.002" /><testcase classname="tests.unit.test_top_bottom.TestAdditionalEdgeCases" name="test_different_dtypes_preserved" time="0.004" /><testcase classname="tests.unit.test_video_denoising.TestExceptions" name="test_inference_error_with_original_exceptions" time="0.002" /><testcase classname="tests.unit.test_video_denoising.TestExceptions" name="test_frame_buffer_error" time="0.002" /><testcase classname="tests.unit.test_top_bottom.TestAdditionalEdgeCases" name="test_interpolation_quality_half_width" time="0.003" /><testcase classname="tests.unit.test_video_denoising.TestExceptions" name="test_frame_buffer_error_defaults" time="0.002" /><testcase classname="tests.unit.test_upscaling_base.TestUpscaleResult" name="test_default_result" time="0.002" /><testcase classname="tests.unit.test_video_denoising.TestExceptions" name="test_unsupported_model_error" time="0.002" /><testcase classname="tests.unit.test_upscaling_base.TestUpscaleResult" name="test_result_to_dict" time="0.002" /><testcase classname="tests.unit.test_video_denoising.TestExceptions" name="test_pretrained_model_error" time="0.002" /><testcase classname="tests.unit.test_upscaling_base.TestUpscaleResult" name="test_failed_result" time="0.002" /><testcase classname="tests.unit.test_video_denoising.TestConvenienceFunctions" name="test_create_video_denoiser" time="0.002" /><testcase classname="tests.unit.test_upscaling_base.TestUpscalerExceptions" name="test_upscaler_error" time="0.002" /><testcase classname="tests.unit.test_video_denoising.TestConvenienceFunctions" name="test_denoise_frames_auto" time="0.002" /><testcase classname="tests.unit.test_upscaling_base.TestUpscalerExceptions" name="test_model_not_found_error" time="0.003" /><testcase classname="tests.unit.test_video_denoising.TestConvenienceFunctions" name="test_create_video_denoiser_with_device" time="0.002" /><testcase classname="tests.unit.test_upscaling_base.TestUpscalerExceptions" name="test_model_load_error" time="0.003" /><testcase classname="tests.unit.test_video_input.TestVideoMetadata" name="test_metadata_creation" time="0.002" /><testcase classname="tests.unit.test_upscaling_base.TestUpscalerExceptions" name="test_inference_error" time="0.002" /><testcase classname="tests.unit.test_video_input.TestVideoMetadata" name="test_resolution_property" time="0.002" /><testcase classname="tests.unit.test_upscaling_base.TestBaseUpscaler" name="test_upscaler_initialization" time="0.002" /><testcase classname="tests.unit.test_video_input.TestVideoMetadata" name="test_aspect_ratio" time="0.002" /><testcase classname="tests.unit.test_upscaling_base.TestBaseUpscaler" name="test_upscaler_upscale_simple" time="0.002" /><testcase classname="tests.unit.test_video_input.TestVideoMetadata" name="test_aspect_ratio_zero_height" time="0.002" /><testcase classname="tests.unit.test_upscaling_base.TestBaseUpscaler" name="test_upscaler_upscale_with_info" time="0.002" /><testcase classname="tests.unit.test_video_input.TestVideoMetadata" name="test_duration_formatted" time="0.002" /><testcase classname="tests.unit.test_upscaling_base.TestBaseUpscaler" name="test_upscaler_grayscale_input" time="0.002" /><testcase classname="tests.unit.test_video_input.TestVideoMetadata" name="test_duration_formatted_with_hours" time="0.002" /><testcase classname="tests.unit.test_upscaling_base.TestBaseUpscaler" name="test_upscaler_with_tiling" time="0.003" /><testcase classname="tests.unit.test_video_input.TestVideoMetadata" name="test_file_size_mb" time="0.002" /><testcase classname="tests.unit.test_video_input.TestVideoMetadata" name="test_is_4k" time="0.002" /><testcase classname="tests.unit.test_upscaling_base.TestBaseUpscaler" name="test_upscaler_batch_processing" time="0.002" /><testcase classname="tests.unit.test_video_input.TestVideoMetadata" name="test_is_hd" time="0.002" /><testcase classname="tests.unit.test_upscaling_base.TestBaseUpscaler" name="test_upscaler_batch_with_progress" time="0.002" /><testcase classname="tests.unit.test_video_input.TestVideoMetadata" name="test_is_full_hd" time="0.002" /><testcase classname="tests.unit.test_upscaling_base.TestBaseUpscaler" name="test_upscaler_model_not_loaded" time="0.002" /><testcase classname="tests.unit.test_video_input.TestVideoMetadata" name="test_str_representation" time="0.002" /><testcase classname="tests.unit.test_upscaling_base.TestBaseUpscaler" name="test_upscaler_invalid_input" time="0.002" /><testcase classname="tests.unit.test_video_input.TestVideoMetadata" name="test_to_dict" time="0.002" /><testcase classname="tests.unit.test_upscaling_base.TestBaseUpscaler" name="test_upscaler_inference_failure" time="0.003" /><testcase classname="tests.unit.test_video_input.TestVideoExceptions" name="test_video_error_basic" time="0.002" /><testcase classname="tests.unit.test_video_input.TestVideoExceptions" name="test_video_error_with_path" time="0.002" /><testcase classname="tests.unit.test_upscaling_base.TestBaseUpscaler" name="test_upscaler_repr" time="0.002" /><testcase classname="tests.unit.test_video_input.TestVideoExceptions" name="test_video_file_not_found_error" time="0.002" /><testcase classname="tests.unit.test_upscaling_config.TestModelType" name="test_model_type_values" time="0.002" /><testcase classname="tests.unit.test_video_input.TestVideoMetadataWithAudio" name="test_str_with_audio" time="0.002" /><testcase classname="tests.unit.test_video_input.TestVideoExceptions" name="test_video_format_not_supported_error" time="0.002" /><testcase classname="tests.unit.test_video_input.TestEdgeCases" name="test_zero_fps_handling" time="0.002" /><testcase classname="tests.unit.test_video_input.TestVideoExceptions" name="test_video_corrupted_error" time="0.002" /><testcase classname="tests.unit.test_video_input.TestEdgeCases" name="test_validation_errors_list" time="0.002" /><testcase classname="tests.integration.test_api_crash.TestClearAllCrashReports" name="test_clear_all_reports" time="0.512" /><testcase classname="tests.unit.test_video_input.TestVideoExceptions" name="test_video_codec_not_supported_error" time="0.002" /><testcase classname="tests.unit.test_video_writer.TestVideoCodec" name="test_video_codec_values" time="0.002" /><testcase classname="tests.unit.test_video_input.TestVideoExceptions" name="test_video_validation_error" time="0.002" /><testcase classname="tests.unit.test_video_writer.TestPreset" name="test_preset_values" time="0.002" /><testcase classname="tests.unit.test_video_input.TestVideoInputHandler" name="test_handler_creation" time="0.002" /><testcase classname="tests.unit.test_video_writer.TestPixelFormat" name="test_pixel_format_values" time="0.002" /><testcase classname="tests.unit.test_video_input.TestVideoInputHandler" name="test_handler_with_custom_config" time="0.002" /><testcase classname="tests.unit.test_video_writer.TestVideoWriterConfig" name="test_default_config" time="0.003" /><testcase classname="tests.unit.test_video_input.TestVideoInputHandler" name="test_validate_file_exists_missing" time="0.003" /><testcase classname="tests.unit.test_video_writer.TestVideoWriterConfig" name="test_custom_config" time="0.002" /><testcase classname="tests.unit.test_video_input.TestVideoInputHandler" name="test_validate_file_exists" time="0.003" /><testcase classname="tests.unit.test_video_writer.TestVideoWriterConfig" name="test_invalid_crf_for_h264" time="0.002" /><testcase classname="tests.unit.test_video_input.TestVideoInputHandler" name="test_validate_format_unsupported" time="0.003" /><testcase classname="tests.unit.test_video_writer.TestVideoWriterConfig" name="test_invalid_crf_for_h265" time="0.002" /><testcase classname="tests.unit.test_video_input.TestVideoInputHandler" name="test_validate_format_supported" time="0.003" /><testcase classname="tests.unit.test_video_writer.TestVideoWriterConfig" name="test_invalid_crf_for_vp9" time="0.002" /><testcase classname="tests.unit.test_video_writer.TestVideoWriterConfig" name="test_invalid_preset" time="0.002" /><testcase classname="tests.unit.test_video_input.TestVideoInputHandler" name="test_validate_format_no_extension" time="0.004" /><testcase classname="tests.unit.test_video_writer.TestVideoWriterConfig" name="test_get_file_extension" time="0.002" /><testcase classname="tests.unit.test_video_input.TestVideoInputHandler" name="test_is_codec_supported" time="0.002" /><testcase classname="tests.unit.test_video_writer.TestVideoWriterConfig" name="test_bitrate_instead_of_crf" time="0.002" /><testcase classname="tests.unit.test_video_writer.TestWriterStats" name="test_default_stats" time="0.002" /><testcase classname="tests.unit.test_video_input.TestVideoInputHandler" name="test_context_manager" time="0.006" /><testcase classname="tests.unit.test_video_writer.TestWriterStats" name="test_to_dict" time="0.002" /><testcase classname="tests.unit.test_video_input.TestValidateVideoFunction" name="test_validate_video_missing_file" time="0.004" /><testcase classname="tests.unit.test_video_writer.TestVideoOutputWriter" name="test_initialization" time="0.004" /><testcase classname="tests.unit.test_video_input.TestValidateVideoFunction" name="test_validate_video_unsupported_format" time="0.004" /><testcase classname="tests.unit.test_video_writer.TestVideoOutputWriter" name="test_invalid_dimensions" time="0.004" /><testcase classname="tests.unit.test_video_input.TestVideoMetadataWithAudio" name="test_metadata_with_audio" time="0.002" /><testcase classname="tests.unit.test_video_writer.TestVideoOutputWriter" name="test_invalid_fps" time="0.004" /><testcase classname="tests.unit.test_video_writer.TestCreateVideoWriter" name="test_create_video_writer_default" time="0.003" /><testcase classname="tests.unit.test_upscaling_processor.TestUpscaleFramesFunction" name="test_upscale_frames_default_config" time="0.004" /><testcase classname="tests.unit.test_video_writer.TestVideoOutputWriter" name="test_ffmpeg_not_available" time="0.004" /><testcase classname="tests.unit.test_video_writer.TestCreateVideoWriter" name="test_create_video_writer_custom" time="0.003" /><testcase classname="tests.unit.test_upscaling_processor.TestUpscaleFramesFunction" name="test_upscale_frames_custom_config" time="0.004" /><testcase classname="tests.unit.test_video_writer.TestExceptions" name="test_video_write_error" time="0.003" /><testcase classname="tests.unit.test_video_writer.TestVideoOutputWriter" name="test_context_manager" time="0.009" /><testcase classname="tests.unit.test_video_writer.TestExceptions" name="test_ffmpeg_process_error" time="0.003" /><testcase classname="tests.unit.test_upscaling_processor.TestUpscaleVideoFunction" name="test_upscale_video_default_config" time="0.005" /><testcase classname="tests.unit.test_video_writer.TestExceptions" name="test_ffmpeg_process_error_truncates_long_output" time="0.004" /><testcase classname="tests.unit.test_video_writer.TestVideoOutputWriter" name="test_write_frame" time="0.010" /><testcase classname="tests.unit.test_upscaling_processor.TestUpscaleVideoFunction" name="test_upscale_video_custom_config" time="0.004" /><testcase classname="tests.unit.test_video_writer.TestExceptions" name="test_audio_processing_error" time="0.002" /><testcase classname="tests.unit.test_video_writer.TestExceptions" name="test_invalid_video_dimensions_error" time="0.002" /><testcase classname="tests.unit.test_upscaling_processor.TestUpscaleVideoFunction" name="test_upscale_video_with_progress" time="0.004" /><testcase classname="tests.unit.test_video_writer.TestVideoOutputWriter" name="test_write_frame_wrong_dimensions" time="0.009" /><testcase classname="tests.unit.test_upscaling_processor.TestVideoUpscalerErrorHandling" name="test_upscale_frame_not_initialized_error" time="0.002" /><testcase classname="tests.unit.test_video_writer.TestProgressCallback" name="test_write_frame_with_callback" time="0.011" /><testcase classname="tests.unit.test_upscaling_processor.TestVideoUpscalerErrorHandling" name="test_upscale_frames_not_initialized_error" time="0.002" /><testcase classname="tests.unit.test_upscaling_processor.TestVideoUpscalerErrorHandling" name="test_upscale_generator_not_initialized_error" time="0.002" /><testcase classname="tests.unit.test_upscaling_processor.TestVideoUpscalerMemoryManagement" name="test_periodic_gc_during_batch" time="0.027" /><testcase classname="tests.unit.test_video_writer.TestProgressCallback" name="test_callback_values_increments" time="0.010" /><testcase classname="tests.unit.test_video_writer.TestVideoOutputWriter" name="test_write_frames_list" time="0.025" /><testcase classname="tests.unit.test_video_writer.TestProgressCallback" name="test_write_without_callback" time="0.009" /><testcase classname="tests.unit.test_video_writer.TestVideoOutputWriter" name="test_write_frames_array" time="0.026" /><testcase classname="tests.unit.test_upscaling_processor.TestVideoUpscalerMemoryManagement" name="test_periodic_gc_during_generator" time="0.026" /><testcase classname="tests.unit.test_video_writer.TestProgressCallback" name="test_callback_with_write_frames_list" time="0.023" /><testcase classname="tests.unit.test_web_exceptions.TestAPIError" name="test_default_values" time="0.002" /><testcase classname="tests.unit.test_web_exceptions.TestAPIError" name="test_custom_values" time="0.002" /><testcase classname="tests.unit.test_video_writer.TestVideoOutputWriter" name="test_ffmpeg_process_failure" time="0.007" /><testcase classname="tests.unit.test_web_exceptions.TestJobNotRetryableError" name="test_custom_reason" time="0.002" /><testcase classname="tests.unit.test_upscaling_processor.TestVideoUpscalerMemoryManagement" name="test_cleanup_calls_gc" time="0.003" /><testcase classname="tests.unit.test_web_exceptions.TestJobNotCancellableError" name="test_default_values" time="0.002" /><testcase classname="tests.unit.test_web_exceptions.TestProcessingError" name="test_default_values" time="0.002" /><testcase classname="tests.unit.test_video_denoising.TestNoiseLevelMode" name="test_mode_values" time="0.002" /><testcase classname="tests.unit.test_web_exceptions.TestProcessingError" name="test_with_job_and_stage" time="0.002" /><testcase classname="tests.unit.test_video_denoising.TestNoiseLevelMode" name="test_mode_count" time="0.002" /><testcase classname="tests.unit.test_video_writer.TestVideoOutputWriter" name="test_broken_pipe_handling" time="0.009" /><testcase classname="tests.unit.test_web_exceptions.TestRateLimitExceededError" name="test_default_values" time="0.002" /><testcase classname="tests.unit.test_video_denoising.TestVideoDenoiserConfig" name="test_effective_model_when_enabled" time="0.002" /><testcase classname="tests.unit.test_web_exceptions.TestRateLimitExceededError" name="test_with_retry_after" time="0.002" /><testcase classname="tests.unit.test_video_denoising.TestVideoDenoiserConfig" name="test_invalid_output_dtype" time="0.002" /><testcase classname="tests.unit.test_web_exceptions.TestRateLimitExceededError" name="test_custom_message" time="0.002" /><testcase classname="tests.unit.test_video_writer.TestVideoOutputWriter" name="test_get_stats" time="0.003" /><testcase classname="tests.unit.test_video_denoising.TestVideoDenoiserConfig" name="test_valid_output_dtypes" time="0.002" /><testcase classname="tests.unit.test_web_exceptions.TestRateLimitExceededError" name="test_429_status_code" time="0.002" /><testcase classname="tests.unit.test_video_writer.TestVideoOutputWriter" name="test_properties" time="0.003" /><testcase classname="tests.unit.test_video_denoising.TestVideoDenoiserConfig" name="test_cache_dir_path_conversion" time="0.002" /><testcase classname="tests.unit.test_web_exceptions.TestAPIError" name="test_inherits_from_exception" time="0.002" /><testcase classname="tests.unit.test_video_denoising.TestVideoDenoiserConfig" name="test_fallback_chain_from_strings" time="0.002" /><testcase classname="tests.unit.test_web_exceptions.TestFileNotFoundError" name="test_default_values" time="0.002" /><testcase classname="tests.unit.test_video_denoising.TestVideoDenoisingPipelineConfig" name="test_default_values" time="0.002" /><testcase classname="tests.unit.test_web_exceptions.TestExceptionHandlers" name="test_api_error_handler" time="0.012" /><testcase classname="tests.unit.test_web_exceptions.TestFileNotFoundError" name="test_custom_message" time="0.002" /><testcase classname="tests.unit.test_video_denoising.TestVideoDenoisingPipelineConfig" name="test_custom_values" time="0.002" /><testcase classname="tests.unit.test_web_exceptions.TestJobNotFoundError" name="test_default_values" time="0.002" /><testcase classname="tests.unit.test_video_denoising.TestVideoDenoisingPipelineConfig" name="test_invalid_buffer_size" time="0.002" /><testcase classname="tests.unit.test_web_exceptions.TestValidationError" name="test_default_values" time="0.002" /><testcase classname="tests.unit.test_video_denoising.TestVideoDenoisingPipelineConfig" name="test_invalid_overlap" time="0.002" /><testcase classname="tests.unit.test_web_exceptions.TestExceptionHandlers" name="test_file_not_found_handler" time="0.007" /><testcase classname="tests.unit.test_web_exceptions.TestValidationError" name="test_with_field_and_value" time="0.002" /><testcase classname="tests.unit.test_video_denoising.TestConstants" name="test_uint8_max_value" time="0.002" /><testcase classname="tests.unit.test_web_exceptions.TestFileUploadError" name="test_default_values" time="0.002" /><testcase classname="tests.unit.test_video_denoising.TestFastDVDNetModel" name="test_model_creation" time="0.007" /><testcase classname="tests.unit.test_web_exceptions.TestFileUploadError" name="test_with_details" time="0.002" /><testcase classname="tests.unit.test_web_exceptions.TestExceptionHandlers" name="test_http_exception_handler" time="0.007" /><testcase classname="tests.unit.test_web_exceptions.TestFileSizeExceededError" name="test_calculates_detail" time="0.002" /><testcase classname="tests.unit.test_web_exceptions.TestUnsupportedFormatError" name="test_calculates_detail" time="0.002" /><testcase classname="tests.unit.test_video_denoising.TestFastDVDNetModel" name="test_forward_pass_shape" time="0.013" /><testcase classname="tests.unit.test_web_exceptions.TestExceptionHandlers" name="test_generic_exception_handler" time="0.010" /><testcase classname="tests.unit.test_web_exceptions.TestQueueNotRunningError" name="test_default_values" time="0.002" /><testcase classname="tests.unit.test_web_exceptions.TestJobNotRetryableError" name="test_default_values" time="0.002" /><testcase classname="tests.unit.test_web_exceptions.TestExceptionChaining" name="test_all_exceptions_inherit_from_api_error" time="0.002" /><testcase classname="tests.unit.test_web_rate_limit.TestCreateLimiter" name="test_uses_correct_rate_limit_settings" time="0.004" /><testcase classname="tests.unit.test_web_exceptions.TestExceptionChaining" name="test_file_not_found_vs_builtin" time="0.002" /><testcase classname="tests.unit.test_web_rate_limit.TestCreateLimiter" name="test_returns_none_when_slowapi_not_available" time="0.004" /><testcase classname="tests.unit.test_video_denoising.TestBasicVSRPlusPlusModel" name="test_model_creation" time="0.031" /><testcase classname="tests.unit.test_web_rate_limit.TestGetClientIp" name="test_returns_direct_ip_when_no_headers" time="0.003" /><testcase classname="tests.unit.test_web_rate_limit.TestRateLimitExceededHandler" name="test_returns_json_response_with_429_status" time="0.004" /><testcase classname="tests.unit.test_web_rate_limit.TestGetClientIp" name="test_extracts_ip_from_x_forwarded_for" time="0.002" /><testcase classname="tests.unit.test_web_rate_limit.TestGetClientIp" name="test_extracts_ip_from_x_forwarded_for_single" time="0.002" /><testcase classname="tests.unit.test_web_rate_limit.TestRateLimitExceededHandler" name="test_includes_error_type_in_response" time="0.004" /><testcase classname="tests.unit.test_web_rate_limit.TestGetClientIp" name="test_extracts_ip_from_x_real_ip" time="0.002" /><testcase classname="tests.unit.test_web_rate_limit.TestRateLimitExceededHandler" name="test_includes_limit_in_detail" time="0.004" /><testcase classname="tests.unit.test_web_rate_limit.TestGetClientIp" name="test_x_forwarded_for_takes_precedence_over_x_real_ip" time="0.002" /><testcase classname="tests.unit.test_web_rate_limit.TestRateLimitExceededHandler" name="test_includes_retry_after_from_headers" time="0.004" /><testcase classname="tests.unit.test_web_rate_limit.TestGetClientIp" name="test_strips_whitespace_from_headers" time="0.002" /><testcase classname="tests.unit.test_web_rate_limit.TestGetClientIp" name="test_handles_empty_x_forwarded_for" time="0.003" /><testcase classname="tests.unit.test_web_rate_limit.TestRateLimitExceededHandler" name="test_handles_missing_retry_after_header" time="0.004" /><testcase classname="tests.unit.test_web_rate_limit.TestCreateLimiter" name="test_returns_none_when_disabled" time="0.004" /><testcase classname="tests.unit.test_video_denoising.TestBasicVSRPlusPlusModel" name="test_forward_pass_shape" time="0.036" /><testcase classname="tests.unit.test_web_rate_limit.TestRateLimitExceededHandler" name="test_preserves_rate_limit_headers_in_response" time="0.004" /><testcase classname="tests.unit.test_web_rate_limit.TestCreateLimiter" name="test_creates_limiter_when_enabled" time="0.005" /><testcase classname="tests.unit.test_web_rate_limit.TestSetupRateLimiting" name="test_sets_limiter_on_app_state" time="0.003" /><testcase classname="tests.unit.test_web_rate_limit.TestSetupRateLimiting" name="test_returns_none_when_limiter_creation_fails" time="0.002" /><testcase classname="tests.unit.test_web_schemas.TestJobConfigRequest" name="test_crf_validation_max" time="0.005" /><testcase classname="tests.unit.test_web_rate_limit.TestRateLimitIntegration" name="test_rate_limit_response_format" time="0.031" /><testcase classname="tests.unit.test_web_schemas.TestJobConfigRequest" name="test_crf_validation_below_min" time="0.002" /><testcase classname="tests.unit.test_web_schemas.TestJobConfigRequest" name="test_crf_validation_above_max" time="0.002" /><testcase classname="tests.unit.test_web_schemas.TestJobConfigRequest" name="test_model_config_example" time="0.003" /><testcase classname="tests.unit.test_web_schemas.TestSubmitJobRequest" name="test_required_fields" time="0.002" /><testcase classname="tests.unit.test_web_schemas.TestSubmitJobRequest" name="test_default_values" time="0.002" /><testcase classname="tests.unit.test_video_denoising.TestVideoDenoiserSelector" name="test_selector_creation_default" time="0.003" /><testcase classname="tests.unit.test_web_schemas.TestSubmitJobRequest" name="test_custom_values" time="0.002" /><testcase classname="tests.unit.test_video_denoising.TestVideoDenoiserSelector" name="test_selector_creation_with_config" time="0.002" /><testcase classname="tests.unit.test_web_schemas.TestSubmitJobRequest" name="test_output_filename_sanitization_slash" time="0.002" /><testcase classname="tests.unit.test_web_rate_limit.TestWhitelist" name="test_whitelisted_ip_bypasses_rate_limit" time="0.004" /><testcase classname="tests.unit.test_video_denoising.TestVideoDenoiserSelector" name="test_denoise_frames_disabled" time="0.004" /><testcase classname="tests.unit.test_web_schemas.TestSubmitJobRequest" name="test_output_filename_sanitization_backslash" time="0.002" /><testcase classname="tests.unit.test_web_schemas.TestEnums" name="test_job_status_values" time="0.002" /><testcase classname="tests.unit.test_web_schemas.TestSubmitJobRequest" name="test_empty_file_id_rejected" time="0.002" /><testcase classname="tests.unit.test_video_denoising.TestVideoDenoiserSelector" name="test_denoise_frames_empty_input" time="0.002" /><testcase classname="tests.unit.test_web_schemas.TestEnums" name="test_job_priority_values" time="0.002" /><testcase classname="tests.unit.test_web_schemas.TestSubmitBatchRequest" name="test_required_fields" time="0.002" /><testcase classname="tests.unit.test_video_denoising.TestVideoDenoiserSelector" name="test_context_manager" time="0.002" /><testcase classname="tests.unit.test_web_schemas.TestEnums" name="test_stereo_format_values" time="0.002" /><testcase classname="tests.unit.test_web_schemas.TestSubmitBatchRequest" name="test_empty_list_rejected" time="0.002" /><testcase classname="tests.unit.test_web_rate_limit.TestSetupRateLimiting" name="test_adds_exception_handler" time="0.004" /><testcase classname="tests.unit.test_web_schemas.TestEnums" name="test_depth_model_values" time="0.002" /><testcase classname="tests.unit.test_web_schemas.TestSubmitBatchRequest" name="test_valid_list" time="0.003" /><testcase classname="tests.unit.test_web_schemas.TestJobConfigRequest" name="test_default_values" time="0.004" /><testcase classname="tests.unit.test_web_rate_limit.TestGetLimiter" name="test_returns_limiter_from_app_state" time="0.003" /><testcase classname="tests.unit.test_web_schemas.TestResponseModels" name="test_upload_response" time="0.002" /><testcase classname="tests.unit.test_web_rate_limit.TestGetLimiter" name="test_returns_none_when_limiter_not_set" time="0.002" /><testcase classname="tests.unit.test_web_schemas.TestResponseModels" name="test_job_result_response" time="0.002" /><testcase classname="tests.unit.test_web_schemas.TestJobConfigRequest" name="test_custom_values" time="0.002" /><testcase classname="tests.unit.test_web_rate_limit.TestLimitDecorators" name="test_limit_upload_returns_noop_when_no_limiter" time="0.004" /><testcase classname="tests.unit.test_web_schemas.TestResponseModels" name="test_job_result_response_failure" time="0.002" /><testcase classname="tests.unit.test_web_schemas.TestJobConfigRequest" name="test_crf_validation_min" time="0.002" /><testcase classname="tests.unit.test_web_schemas.TestResponseModels" name="test_download_info_response" time="0.002" /><testcase classname="tests.unit.test_web_schemas.TestResponseModels" name="test_job_response" time="0.002" /><testcase classname="tests.unit.test_web_rate_limit.TestLimitDecorators" name="test_limit_api_returns_noop_when_no_limiter" time="0.003" /><testcase classname="tests.unit.test_web_schemas.TestResponseModels" name="test_error_response" time="0.002" /><testcase classname="tests.unit.test_web_schemas.TestResponseModels" name="test_job_response_progress_validation" time="0.002" /><testcase classname="tests.unit.test_web_schemas.TestResponseModels" name="test_health_check_response" time="0.002" /><testcase classname="tests.unit.test_web_rate_limit.TestLimitDecorators" name="test_limit_upload_uses_upload_rate" time="0.004" /><testcase classname="tests.unit.test_web_schemas.TestResponseModels" name="test_job_response_progress_clamp_high" time="0.002" /><testcase classname="tests.unit.test_web_schemas.TestResponseModels" name="test_api_info_response" time="0.002" /><testcase classname="tests.unit.test_web_schemas.TestResponseModels" name="test_job_list_response" time="0.002" /><testcase classname="tests.unit.test_web_rate_limit.TestLimitDecorators" name="test_limit_api_uses_combined_limits" time="0.004" /><testcase classname="tests.unit.test_web_schemas.TestResponseModels" name="test_submit_job_response" time="0.002" /><testcase classname="tests.unit.test_web_schemas.TestQueueStatsResponse" name="test_default_values" time="0.002" /><testcase classname="tests.unit.test_web_schemas.TestResponseModels" name="test_cancel_job_response" time="0.002" /><testcase classname="tests.unit.test_web_schemas.TestQueueStatsResponse" name="test_custom_values" time="0.003" /><testcase classname="tests.unit.test_web_schemas.TestResponseModels" name="test_retry_job_response" time="0.002" /><testcase classname="tests.unit.test_web_schemas.TestModelSerialization" name="test_job_config_request_json" time="0.002" /><testcase classname="tests.unit.test_web_rate_limit.TestRateLimitIntegration" name="test_successful_request_returns_200" time="0.010" /><testcase classname="tests.unit.test_web_schemas.TestSchedulerFields" name="test_job_response_scheduled_at" time="0.002" /><testcase classname="tests.unit.test_web_schemas.TestModelSerialization" name="test_submit_job_request_json" time="0.002" /><testcase classname="tests.unit.test_web_schemas.TestSchedulerFields" name="test_job_response_depends_on" time="0.002" /><testcase classname="tests.unit.test_web_schemas.TestModelSerialization" name="test_job_response_json" time="0.002" /><testcase classname="tests.unit.test_web_schemas.TestSchedulerFields" name="test_job_response_dependent_jobs" time="0.002" /><testcase classname="tests.unit.test_web_schemas.TestSchedulerFields" name="test_submit_job_request_scheduled_at" time="0.002" /><testcase classname="tests.unit.test_web_rate_limit.TestRateLimitIntegration" name="test_rate_limit_headers_present" time="0.008" /><testcase classname="tests.unit.test_web_schemas.TestSchedulerFields" name="test_job_response_scheduler_defaults" time="0.002" /><testcase classname="tests.unit.test_web_schemas.TestSchedulerFields" name="test_submit_job_request_scheduled_at_none" time="0.002" /><testcase classname="tests.unit.test_web_schemas.TestSchedulerFields" name="test_job_response_scheduler_json" time="0.002" /><testcase classname="tests.unit.test_web_schemas.TestSchedulerFields" name="test_submit_job_request_depends_on" time="0.002" /><testcase classname="tests.unit.test_web_schemas.TestDepthFocusRequest" name="test_default_values" time="0.002" /><testcase classname="tests.unit.test_web_schemas.TestSchedulerFields" name="test_submit_job_request_depends_on_none" time="0.002" /><testcase classname="tests.unit.test_web_rate_limit.TestRateLimitIntegration" name="test_rate_limit_triggered_after_exceeding_limit" time="0.025" /><testcase classname="tests.unit.test_web_schemas.TestDepthFocusRequest" name="test_focus_range_validation_max" time="0.002" /><testcase classname="tests.unit.test_web_schemas.TestSchedulerFields" name="test_submit_job_request_scheduler_json" time="0.002" /><testcase classname="tests.unit.test_web_schemas.TestDepthFocusRequest" name="test_focus_range_validation_below_min" time="0.002" /><testcase classname="tests.unit.test_web_schemas.TestJobConfigRequestDepthFocus" name="test_depth_focus_default_none" time="0.002" /><testcase classname="tests.unit.test_web_schemas.TestDepthFocusRequest" name="test_focus_range_validation_above_max" time="0.002" /><testcase classname="tests.unit.test_web_schemas.TestJobConfigRequestDepthFocus" name="test_depth_focus_with_value" time="0.003" /><testcase classname="tests.unit.test_web_schemas.TestDepthFocusRequest" name="test_model_config_example" time="0.002" /><testcase classname="tests.unit.test_web_schemas.TestJobConfigRequestDepthFocus" name="test_depth_focus_serialization" time="0.002" /><testcase classname="tests.unit.test_web_schemas.TestDepthFocusRequest" name="test_json_serialization" time="0.002" /><testcase classname="tests.unit.test_web_schemas.TestDepthCurveRequest" name="test_default_values" time="0.002" /><testcase classname="tests.unit.test_web_schemas.TestDepthCurveRequest" name="test_control_point_validation" time="0.002" /><testcase classname="tests.unit.test_web_schemas.TestDepthCurveRequest" name="test_custom_values" time="0.002" /><testcase classname="tests.unit.test_web_schemas.TestDepthCurveRequest" name="test_control_point_x_validation_below_min" time="0.002" /><testcase classname="tests.unit.test_web_schemas.TestDepthCurveRequest" name="test_json_serialization" time="0.002" /><testcase classname="tests.unit.test_web_schemas.TestDepthFocusRequest" name="test_custom_values" time="0.002" /><testcase classname="tests.unit.test_web_schemas.TestDepthCurveRequest" name="test_control_point_x_validation_above_max" time="0.002" /><testcase classname="tests.unit.test_web_utils.TestSupportedContentTypes" name="test_supported_extensions_not_empty" time="0.002" /><testcase classname="tests.unit.test_web_schemas.TestDepthFocusRequest" name="test_focus_depth_validation_min" time="0.002" /><testcase classname="tests.unit.test_web_schemas.TestDepthCurveRequest" name="test_control_point_y_validation_below_min" time="0.003" /><testcase classname="tests.unit.test_web_schemas.TestDepthFocusRequest" name="test_focus_depth_validation_max" time="0.002" /><testcase classname="tests.unit.test_web_utils.TestSupportedContentTypes" name="test_common_extensions_supported" time="0.002" /><testcase classname="tests.unit.test_web_schemas.TestDepthCurveRequest" name="test_control_point_y_validation_above_max" time="0.002" /><testcase classname="tests.unit.test_web_schemas.TestDepthFocusRequest" name="test_focus_depth_validation_below_min" time="0.002" /><testcase classname="tests.unit.test_web_utils.TestSupportedContentTypes" name="test_mime_types_mapping_exists" time="0.002" /><testcase classname="tests.unit.test_web_schemas.TestDepthFocusRequest" name="test_focus_depth_validation_above_max" time="0.002" /><testcase classname="tests.unit.test_web_utils.TestSupportedContentTypes" name="test_mime_types_are_video" time="0.003" /><testcase classname="tests.unit.test_web_utils.TestGetContentType" name="test_mkv_content_type" time="0.002" /><testcase classname="tests.unit.test_web_schemas.TestDepthFocusRequest" name="test_focus_range_validation_min" time="0.002" /><testcase classname="tests.unit.test_web_utils.TestGetContentType" name="test_mp4_content_type" time="0.002" /><testcase classname="tests.unit.test_web_utils.TestGetContentType" name="test_webm_content_type" time="0.002" /><testcase classname="tests.unit.test_web_utils.TestIsSupportedVideoExtension" name="test_supported_extension_with_dot" time="0.002" /><testcase classname="tests.unit.test_web_utils.TestGetContentType" name="test_avi_content_type" time="0.002" /><testcase classname="tests.unit.test_web_utils.TestGetContentType" name="test_unknown_extension" time="0.002" /><testcase classname="tests.unit.test_web_utils.TestIsSupportedVideoExtension" name="test_supported_extension_without_dot" time="0.002" /><testcase classname="tests.unit.test_web_utils.TestGetContentType" name="test_mov_content_type" time="0.002" /><testcase classname="tests.unit.test_web_utils.TestGetContentType" name="test_case_sensitive" time="0.002" /><testcase classname="tests.unit.test_web_utils.TestIsSupportedVideoExtension" name="test_unsupported_extension" time="0.002" /><testcase classname="tests.unit.test_web_utils.TestIsSupportedVideoExtension" name="test_empty_string" time="0.002" /><testcase classname="tests.unit.test_web_utils.TestValidateFileId" name="test_valid_alphanumeric" time="0.003" /><testcase classname="tests.unit.test_web_utils.TestIsSupportedVideoExtension" name="test_uppercase_extension" time="0.002" /><testcase classname="tests.unit.test_web_utils.TestValidateFileId" name="test_valid_uuid" time="0.003" /><testcase classname="tests.unit.test_web_utils.TestValidateFileId" name="test_invalid_path_traversal_dotdot" time="0.002" /><testcase classname="tests.unit.test_web_utils.TestValidateFileId" name="test_valid_with_underscores" time="0.002" /><testcase classname="tests.unit.test_web_utils.TestValidateFileId" name="test_invalid_path_traversal_slash" time="0.002" /><testcase classname="tests.unit.test_web_utils.TestValidateFileId" name="test_valid_uuid_uppercase" time="0.002" /><testcase classname="tests.unit.test_web_utils.TestValidateFileId" name="test_valid_with_hyphens" time="0.002" /><testcase classname="tests.unit.test_web_utils.TestValidateFileId" name="test_invalid_path_traversal_backslash" time="0.002" /><testcase classname="tests.unit.test_web_utils.TestValidateFileId" name="test_invalid_null_byte" time="0.002" /><testcase classname="tests.unit.test_web_utils.TestValidateFileId" name="test_invalid_special_chars" time="0.002" /><testcase classname="tests.unit.test_web_utils.TestSanitizeFilename" name="test_simple_filename" time="0.002" /><testcase classname="tests.unit.test_web_utils.TestValidateFileId" name="test_invalid_empty_string" time="0.002" /><testcase classname="tests.unit.test_web_utils.TestSanitizeFilename" name="test_removes_forward_slash" time="0.002" /><testcase classname="tests.unit.test_web_utils.TestValidateFileId" name="test_invalid_spaces" time="0.003" /><testcase classname="tests.unit.test_web_utils.TestSanitizeFilename" name="test_removes_backslash" time="0.002" /><testcase classname="tests.unit.test_web_utils.TestSanitizeFilename" name="test_removes_dangerous_chars" time="0.002" /><testcase classname="tests.unit.test_web_utils.TestSanitizeFilename" name="test_removes_null_byte" time="0.002" /><testcase classname="tests.unit.test_web_utils.TestSanitizeFilename" name="test_limits_length" time="0.002" /><testcase classname="tests.unit.test_web_utils.TestSanitizeFilename" name="test_preserves_extension_in_length_limit" time="0.002" /><testcase classname="tests.unit.test_web_utils.TestSanitizeFilename" name="test_path_traversal_prevention" time="0.002" /><testcase classname="tests.unit.test_web_utils.TestFindFileById" name="test_find_by_exact_id" time="0.003" /><testcase classname="tests.unit.test_web_utils.TestFindFileById" name="test_find_by_custom_id" time="0.003" /><testcase classname="tests.unit.test_web_utils.TestFindFileById" name="test_find_by_prefix" time="0.004" /><testcase classname="tests.unit.test_web_utils.TestFindFileById" name="test_find_with_extension_filter" time="0.003" /><testcase classname="tests.unit.test_web_utils.TestFindFileById" name="test_not_found" time="0.003" /><testcase classname="tests.unit.test_web_utils.TestFindFileById" name="test_empty_directory" time="0.003" /><testcase classname="tests.unit.test_web_utils.TestFindFileById" name="test_nonexistent_directory" time="0.003" /><testcase classname="tests.unit.test_web_utils.TestFindFileById" name="test_ignores_directories" time="0.003" /><testcase classname="tests.verification.test_batch_queue" name="test_batch_job_creation" time="0.002" /><testcase classname="tests.unit.test_web_utils.TestFindFileById" name="test_extension_filter_excludes" time="0.003" /><testcase classname="tests.verification.test_batch_queue" name="test_batch_job_lifecycle" time="0.002" /><testcase classname="tests.verification.test_batch_queue" name="test_batch_job_retry" time="0.002" /><testcase classname="tests.verification.test_batch_queue" name="test_batch_job_serialization" time="0.003" /><testcase classname="tests.verification.test_batch_queue" name="test_file_discovery" time="0.004" /><testcase classname="tests.verification.test_batch_queue" name="test_batch_queue_config" time="0.002" /><testcase classname="tests.verification.test_batch_queue" name="test_batch_video_queue" time="0.512" /><testcase classname="tests.verification.test_batch_queue" name="test_batch_queue_skip_existing" time="0.003" /><testcase classname="tests.integration.test_api_crash.TestClearAllCrashReports" name="test_clear_all_when_empty" time="0.513" /><testcase classname="tests.integration.test_api_crash.TestCrashReportWithoutReporter" name="test_list_without_reporter" time="0.513" /><testcase classname="tests.integration.test_api_crash.TestCrashReportWithoutReporter" name="test_get_without_reporter" time="0.513" /><testcase classname="tests.integration.test_api_crash.TestCrashReportWithoutReporter" name="test_create_without_reporter" time="0.513" /><testcase classname="tests.integration.test_api_crash.TestCrashAPIOpenAPI" name="test_crash_endpoints_in_openapi" time="0.454" /><testcase classname="tests.integration.test_api_crash.TestCrashAPIOpenAPI" name="test_crash_endpoints_have_tag" time="0.452" /><testcase classname="tests.integration.test_api_crash.TestCrashAPIOpenAPI" name="test_crash_endpoints_have_descriptions" time="0.451" /><testcase classname="tests.integration.test_api_downloads.TestDownloadFile" name="test_download_file_success" time="0.023" /><testcase classname="tests.integration.test_api_downloads.TestDownloadFile" name="test_download_file_avi" time="0.018" /><testcase classname="tests.integration.test_api_downloads.TestDownloadFile" name="test_download_file_mov" time="0.016" /><testcase classname="tests.integration.test_api_downloads.TestDownloadFile" name="test_download_file_mkv" time="0.015" /><testcase classname="tests.integration.test_api_downloads.TestDownloadFile" name="test_download_file_webm" time="0.015" /><testcase classname="tests.integration.test_api_downloads.TestDownloadFile" name="test_download_file_not_found" time="0.014" /><testcase classname="tests.integration.test_api_downloads.TestDownloadFile" name="test_download_file_invalid_id" time="0.015" /><testcase classname="tests.integration.test_api_downloads.TestDownloadFile" name="test_download_file_by_prefix" time="0.016" /><testcase classname="tests.integration.test_api_downloads.TestGetDownloadInfo" name="test_get_download_info_success" time="0.014" /><testcase classname="tests.integration.test_api_downloads.TestGetDownloadInfo" name="test_get_download_info_not_found" time="0.015" /><testcase classname="tests.integration.test_api_downloads.TestGetDownloadInfo" name="test_get_download_info_invalid_id" time="0.014" /><testcase classname="tests.integration.test_api_downloads.TestListDownloads" name="test_list_downloads_empty" time="0.018" /><testcase classname="tests.integration.test_api_downloads.TestListDownloads" name="test_list_downloads_with_files" time="0.014" /><testcase classname="tests.integration.test_api_downloads.TestListDownloads" name="test_list_downloads_excludes_non_video" time="0.014" /><testcase classname="tests.integration.test_api_downloads.TestListDownloads" name="test_list_downloads_sorted_by_time" time="0.046" /><testcase classname="tests.integration.test_api_downloads.TestDeleteDownload" name="test_delete_download_success" time="0.016" /><testcase classname="tests.integration.test_api_downloads.TestDeleteDownload" name="test_delete_download_not_found" time="0.015" /><testcase classname="tests.integration.test_api_downloads.TestDeleteDownload" name="test_delete_download_invalid_id" time="0.015" /><testcase classname="tests.integration.test_api_downloads.TestDownloadSecurity" name="test_path_traversal_prevented" time="0.015" /><testcase classname="tests.integration.test_api_downloads.TestDownloadSecurity" name="test_cannot_access_upload_directory" time="0.016" /><testcase classname="tests.integration.test_api_health.TestHealthEndpoint" name="test_health_endpoint_returns_200" time="0.510" /><testcase classname="tests.integration.test_api_health.TestHealthEndpoint" name="test_health_endpoint_response_schema" time="0.511" /><testcase classname="tests.integration.test_api_health.TestHealthEndpoint" name="test_health_endpoint_status_values" time="0.511" /><testcase classname="tests.integration.test_api_health.TestHealthEndpoint" name="test_health_endpoint_version_format" time="0.511" /><testcase classname="tests.integration.test_api_health.TestHealthEndpoint" name="test_health_endpoint_uptime_positive" time="0.512" /><testcase classname="tests.integration.test_api_health.TestHealthDetailedEndpoint" name="test_health_detailed_returns_200" time="0.512" /><testcase classname="tests.integration.test_api_health.TestHealthDetailedEndpoint" name="test_health_detailed_response_schema" time="0.512" /><testcase classname="tests.integration.test_api_health.TestHealthDetailedEndpoint" name="test_health_detailed_gpu_structure" time="0.511" /><testcase classname="tests.integration.test_api_health.TestHealthDetailedEndpoint" name="test_health_detailed_memory_structure" time="0.512" /><testcase classname="tests.integration.test_api_health.TestHealthDetailedEndpoint" name="test_health_detailed_queue_structure" time="0.511" /><testcase classname="tests.integration.test_api_health.TestHealthDetailedEndpoint" name="test_health_detailed_status_values" time="0.512" /><testcase classname="tests.integration.test_api_health.TestHealthDetailedEndpoint" name="test_health_detailed_checks_structure" time="0.512" /><testcase classname="tests.integration.test_api_health.TestHealthDetailedEndpoint" name="test_health_detailed_timestamp_iso_format" time="0.511" /><testcase classname="tests.integration.test_api_health.TestHealthDetailedEndpoint" name="test_health_detailed_queue_stats_consistency" time="0.511" /><testcase classname="tests.integration.test_api_health.TestHealthEndpointsWithGPU" name="test_health_detailed_with_gpu" time="0.512" /><testcase classname="tests.integration.test_api_health.TestHealthEndpointsWithGPU" name="test_health_endpoint_with_gpu_available" time="0.511" /><testcase classname="tests.integration.test_api_health.TestHealthEndpointWithoutQueue" name="test_health_detailed_without_queue" time="0.515" /><testcase classname="tests.integration.test_api_health.TestHealthEndpointWithoutQueue" name="test_health_endpoint_without_queue" time="0.512" /><testcase classname="tests.integration.test_api_health.TestHealthEndpointOpenAPI" name="test_health_endpoint_in_openapi" time="0.454" /><testcase classname="tests.integration.test_api_health.TestHealthEndpointOpenAPI" name="test_health_detailed_endpoint_in_openapi" time="0.447" /><testcase classname="tests.integration.test_api_health.TestHealthEndpointOpenAPI" name="test_health_endpoints_have_health_tag" time="0.444" /><testcase classname="tests.integration.test_api_jobs.TestSubmitJob" name="test_submit_job_success" time="0.035" /><testcase classname="tests.integration.test_api_jobs.TestSubmitJob" name="test_submit_job_with_config" time="0.030" /><testcase classname="tests.integration.test_api_jobs.TestSubmitJob" name="test_submit_job_file_not_found" time="0.029" /><testcase classname="tests.integration.test_api_jobs.TestSubmitJob" name="test_submit_job_queue_not_running" time="0.027" /><testcase classname="tests.integration.test_api_jobs.TestSubmitJob" name="test_submit_job_invalid_file_id" time="0.028" /><testcase classname="tests.integration.test_api_jobs.TestSubmitBatchJobs" name="test_submit_batch_success" time="0.036" /><testcase classname="tests.integration.test_api_jobs.TestGetJob" name="test_get_job_success" time="0.029" /><testcase classname="tests.integration.test_api_jobs.TestGetJob" name="test_get_job_not_found" time="0.028" /><testcase classname="tests.integration.test_api_jobs.TestListJobs" name="test_list_jobs_empty" time="0.030" /><testcase classname="tests.integration.test_api_jobs.TestListJobs" name="test_list_jobs_with_jobs" time="0.031" /><testcase classname="tests.integration.test_api_jobs.TestListJobs" name="test_list_jobs_pagination" time="0.031" /><testcase classname="tests.integration.test_api_jobs.TestListJobs" name="test_list_jobs_filter_by_status" time="0.029" /><testcase classname="tests.integration.test_api_jobs.TestCancelJob" name="test_cancel_job_success" time="0.032" /><testcase classname="tests.integration.test_api_jobs.TestCancelJob" name="test_cancel_job_not_found" time="0.028" /><testcase classname="tests.integration.test_api_jobs.TestCancelJob" name="test_cancel_completed_job" time="0.029" /><testcase classname="tests.integration.test_api_jobs.TestRetryJob" name="test_retry_job_success" time="0.034" /><testcase classname="tests.integration.test_api_jobs.TestRetryJob" name="test_retry_job_not_found" time="0.028" /><testcase classname="tests.integration.test_api_jobs.TestRetryJob" name="test_retry_non_retryable_job" time="0.030" /><testcase classname="tests.integration.test_api_jobs.TestRemoveJob" name="test_remove_job_success" time="0.030" /><testcase classname="tests.integration.test_api_jobs.TestRemoveJob" name="test_remove_running_job_fails" time="0.029" /><testcase classname="tests.integration.test_api_jobs.TestQueueStats" name="test_get_queue_stats" time="0.032" /><testcase classname="tests.integration.test_api_jobs.TestQueueStats" name="test_get_queue_stats_empty_queue" time="0.026" /><testcase classname="tests.integration.test_api_jobs.TestSubmitJobWithDepthFocus" name="test_submit_job_with_depth_focus_enabled" time="0.030" /><testcase classname="tests.integration.test_api_jobs.TestSubmitJobWithDepthFocus" name="test_submit_job_with_depth_focus_disabled" time="0.031" /><testcase classname="tests.integration.test_api_jobs.TestSubmitJobWithDepthFocus" name="test_submit_job_with_depth_focus_boundary_values" time="0.030" /><testcase classname="tests.integration.test_api_jobs.TestSubmitJobWithDepthFocus" name="test_submit_job_with_invalid_depth_focus_depth" time="0.031" /><testcase classname="tests.integration.test_api_jobs.TestSubmitJobWithDepthFocus" name="test_submit_job_with_invalid_depth_focus_range" time="0.027" /><testcase classname="tests.integration.test_api_jobs.TestSubmitJobWithDepthCurve" name="test_submit_job_with_depth_curve_preset" time="0.030" /><testcase classname="tests.integration.test_api_jobs.TestSubmitJobWithDepthCurve" name="test_submit_job_with_depth_curve_custom_points" time="0.031" /><testcase classname="tests.integration.test_api_jobs.TestSubmitJobWithDepthCurve" name="test_submit_job_with_both_depth_focus_and_curve" time="0.030" /><testcase classname="tests.integration.test_api_jobs.TestSubmitJobWithDepthCurve" name="test_submit_job_depth_focus_passed_to_job_config" time="0.034" /><testcase classname="tests.integration.test_api_jobs.TestSubmitJobWithDepthCurve" name="test_submit_job_both_depth_configs_preserved" time="0.030" /><testcase classname="tests.integration.test_api_notifications.TestListNotifications" name="test_list_empty" time="0.022" /><testcase classname="tests.integration.test_api_notifications.TestListNotifications" name="test_list_with_notifications" time="0.020" /><testcase classname="tests.integration.test_api_notifications.TestListNotifications" name="test_list_pagination" time="0.050" /><testcase classname="tests.integration.test_api_notifications.TestListNotifications" name="test_list_filter_by_type" time="0.020" /><testcase classname="tests.integration.test_api_notifications.TestListNotifications" name="test_list_filter_by_job_id" time="0.024" /><testcase classname="tests.integration.test_api_notifications.TestListNotifications" name="test_list_exclude_read" time="0.022" /><testcase classname="tests.integration.test_api_notifications.TestGetNotificationCounts" name="test_counts_empty" time="0.019" /><testcase classname="tests.integration.test_api_notifications.TestGetNotificationCounts" name="test_counts_with_notifications" time="0.022" /><testcase classname="tests.integration.test_api_notifications.TestGetNotification" name="test_get_notification" time="0.021" /><testcase classname="tests.integration.test_api_notifications.TestGetNotification" name="test_get_notification_not_found" time="0.018" /><testcase classname="tests.integration.test_api_notifications.TestMarkNotificationsAsRead" name="test_mark_as_read" time="0.021" /><testcase classname="tests.integration.test_api_notifications.TestMarkNotificationsAsRead" name="test_mark_as_read_empty_list" time="0.020" /><testcase classname="tests.integration.test_api_notifications.TestMarkAllAsRead" name="test_mark_all_as_read" time="0.027" /><testcase classname="tests.integration.test_api_notifications.TestMarkAllAsRead" name="test_mark_all_as_read_when_empty" time="0.018" /><testcase classname="tests.integration.test_api_notifications.TestDismissNotifications" name="test_dismiss" time="0.022" /><testcase classname="tests.integration.test_api_notifications.TestDismissNotifications" name="test_dismiss_multiple" time="0.023" /><testcase classname="tests.integration.test_api_notifications.TestDeleteNotification" name="test_delete_notification" time="0.020" /><testcase classname="tests.integration.test_api_notifications.TestDeleteNotification" name="test_delete_notification_not_found" time="0.020" /><testcase classname="tests.integration.test_api_notifications.TestClearAllNotifications" name="test_clear_all" time="0.022" /><testcase classname="tests.integration.test_api_notifications.TestWebhookManagement" name="test_add_webhook" time="0.025" /><testcase classname="tests.integration.test_api_notifications.TestWebhookManagement" name="test_list_webhooks" time="0.019" /><testcase classname="tests.integration.test_api_notifications.TestWebhookManagement" name="test_remove_webhook" time="0.019" /><testcase classname="tests.integration.test_api_notifications.TestWebhookManagement" name="test_remove_webhook_not_found" time="0.018" /><testcase classname="tests.integration.test_api_notifications.TestNotificationResponseFormat" name="test_response_includes_all_fields" time="0.064" /><testcase classname="tests.integration.test_api_rate_limiting.TestRateLimitingIntegration" name="test_rate_limiting_enabled_on_health_endpoint" time="0.010" /><testcase classname="tests.integration.test_api_rate_limiting.TestRateLimitingIntegration" name="test_rate_limiting_returns_429_after_exceeding_limit" time="0.024" /><testcase classname="tests.integration.test_api_rate_limiting.TestRateLimitingIntegration" name="test_rate_limit_response_format" time="0.026" /><testcase classname="tests.integration.test_api_rate_limiting.TestRateLimitingIntegration" name="test_rate_limit_headers_present" time="0.010" /><testcase classname="tests.integration.test_api_rate_limiting.TestRateLimitingDisabled" name="test_no_rate_limiting_when_disabled" time="0.004" /><testcase classname="tests.integration.test_api_rate_limiting.TestRateLimitingDisabled" name="test_multiple_requests_allowed_when_disabled" time="0.248" /><testcase classname="tests.integration.test_api_rate_limiting.TestRateLimitingWithWhitelist" name="test_whitelisted_ip_bypasses_rate_limit" time="0.004" /><testcase classname="tests.integration.test_api_rate_limiting.TestRateLimitingWithWhitelist" name="test_non_whitelisted_ip_is_rate_limited" time="0.004" /><testcase classname="tests.integration.test_api_rate_limiting.TestRateLimitingSlowapiUnavailable" name="test_returns_none_when_slowapi_not_installed" time="0.004" /><testcase classname="tests.integration.test_api_rate_limiting.TestSetupRateLimiting" name="test_setup_sets_limiter_on_app_state" time="0.003" /><testcase classname="tests.integration.test_api_rate_limiting.TestSetupRateLimiting" name="test_setup_returns_none_when_limiter_creation_fails" time="0.002" /><testcase classname="tests.integration.test_api_rate_limiting.TestSetupRateLimiting" name="test_setup_adds_middleware_when_available" time="0.003" /><testcase classname="tests.integration.test_api_thumbnails.TestGetThumbnailGrid" name="test_get_thumbnail_grid_success" time="0.033" /><testcase classname="tests.integration.test_api_thumbnails.TestGetThumbnailGrid" name="test_get_thumbnail_grid_with_count" time="0.030" /><testcase classname="tests.integration.test_api_thumbnails.TestGetThumbnailGrid" name="test_get_thumbnail_grid_with_frame_range" time="0.028" /><testcase classname="tests.integration.test_api_thumbnails.TestGetThumbnailGrid" name="test_get_thumbnail_grid_even_distribution" time="0.034" /><testcase classname="tests.integration.test_api_thumbnails.TestGetThumbnailGrid" name="test_get_thumbnail_grid_returns_correct_urls" time="0.029" /><testcase classname="tests.integration.test_api_thumbnails.TestGetThumbnailGrid" name="test_get_thumbnail_grid_calculates_timestamps" time="0.031" /><testcase classname="tests.integration.test_api_thumbnails.TestGetThumbnailGrid" name="test_get_thumbnail_grid_job_not_found" time="0.031" /><testcase classname="tests.integration.test_api_thumbnails.TestGetThumbnailGrid" name="test_get_thumbnail_grid_queue_not_running" time="0.027" /><testcase classname="tests.integration.test_api_thumbnails.TestGetThumbnailGrid" name="test_get_thumbnail_grid_count_validation_min" time="0.033" /><testcase classname="tests.integration.test_api_thumbnails.TestGetThumbnailGrid" name="test_get_thumbnail_grid_count_validation_max" time="0.030" /><testcase classname="tests.integration.test_api_thumbnails.TestGetThumbnailGrid" name="test_get_thumbnail_grid_start_frame_validation" time="0.028" /><testcase classname="tests.integration.test_api_thumbnails.TestGetThumbnailGrid" name="test_get_thumbnail_grid_end_frame_validation" time="0.031" /><testcase classname="tests.integration.test_api_thumbnails.TestGetThumbnailGridEdgeCases" name="test_empty_job_zero_frames" time="0.029" /><testcase classname="tests.integration.test_api_thumbnails.TestGetThumbnailGridEdgeCases" name="test_single_frame_job" time="0.032" /><testcase classname="tests.integration.test_api_thumbnails.TestGetThumbnailGridEdgeCases" name="test_frames_less_than_count" time="0.030" /><testcase classname="tests.integration.test_api_thumbnails.TestGetThumbnailGridEdgeCases" name="test_invalid_frame_range" time="0.030" /><testcase classname="tests.integration.test_api_thumbnails.TestGetThumbnailGridEdgeCases" name="test_same_start_and_end_frame" time="0.031" /><testcase classname="tests.integration.test_api_thumbnails.TestGetThumbnailGridEdgeCases" name="test_job_without_fps_attribute" time="0.030" /><testcase classname="tests.integration.test_api_thumbnails.TestGetThumbnailGridEdgeCases" name="test_job_without_total_frames_attribute" time="0.035" /><testcase classname="tests.integration.test_api_thumbnails.TestGetThumbnailGridEdgeCases" name="test_default_count_parameter" time="0.031" /><testcase classname="tests.integration.test_api_thumbnails.TestGetThumbnailGridEdgeCases" name="test_various_fps_values" time="0.047" /><testcase classname="tests.integration.test_api_thumbnails.TestGetThumbnailGridEdgeCases" name="test_large_frame_count" time="0.030" /><testcase classname="tests.integration.test_api_thumbnails.TestThumbnailGridResponseStructure" name="test_response_has_required_fields" time="0.029" /><testcase classname="tests.integration.test_api_thumbnails.TestThumbnailGridResponseStructure" name="test_thumbnail_has_required_fields" time="0.030" /><testcase classname="tests.integration.test_api_thumbnails.TestThumbnailGridResponseStructure" name="test_frame_index_is_integer" time="0.029" /><testcase classname="tests.integration.test_api_thumbnails.TestThumbnailGridResponseStructure" name="test_timestamp_is_number" time="0.030" /><testcase classname="tests.integration.test_api_uploads.TestUploadFile" name="test_upload_mp4_file" time="0.021" /><testcase classname="tests.integration.test_api_uploads.TestUploadFile" name="test_upload_avi_file" time="0.019" /><testcase classname="tests.integration.test_api_uploads.TestUploadFile" name="test_upload_mov_file" time="0.017" /><testcase classname="tests.integration.test_api_uploads.TestUploadFile" name="test_upload_mkv_file" time="0.018" /><testcase classname="tests.integration.test_api_uploads.TestUploadFile" name="test_upload_webm_file" time="0.018" /><testcase classname="tests.integration.test_api_uploads.TestUploadFile" name="test_upload_unsupported_format" time="0.016" /><testcase classname="tests.integration.test_api_uploads.TestUploadFile" name="test_upload_file_too_large" time="0.018" /><testcase classname="tests.integration.test_api_uploads.TestUploadFile" name="test_upload_generates_unique_id" time="0.021" /><testcase classname="tests.integration.test_api_uploads.TestGetFileInfo" name="test_get_file_info_success" time="0.020" /><testcase classname="tests.integration.test_api_uploads.TestGetFileInfo" name="test_get_file_info_not_found" time="0.020" /><testcase classname="tests.integration.test_api_uploads.TestGetFileInfo" name="test_get_file_info_invalid_id" time="0.016" /><testcase classname="tests.integration.test_api_uploads.TestDeleteFile" name="test_delete_file_success" time="0.020" /><testcase classname="tests.integration.test_api_uploads.TestDeleteFile" name="test_delete_file_not_found" time="0.016" /><testcase classname="tests.integration.test_api_uploads.TestDeleteFile" name="test_delete_file_invalid_id" time="0.019" /></testsuite></testsuites>